>>> info

Compiler Full Name: arm-none-eabi-gcc.exe (Arm GNU Toolchain 14.3.Rel1 (Build arm-14.174)) 14.3.1 20250623
Compiler Version: 14.3.1
Builder Mode: Incremental
The amount of C files: 1
The amount of C++ files: 0
The amount of Asm files: 0

>>> prebuild



>>> cc

./Core/Src/my_task.c: In function 'test_lift':
./Core/Src/my_task.c:158:14: warning: format '%d' expects argument of type 'int', but argument 2 has type 'double' [-Wformat=]
  158 |     printf("%d,%d\r\n",scara.current_th1,scara.current_th2);
      |             ~^         ~~~~~~~~~~~~~~~~~
      |              |              |
      |              int            double
      |             %f
./Core/Src/my_task.c:158:17: warning: format '%d' expects argument of type 'int', but argument 3 has type 'double' [-Wformat=]
  158 |     printf("%d,%d\r\n",scara.current_th1,scara.current_th2);
      |                ~^                        ~~~~~~~~~~~~~~~~~
      |                 |                             |
      |                 int                           double
      |                %f
In file included from Core/APP/app.h:6,
                 from Core/Inc/my_task.h:16,
                 from ./Core/Src/my_task.c:1:
Core/APP/scara.h: At top level:
Core/APP/scara.h:25:17: warning: 'SCARA_TIME_BEAN' defined but not used [-Wunused-variable]
   25 | static uint32_t SCARA_TIME_BEAN[3] = {500,900,900};
      |                 ^~~~~~~~~~~~~~~
Core/APP/scara.h:24:14: warning: 'SCARA_HEIGHT_BEAN' defined but not used [-Wunused-variable]
   24 | static float SCARA_HEIGHT_BEAN[3] = {SCARA_HEIGHT_MIN-100, SCARA_HEIGHT_MIN-150, SCARA_HEIGHT_MIN-50}; //对应第一，第二，第三次抓取的高度
      |              ^~~~~~~~~~~~~~~~~

>>> ld

C:/Users/Ganbo/.eide/tools/gcc_arm/bin/../lib/gcc/arm-none-eabi/14.3.1/../../../../arm-none-eabi/bin/ld.exe: warning: ./build/Debug/lifting.elf has a LOAD segment with RWX permissions
Memory region         Used Size  Region Size  %age Used
             RAM:       23280 B       192 KB     11.84%
          CCMRAM:           0 B        64 KB      0.00%
           FLASH:       55988 B         2 MB      2.67%


>>> postbuild

