Archive member included to satisfy reference by file (symbol)

C:/Users/Ganbo/.eide/tools/gcc_arm/bin/../lib/gcc/arm-none-eabi/14.3.1/../../../../arm-none-eabi/lib/thumb/v7e-m+fp/softfp\libm.a(libm_a-w_fmod.o)
                              ./build/Debug/.obj/Core/APP/car.o (fmod)
C:/Users/Ganbo/.eide/tools/gcc_arm/bin/../lib/gcc/arm-none-eabi/14.3.1/../../../../arm-none-eabi/lib/thumb/v7e-m+fp/softfp\libm.a(libm_a-wf_atan2.o)
                              ./build/Debug/.obj/Core/APP/scara.o (atan2f)
C:/Users/Ganbo/.eide/tools/gcc_arm/bin/../lib/gcc/arm-none-eabi/14.3.1/../../../../arm-none-eabi/lib/thumb/v7e-m+fp/softfp\libm.a(libm_a-wf_sqrt.o)
                              ./build/Debug/.obj/Core/APP/scara.o (sqrtf)
C:/Users/Ganbo/.eide/tools/gcc_arm/bin/../lib/gcc/arm-none-eabi/14.3.1/../../../../arm-none-eabi/lib/thumb/v7e-m+fp/softfp\libm.a(libm_a-sf_cos.o)
                              ./build/Debug/.obj/Core/APP/car.o (cosf)
C:/Users/Ganbo/.eide/tools/gcc_arm/bin/../lib/gcc/arm-none-eabi/14.3.1/../../../../arm-none-eabi/lib/thumb/v7e-m+fp/softfp\libm.a(libm_a-sf_sin.o)
                              ./build/Debug/.obj/Core/APP/car.o (sinf)
C:/Users/Ganbo/.eide/tools/gcc_arm/bin/../lib/gcc/arm-none-eabi/14.3.1/../../../../arm-none-eabi/lib/thumb/v7e-m+fp/softfp\libm.a(libm_a-sf_fmax.o)
                              ./build/Debug/.obj/Core/APP/lift.o (fmaxf)
C:/Users/Ganbo/.eide/tools/gcc_arm/bin/../lib/gcc/arm-none-eabi/14.3.1/../../../../arm-none-eabi/lib/thumb/v7e-m+fp/softfp\libm.a(libm_a-sf_fmin.o)
                              ./build/Debug/.obj/Core/APP/lift.o (fminf)
C:/Users/Ganbo/.eide/tools/gcc_arm/bin/../lib/gcc/arm-none-eabi/14.3.1/../../../../arm-none-eabi/lib/thumb/v7e-m+fp/softfp\libm.a(libm_a-sf_fpclassify.o)
                              C:/Users/Ganbo/.eide/tools/gcc_arm/bin/../lib/gcc/arm-none-eabi/14.3.1/../../../../arm-none-eabi/lib/thumb/v7e-m+fp/softfp\libm.a(libm_a-sf_fmax.o) (__fpclassifyf)
C:/Users/Ganbo/.eide/tools/gcc_arm/bin/../lib/gcc/arm-none-eabi/14.3.1/../../../../arm-none-eabi/lib/thumb/v7e-m+fp/softfp\libm.a(libm_a-ef_sqrt.o)
                              C:/Users/Ganbo/.eide/tools/gcc_arm/bin/../lib/gcc/arm-none-eabi/14.3.1/../../../../arm-none-eabi/lib/thumb/v7e-m+fp/softfp\libm.a(libm_a-wf_sqrt.o) (__ieee754_sqrtf)
C:/Users/Ganbo/.eide/tools/gcc_arm/bin/../lib/gcc/arm-none-eabi/14.3.1/../../../../arm-none-eabi/lib/thumb/v7e-m+fp/softfp\libm.a(libm_a-e_fmod.o)
                              C:/Users/Ganbo/.eide/tools/gcc_arm/bin/../lib/gcc/arm-none-eabi/14.3.1/../../../../arm-none-eabi/lib/thumb/v7e-m+fp/softfp\libm.a(libm_a-w_fmod.o) (__ieee754_fmod)
C:/Users/Ganbo/.eide/tools/gcc_arm/bin/../lib/gcc/arm-none-eabi/14.3.1/../../../../arm-none-eabi/lib/thumb/v7e-m+fp/softfp\libm.a(libm_a-kf_cos.o)
                              C:/Users/Ganbo/.eide/tools/gcc_arm/bin/../lib/gcc/arm-none-eabi/14.3.1/../../../../arm-none-eabi/lib/thumb/v7e-m+fp/softfp\libm.a(libm_a-sf_cos.o) (__kernel_cosf)
C:/Users/Ganbo/.eide/tools/gcc_arm/bin/../lib/gcc/arm-none-eabi/14.3.1/../../../../arm-none-eabi/lib/thumb/v7e-m+fp/softfp\libm.a(libm_a-kf_sin.o)
                              C:/Users/Ganbo/.eide/tools/gcc_arm/bin/../lib/gcc/arm-none-eabi/14.3.1/../../../../arm-none-eabi/lib/thumb/v7e-m+fp/softfp\libm.a(libm_a-sf_cos.o) (__kernel_sinf)
C:/Users/Ganbo/.eide/tools/gcc_arm/bin/../lib/gcc/arm-none-eabi/14.3.1/../../../../arm-none-eabi/lib/thumb/v7e-m+fp/softfp\libm.a(libm_a-ef_atan2.o)
                              C:/Users/Ganbo/.eide/tools/gcc_arm/bin/../lib/gcc/arm-none-eabi/14.3.1/../../../../arm-none-eabi/lib/thumb/v7e-m+fp/softfp\libm.a(libm_a-wf_atan2.o) (__ieee754_atan2f)
C:/Users/Ganbo/.eide/tools/gcc_arm/bin/../lib/gcc/arm-none-eabi/14.3.1/../../../../arm-none-eabi/lib/thumb/v7e-m+fp/softfp\libm.a(libm_a-ef_rem_pio2.o)
                              C:/Users/Ganbo/.eide/tools/gcc_arm/bin/../lib/gcc/arm-none-eabi/14.3.1/../../../../arm-none-eabi/lib/thumb/v7e-m+fp/softfp\libm.a(libm_a-sf_cos.o) (__ieee754_rem_pio2f)
C:/Users/Ganbo/.eide/tools/gcc_arm/bin/../lib/gcc/arm-none-eabi/14.3.1/../../../../arm-none-eabi/lib/thumb/v7e-m+fp/softfp\libm.a(libm_a-sf_atan.o)
                              C:/Users/Ganbo/.eide/tools/gcc_arm/bin/../lib/gcc/arm-none-eabi/14.3.1/../../../../arm-none-eabi/lib/thumb/v7e-m+fp/softfp\libm.a(libm_a-ef_atan2.o) (atanf)
C:/Users/Ganbo/.eide/tools/gcc_arm/bin/../lib/gcc/arm-none-eabi/14.3.1/../../../../arm-none-eabi/lib/thumb/v7e-m+fp/softfp\libm.a(libm_a-sf_fabs.o)
                              C:/Users/Ganbo/.eide/tools/gcc_arm/bin/../lib/gcc/arm-none-eabi/14.3.1/../../../../arm-none-eabi/lib/thumb/v7e-m+fp/softfp\libm.a(libm_a-ef_atan2.o) (fabsf)
C:/Users/Ganbo/.eide/tools/gcc_arm/bin/../lib/gcc/arm-none-eabi/14.3.1/../../../../arm-none-eabi/lib/thumb/v7e-m+fp/softfp\libm.a(libm_a-kf_rem_pio2.o)
[...]
Memory Configuration

Name             Origin             Length             Attributes
RAM              0x20000000         0x00030000         xrw
CCMRAM           0x10000000         0x00010000         xrw
FLASH            0x08000000         0x00200000         xr
*default*        0x00000000         0xffffffff

Linker script and memory map

LOAD C:/Users/Ganbo/.eide/tools/gcc_arm/bin/../lib/gcc/arm-none-eabi/14.3.1/thumb/v7e-m+fp/softfp/crti.o
LOAD C:/Users/Ganbo/.eide/tools/gcc_arm/bin/../lib/gcc/arm-none-eabi/14.3.1/thumb/v7e-m+fp/softfp/crtbegin.o
LOAD C:/Users/Ganbo/.eide/tools/gcc_arm/bin/../lib/gcc/arm-none-eabi/14.3.1/../../../../arm-none-eabi/lib/thumb/v7e-m+fp/softfp/crt0.o
LOAD ./build/Debug/.obj/Core/APP/app.o
LOAD ./build/Debug/.obj/Core/APP/car.o
LOAD ./build/Debug/.obj/Core/APP/lift.o
LOAD ./build/Debug/.obj/Core/APP/raspi.o
LOAD ./build/Debug/.obj/Core/APP/scara.o
LOAD ./build/Debug/.obj/Core/BSP/MI_motor_dev.o
LOAD ./build/Debug/.obj/Core/BSP/bsp.o
LOAD ./build/Debug/.obj/Core/BSP/filter.o
LOAD ./build/Debug/.obj/Core/BSP/pid.o
LOAD ./build/Debug/.obj/Core/Src/can.o
LOAD ./build/Debug/.obj/Core/Src/dma.o
LOAD ./build/Debug/.obj/Core/Src/freertos.o
LOAD ./build/Debug/.obj/Core/Src/gpio.o
LOAD ./build/Debug/.obj/Core/Src/main.o
LOAD ./build/Debug/.obj/Core/Src/my_task.o
LOAD ./build/Debug/.obj/Core/Src/stm32f4xx_hal_msp.o
LOAD ./build/Debug/.obj/Core/Src/stm32f4xx_hal_timebase_tim.o
LOAD ./build/Debug/.obj/Core/Src/stm32f4xx_it.o
LOAD ./build/Debug/.obj/Core/Src/syscalls.o
LOAD ./build/Debug/.obj/Core/Src/sysmem.o
LOAD ./build/Debug/.obj/Core/Src/system_stm32f4xx.o
LOAD ./build/Debug/.obj/Core/Src/tim.o
LOAD ./build/Debug/.obj/Core/Src/usart.o
LOAD ./build/Debug/.obj/Drivers/STM32F4xx_HAL_Driver/Src/stm32f4xx_hal.o
LOAD ./build/Debug/.obj/Drivers/STM32F4xx_HAL_Driver/Src/stm32f4xx_hal_can.o
LOAD ./build/Debug/.obj/Drivers/STM32F4xx_HAL_Driver/Src/stm32f4xx_hal_cortex.o
LOAD ./build/Debug/.obj/Drivers/STM32F4xx_HAL_Driver/Src/stm32f4xx_hal_dma.o
LOAD ./build/Debug/.obj/Drivers/STM32F4xx_HAL_Driver/Src/stm32f4xx_hal_dma_ex.o
LOAD ./build/Debug/.obj/Drivers/STM32F4xx_HAL_Driver/Src/stm32f4xx_hal_exti.o
LOAD ./build/Debug/.obj/Drivers/STM32F4xx_HAL_Driver/Src/stm32f4xx_hal_flash.o
LOAD ./build/Debug/.obj/Drivers/STM32F4xx_HAL_Driver/Src/stm32f4xx_hal_flash_ex.o
LOAD ./build/Debug/.obj/Drivers/STM32F4xx_HAL_Driver/Src/stm32f4xx_hal_flash_ramfunc.o
LOAD ./build/Debug/.obj/Drivers/STM32F4xx_HAL_Driver/Src/stm32f4xx_hal_gpio.o
LOAD ./build/Debug/.obj/Drivers/STM32F4xx_HAL_Driver/Src/stm32f4xx_hal_pwr.o
LOAD ./build/Debug/.obj/Drivers/STM32F4xx_HAL_Driver/Src/stm32f4xx_hal_pwr_ex.o
LOAD ./build/Debug/.obj/Drivers/STM32F4xx_HAL_Driver/Src/stm32f4xx_hal_rcc.o
LOAD ./build/Debug/.obj/Drivers/STM32F4xx_HAL_Driver/Src/stm32f4xx_hal_rcc_ex.o
LOAD ./build/Debug/.obj/Drivers/STM32F4xx_HAL_Driver/Src/stm32f4xx_hal_tim.o
LOAD ./build/Debug/.obj/Drivers/STM32F4xx_HAL_Driver/Src/stm32f4xx_hal_tim_ex.o
LOAD ./build/Debug/.obj/Drivers/STM32F4xx_HAL_Driver/Src/stm32f4xx_hal_uart.o
LOAD ./build/Debug/.obj/Middlewares/Third_Party/FreeRTOS/Source/CMSIS_RTOS_V2/cmsis_os2.o
LOAD ./build/Debug/.obj/Middlewares/Third_Party/FreeRTOS/Source/croutine.o
LOAD ./build/Debug/.obj/Middlewares/Third_Party/FreeRTOS/Source/event_groups.o
LOAD ./build/Debug/.obj/Middlewares/Third_Party/FreeRTOS/Source/list.o
LOAD ./build/Debug/.obj/Middlewares/Third_Party/FreeRTOS/Source/portable/GCC/ARM_CM4F/port.o
LOAD ./build/Debug/.obj/Middlewares/Third_Party/FreeRTOS/Source/portable/MemMang/heap_4.o
LOAD ./build/Debug/.obj/Middlewares/Third_Party/FreeRTOS/Source/queue.o
LOAD ./build/Debug/.obj/Middlewares/Third_Party/FreeRTOS/Source/stream_buffer.o
LOAD ./build/Debug/.obj/Middlewares/Third_Party/FreeRTOS/Source/tasks.o
LOAD ./build/Debug/.obj/Middlewares/Third_Party/FreeRTOS/Source/timers.o
LOAD ./build/Debug/.obj/startup_stm32f427xx.o
LOAD C:/Users/Ganbo/.eide/tools/gcc_arm/bin/../lib/gcc/arm-none-eabi/14.3.1/../../../../arm-none-eabi/lib/thumb/v7e-m+fp/softfp\libm.a
START GROUP
LOAD C:/Users/Ganbo/.eide/tools/gcc_arm/bin/../lib/gcc/arm-none-eabi/14.3.1/thumb/v7e-m+fp/softfp\libgcc.a
LOAD C:/Users/Ganbo/.eide/tools/gcc_arm/bin/../lib/gcc/arm-none-eabi/14.3.1/../../../../arm-none-eabi/lib/thumb/v7e-m+fp/softfp\libc_nano.a
END GROUP
START GROUP
LOAD C:/Users/Ganbo/.eide/tools/gcc_arm/bin/../lib/gcc/arm-none-eabi/14.3.1/thumb/v7e-m+fp/softfp\libgcc.a
LOAD C:/Users/Ganbo/.eide/tools/gcc_arm/bin/../lib/gcc/arm-none-eabi/14.3.1/../../../../arm-none-eabi/lib/thumb/v7e-m+fp/softfp\libc_nano.a
LOAD C:/Users/Ganbo/.eide/tools/gcc_arm/bin/../lib/gcc/arm-none-eabi/14.3.1/../../../../arm-none-eabi/lib/thumb/v7e-m+fp/softfp\libnosys.a
END GROUP
START GROUP
LOAD C:/Users/Ganbo/.eide/tools/gcc_arm/bin/../lib/gcc/arm-none-eabi/14.3.1/thumb/v7e-m+fp/softfp\libgcc.a
LOAD C:/Users/Ganbo/.eide/tools/gcc_arm/bin/../lib/gcc/arm-none-eabi/14.3.1/../../../../arm-none-eabi/lib/thumb/v7e-m+fp/softfp\libc_nano.a
LOAD C:/Users/Ganbo/.eide/tools/gcc_arm/bin/../lib/gcc/arm-none-eabi/14.3.1/../../../../arm-none-eabi/lib/thumb/v7e-m+fp/softfp\libnosys.a
END GROUP
LOAD C:/Users/Ganbo/.eide/tools/gcc_arm/bin/../lib/gcc/arm-none-eabi/14.3.1/thumb/v7e-m+fp/softfp/crtend.o
LOAD C:/Users/Ganbo/.eide/tools/gcc_arm/bin/../lib/gcc/arm-none-eabi/14.3.1/thumb/v7e-m+fp/softfp/crtn.o
                0x20030000                        _estack = (ORIGIN (RAM) + LENGTH (RAM))
                0x00000200                        _Min_Heap_Size = 0x200
                0x00000400                        _Min_Stack_Size = 0x400

.isr_vector     0x08000000      0x1ac
                0x08000000                        . = ALIGN (0x4)
 *(.isr_vector)
 .isr_vector    0x08000000      0x1ac ./build/Debug/.obj/startup_stm32f427xx.o
                0x08000000                g_pfnVectors
                0x080001ac                        . = ALIGN (0x4)

.text           0x080001b0     0xe4c8
                0x080001b0                        . = ALIGN (0x4)
 *(.text)
 .text          0x080001b0      0x378 C:/Users/Ganbo/.eide/tools/gcc_arm/bin/../lib/gcc/arm-none-eabi/14.3.1/thumb/v7e-m+fp/softfp\libgcc.a(_arm_addsubdf3.o)
                0x080001b0                __aeabi_drsub
                0x080001b8                __aeabi_dsub
                0x080001b8                __subdf3
                0x080001bc                __aeabi_dadd
                0x080001bc                __adddf3
                0x08000434                __floatunsidf
                0x08000434                __aeabi_ui2d
                0x08000454                __floatsidf
                0x08000454                __aeabi_i2d
                0x08000478                __aeabi_f2d
                0x08000478                __extendsfdf2
                0x080004bc                __floatundidf
                0x080004bc                __aeabi_ul2d
                0x080004cc                __floatdidf
                0x080004cc                __aeabi_l2d
 .text          0x08000528      0x424 C:/Users/Ganbo/.eide/tools/gcc_arm/bin/../lib/gcc/arm-none-eabi/14.3.1/thumb/v7e-m+fp/softfp\libgcc.a(_arm_muldivdf3.o)
                0x08000528                __aeabi_dmul
                0x08000528                __muldf3
                0x0800077c                __divdf3
                0x0800077c                __aeabi_ddiv
 .text          0x0800094c      0x110 C:/Users/Ganbo/.eide/tools/gcc_arm/bin/../lib/gcc/arm-none-eabi/14.3.1/thumb/v7e-m+fp/softfp\libgcc.a(_arm_cmpdf2.o)
                0x0800094c                __gtdf2
                0x0800094c                __gedf2
                0x08000954                __ltdf2
                0x08000954                __ledf2
                0x0800095c                __nedf2
                0x0800095c                __eqdf2
                0x0800095c                __cmpdf2
                0x080009d8                __aeabi_cdrcmple
                0x080009e8                __aeabi_cdcmpeq
                0x080009e8                __aeabi_cdcmple
                0x080009f8                __aeabi_dcmpeq
                0x08000a0c                __aeabi_dcmplt
                0x08000a20                __aeabi_dcmple
                0x08000a34                __aeabi_dcmpge
                0x08000a48                __aeabi_dcmpgt
 .text          0x08000a5c       0x2c C:/Users/Ganbo/.eide/tools/gcc_arm/bin/../lib/gcc/arm-none-eabi/14.3.1/thumb/v7e-m+fp/softfp\libgcc.a(_arm_unorddf2.o)
                0x08000a5c                __unorddf2
                0x08000a5c                __aeabi_dcmpun
 .text          0x08000a88       0x50 C:/Users/Ganbo/.eide/tools/gcc_arm/bin/../lib/gcc/arm-none-eabi/14.3.1/thumb/v7e-m+fp/softfp\libgcc.a(_arm_fixdfsi.o)
                0x08000a88                __aeabi_d2iz
                0x08000a88                __fixdfsi
 .text          0x08000ad8       0xa0 C:/Users/Ganbo/.eide/tools/gcc_arm/bin/../lib/gcc/arm-none-eabi/14.3.1/thumb/v7e-m+fp/softfp\libgcc.a(_arm_truncdfsf2.o)
                0x08000ad8                __truncdfsf2
                0x08000ad8                __aeabi_d2f
 .text          0x08000b78       0x30 C:/Users/Ganbo/.eide/tools/gcc_arm/bin/../lib/gcc/arm-none-eabi/14.3.1/thumb/v7e-m+fp/softfp\libgcc.a(_aeabi_uldivmod.o)
                0x08000b78                __aeabi_uldivmod
 .text          0x08000ba8        0x4 C:/Users/Ganbo/.eide/tools/gcc_arm/bin/../lib/gcc/arm-none-eabi/14.3.1/thumb/v7e-m+fp/softfp\libgcc.a(_dvmd_tls.o)
                0x08000ba8                __aeabi_idiv0
                0x08000ba8                __aeabi_ldiv0
 *fill*         0x08000bac        0x4 
 .text          0x08000bb0       0xa0 C:/Users/Ganbo/.eide/tools/gcc_arm/bin/../lib/gcc/arm-none-eabi/14.3.1/../../../../arm-none-eabi/lib/thumb/v7e-m+fp/softfp\libc_nano.a(libc_a-memchr.o)
                0x08000bb0                memchr
 .text          0x08000c50       0x10 C:/Users/Ganbo/.eide/tools/gcc_arm/bin/../lib/gcc/arm-none-eabi/14.3.1/../../../../arm-none-eabi/lib/thumb/v7e-m+fp/softfp\libc_nano.a(libc_a-strlen.o)
                0x08000c50                strlen
 *(.text*)
 .text.deregister_tm_clones
                0x08000c60       0x1c C:/Users/Ganbo/.eide/tools/gcc_arm/bin/../lib/gcc/arm-none-eabi/14.3.1/thumb/v7e-m+fp/softfp/crtbegin.o
 .text.register_tm_clones
                0x08000c7c       0x24 C:/Users/Ganbo/.eide/tools/gcc_arm/bin/../lib/gcc/arm-none-eabi/14.3.1/thumb/v7e-m+fp/softfp/crtbegin.o
 .text.__do_global_dtors_aux
                0x08000ca0       0x28 C:/Users/Ganbo/.eide/tools/gcc_arm/bin/../lib/gcc/arm-none-eabi/14.3.1/thumb/v7e-m+fp/softfp/crtbegin.o
 .text.frame_dummy
                0x08000cc8       0x24 C:/Users/Ganbo/.eide/tools/gcc_arm/bin/../lib/gcc/arm-none-eabi/14.3.1/thumb/v7e-m+fp/softfp/crtbegin.o
 .text.app_init
                0x08000cec       0x18 ./build/Debug/.obj/Core/APP/app.o
                0x08000cec                app_init
 .text.Start_Scara
                0x08000d04       0x30 ./build/Debug/.obj/Core/APP/app.o
                0x08000d04                Start_Scara
 .text.Get_Box  0x08000d34      0x574 ./build/Debug/.obj/Core/APP/app.o
                0x08000d34                Get_Box
 .text.Ready_To_Put_Box
                0x080012a8      0x188 ./build/Debug/.obj/Core/APP/app.o
                0x080012a8                Ready_To_Put_Box
 .text.Move_To_Position_XYZ_NonBlocking
                0x08001430       0x4c ./build/Debug/.obj/Core/APP/app.o
                0x08001430                Move_To_Position_XYZ_NonBlocking
 .text.Move_To_Target
                0x0800147c       0x54 ./build/Debug/.obj/Core/APP/app.o
                0x0800147c                Move_To_Target
 .text.Move_To_Placing_Box
                0x080014d0       0x98 ./build/Debug/.obj/Core/APP/app.o
                0x080014d0                Move_To_Placing_Box
 .text.Near_Box
                0x08001568       0x54 ./build/Debug/.obj/Core/APP/app.o
                0x08001568                Near_Box
 .text.Put_Box  0x080015bc      0xdbc ./build/Debug/.obj/Core/APP/app.o
                0x080015bc                Put_Box
 .text.omega_zero
                0x08002378       0x40 ./build/Debug/.obj/Core/APP/car.o
                0x08002378                omega_zero
 .text.Hwt_auto_get_offset_ON
                0x080023b8       0x3c ./build/Debug/.obj/Core/APP/car.o
                0x080023b8                Hwt_auto_get_offset_ON
 .text.Init_Imu
                0x080023f4       0x10 ./build/Debug/.obj/Core/APP/car.o
                0x080023f4                Init_Imu
 .text.Init_Car
                0x08002404       0x60 ./build/Debug/.obj/Core/APP/car.o
                0x08002404                Init_Car
 .text.Reset_Car_Status
                0x08002464       0x6c ./build/Debug/.obj/Core/APP/car.o
                0x08002464                Reset_Car_Status
 .text.From_Motor_to_Car_Status
                0x080024d0      0x280 ./build/Debug/.obj/Core/APP/car.o
                0x080024d0                From_Motor_to_Car_Status
 .text.Update_Car_Status
                0x08002750       0x28 ./build/Debug/.obj/Core/APP/car.o
                0x08002750                Update_Car_Status
 .text.Publish_Car_Speed
                0x08002778      0x174 ./build/Debug/.obj/Core/APP/car.o
                0x08002778                Publish_Car_Speed
 .text.Car_Stop
                0x080028ec       0x58 ./build/Debug/.obj/Core/APP/car.o
                0x080028ec                Car_Stop
 .text.Move_To_Position_XYZ
                0x08002944      0x1a8 ./build/Debug/.obj/Core/APP/car.o
                0x08002944                Move_To_Position_XYZ
 .text.Move_By_Vision
                0x08002aec      0x390 ./build/Debug/.obj/Core/APP/car.o
                0x08002aec                Move_By_Vision
 .text.Move_By_Easy
                0x08002e7c      0x164 ./build/Debug/.obj/Core/APP/car.o
                0x08002e7c                Move_By_Easy
 .text.Move_Translation
                0x08002fe0      0x13c ./build/Debug/.obj/Core/APP/car.o
                0x08002fe0                Move_Translation
 .text.Init_Lift
                0x0800311c       0x2c ./build/Debug/.obj/Core/APP/lift.o
                0x0800311c                Init_Lift
 .text.Lift_Move_To_Height
                0x08003148       0x30 ./build/Debug/.obj/Core/APP/lift.o
                0x08003148                Lift_Move_To_Height
 .text.Lift_PosCtrl
                0x08003178       0x30 ./build/Debug/.obj/Core/APP/lift.o
                0x08003178                Lift_PosCtrl
 .text.Init_Raspi
                0x080031a8       0x7c ./build/Debug/.obj/Core/APP/raspi.o
                0x080031a8                Init_Raspi
 .text.Raspi_Process_Data
                0x08003224      0x13c ./build/Debug/.obj/Core/APP/raspi.o
                0x08003224                Raspi_Process_Data
 .text.Init_Scara
                0x08003360       0x64 ./build/Debug/.obj/Core/APP/scara.o
                0x08003360                Init_Scara
 .text.detect_workspace
                0x080033c4       0xdc ./build/Debug/.obj/Core/APP/scara.o
                0x080033c4                detect_workspace
 .text.SCARA_ForwardKinematics
                0x080034a0      0x1b4 ./build/Debug/.obj/Core/APP/scara.o
                0x080034a0                SCARA_ForwardKinematics
 .text.Update_Scara_Status
                0x08003654       0x64 ./build/Debug/.obj/Core/APP/scara.o
                0x08003654                Update_Scara_Status
 .text.add_scara_ctrl
                0x080036b8      0x130 ./build/Debug/.obj/Core/APP/scara.o
                0x080036b8                add_scara_ctrl
 .text.Scara_PosCtrl
                0x080037e8       0x20 ./build/Debug/.obj/Core/APP/scara.o
                0x080037e8                Scara_PosCtrl
 .text.Control_End_Rotation
                0x08003808       0x44 ./build/Debug/.obj/Core/APP/scara.o
                0x08003808                Control_End_Rotation
 .text.Maintain_End_Rotation
                0x0800384c       0x30 ./build/Debug/.obj/Core/APP/scara.o
                0x0800384c                Maintain_End_Rotation
 .text.End_Rotation_Ctrl
                0x0800387c       0x18 ./build/Debug/.obj/Core/APP/scara.o
                0x0800387c                End_Rotation_Ctrl
 .text.Grab_On  0x08003894       0x4c ./build/Debug/.obj/Core/APP/scara.o
                0x08003894                Grab_On
 .text.Grab_Off
                0x080038e0       0x4c ./build/Debug/.obj/Core/APP/scara.o
                0x080038e0                Grab_Off
 .text.float_to_bytes
                0x0800392c       0x1a ./build/Debug/.obj/Core/BSP/MI_motor_dev.o
                0x0800392c                float_to_bytes
 *fill*         0x08003946        0x2 
 .text.MI_Motor_CanTx
                0x08003948       0x40 ./build/Debug/.obj/Core/BSP/MI_motor_dev.o
                0x08003948                MI_Motor_CanTx
 .text.MI_motor_init
                0x08003988       0x24 ./build/Debug/.obj/Core/BSP/MI_motor_dev.o
                0x08003988                MI_motor_init
 .text.MI_motor_enable
                0x080039ac       0x40 ./build/Debug/.obj/Core/BSP/MI_motor_dev.o
                0x080039ac                MI_motor_enable
 .text.MI_motor_setMode
                0x080039ec       0x4c ./build/Debug/.obj/Core/BSP/MI_motor_dev.o
                0x080039ec                MI_motor_setMode
 .text.MI_motor_stop
                0x08003a38       0x40 ./build/Debug/.obj/Core/BSP/MI_motor_dev.o
                0x08003a38                MI_motor_stop
 .text.MI_motor_setMechPosition2Zero
                0x08003a78       0x40 ./build/Debug/.obj/Core/BSP/MI_motor_dev.o
                0x08003a78                MI_motor_setMechPosition2Zero
 .text.MI_motor_Write_One_Para
                0x08003ab8       0x38 ./build/Debug/.obj/Core/BSP/MI_motor_dev.o
                0x08003ab8                MI_motor_Write_One_Para
 .text.MI_motor_Read_One_Para
                0x08003af0       0x3c ./build/Debug/.obj/Core/BSP/MI_motor_dev.o
                0x08003af0                MI_motor_Read_One_Para
 .text.MI_motor_get_mechPos
                0x08003b2c        0xc ./build/Debug/.obj/Core/BSP/MI_motor_dev.o
                0x08003b2c                MI_motor_get_mechPos
 .text.MI_motor_PosCtrl
                0x08003b38       0x20 ./build/Debug/.obj/Core/BSP/MI_motor_dev.o
                0x08003b38                MI_motor_PosCtrl
 .text.MI_motor_SetSpdLim
                0x08003b58       0x26 ./build/Debug/.obj/Core/BSP/MI_motor_dev.o
                0x08003b58                MI_motor_SetSpdLim
 .text.MI_motor_SpdCtrl
                0x08003b7e       0x4c ./build/Debug/.obj/Core/BSP/MI_motor_dev.o
                0x08003b7e                MI_motor_SpdCtrl
 .text.MI_motor_SetCurrLim
                0x08003bca       0x26 ./build/Debug/.obj/Core/BSP/MI_motor_dev.o
                0x08003bca                MI_motor_SetCurrLim
 .text.MI_motor_onePara_decode
                0x08003bf0       0xc0 ./build/Debug/.obj/Core/BSP/MI_motor_dev.o
                0x08003bf0                MI_motor_onePara_decode
 .text.MI_motor_decode
                0x08003cb0      0x150 ./build/Debug/.obj/Core/BSP/MI_motor_dev.o
                0x08003cb0                MI_motor_decode
 .text.MIMotor_MotorDataDecode
                0x08003e00       0x8c ./build/Debug/.obj/Core/BSP/MI_motor_dev.o
                0x08003e00                MIMotor_MotorDataDecode
 .text.Change_Chassis_Motor_Mode
                0x08003e8c       0x24 ./build/Debug/.obj/Core/BSP/bsp.o
                0x08003e8c                Change_Chassis_Motor_Mode
 .text.En_Chassis_Motor
                0x08003eb0       0x20 ./build/Debug/.obj/Core/BSP/bsp.o
                0x08003eb0                En_Chassis_Motor
 .text.Dis_Chassis_Motor
                0x08003ed0       0x20 ./build/Debug/.obj/Core/BSP/bsp.o
                0x08003ed0                Dis_Chassis_Motor
 .text.Reset_Chassis_Motor_MechPosition
                0x08003ef0       0x30 ./build/Debug/.obj/Core/BSP/bsp.o
                0x08003ef0                Reset_Chassis_Motor_MechPosition
 .text.Init_Chassis_Motor
                0x08003f20       0x74 ./build/Debug/.obj/Core/BSP/bsp.o
                0x08003f20                Init_Chassis_Motor
 .text.Publish_Chassis_Motor_Speed
                0x08003f94       0x84 ./build/Debug/.obj/Core/BSP/bsp.o
                0x08003f94                Publish_Chassis_Motor_Speed
 .text.Disable_IMU_Interrupts
                0x08004018        0xa ./build/Debug/.obj/Core/BSP/bsp.o
                0x08004018                Disable_IMU_Interrupts
 *fill*         0x08004022        0x2 
 .text.Enable_IMU_Interrupts
                0x08004024       0x28 ./build/Debug/.obj/Core/BSP/bsp.o
                0x08004024                Enable_IMU_Interrupts
 .text.Change_Scara_Motor_Mode
                0x0800404c       0x24 ./build/Debug/.obj/Core/BSP/bsp.o
                0x0800404c                Change_Scara_Motor_Mode
 .text.Init_Scara_Motor
                0x08004070       0x64 ./build/Debug/.obj/Core/BSP/bsp.o
                0x08004070                Init_Scara_Motor
 .text.Change_Lifting_Motor_Mode
                0x080040d4       0x14 ./build/Debug/.obj/Core/BSP/bsp.o
                0x080040d4                Change_Lifting_Motor_Mode
 .text.Init_Lifting_Motor
                0x080040e8       0x3c ./build/Debug/.obj/Core/BSP/bsp.o
                0x080040e8                Init_Lifting_Motor
 .text.bsp_init
                0x08004124       0x14 ./build/Debug/.obj/Core/BSP/bsp.o
                0x08004124                bsp_init
 .text.Filter_Calculate_Checksum
                0x08004138       0x1c ./build/Debug/.obj/Core/BSP/filter.o
                0x08004138                Filter_Calculate_Checksum
 .text.Filter_Send_Command
                0x08004154       0x14 ./build/Debug/.obj/Core/BSP/filter.o
                0x08004154                Filter_Send_Command
 .text.Filter_Servo_PosCtrl
                0x08004168       0xf2 ./build/Debug/.obj/Core/BSP/filter.o
                0x08004168                Filter_Servo_PosCtrl
 *fill*         0x0800425a        0x2 
 .text.Init_PID
                0x0800425c      0x4bc ./build/Debug/.obj/Core/BSP/pid.o
                0x0800425c                Init_PID
 .text.Reset_PID
                0x08004718       0x2c ./build/Debug/.obj/Core/BSP/pid.o
                0x08004718                Reset_PID
 .text.PID_Calc_XY
                0x08004744      0x1a4 ./build/Debug/.obj/Core/BSP/pid.o
                0x08004744                PID_Calc_XY
 .text.PID_Calc_Z
                0x080048e8      0x1a4 ./build/Debug/.obj/Core/BSP/pid.o
                0x080048e8                PID_Calc_Z
 .text.MX_CAN1_Init
                0x08004a8c       0x3c ./build/Debug/.obj/Core/Src/can.o
                0x08004a8c                MX_CAN1_Init
 .text.MX_CAN2_Init
                0x08004ac8       0x3c ./build/Debug/.obj/Core/Src/can.o
                0x08004ac8                MX_CAN2_Init
 .text.HAL_CAN_MspInit
                0x08004b04      0x124 ./build/Debug/.obj/Core/Src/can.o
                0x08004b04                HAL_CAN_MspInit
 .text.CAN_Filter_Config
                0x08004c28       0x4c ./build/Debug/.obj/Core/Src/can.o
                0x08004c28                CAN_Filter_Config
 .text.MX_DMA_Init
                0x08004c74       0x68 ./build/Debug/.obj/Core/Src/dma.o
                0x08004c74                MX_DMA_Init
 .text.StartChassisTask
                0x08004cdc       0x8c ./build/Debug/.obj/Core/Src/freertos.o
                0x08004cdc                StartChassisTask
 .text.StartScaraTask
                0x08004d68       0x8c ./build/Debug/.obj/Core/Src/freertos.o
                0x08004d68                StartScaraTask
 .text.StartMainTask
                0x08004df4       0x2e ./build/Debug/.obj/Core/Src/freertos.o
                0x08004df4                StartMainTask
 *fill*         0x08004e22        0x2 
 .text.MX_FREERTOS_Init
                0x08004e24       0x80 ./build/Debug/.obj/Core/Src/freertos.o
                0x08004e24                MX_FREERTOS_Init
 .text.MX_GPIO_Init
                0x08004ea4      0x10c ./build/Debug/.obj/Core/Src/gpio.o
                0x08004ea4                MX_GPIO_Init
 .text.HAL_CAN_RxFifo0MsgPendingCallback
                0x08004fb0       0x4c ./build/Debug/.obj/Core/Src/main.o
                0x08004fb0                HAL_CAN_RxFifo0MsgPendingCallback
 .text.HAL_UART_RxCpltCallback
                0x08004ffc      0x240 ./build/Debug/.obj/Core/Src/main.o
                0x08004ffc                HAL_UART_RxCpltCallback
 .text.HAL_TIM_PeriodElapsedCallback
                0x0800523c       0x4c ./build/Debug/.obj/Core/Src/main.o
                0x0800523c                HAL_TIM_PeriodElapsedCallback
 .text.Error_Handler
                0x08005288        0x4 ./build/Debug/.obj/Core/Src/main.o
                0x08005288                Error_Handler
 .text.SystemClock_Config
                0x0800528c       0xb4 ./build/Debug/.obj/Core/Src/main.o
                0x0800528c                SystemClock_Config
 .text.main     0x08005340       0x88 ./build/Debug/.obj/Core/Src/main.o
                0x08005340                main
 .text.sort_easy.0
                0x080053c8       0x36 ./build/Debug/.obj/Core/Src/my_task.o
 *fill*         0x080053fe        0x2 
 .text.my_task  0x08005400       0xa0 ./build/Debug/.obj/Core/Src/my_task.o
                0x08005400                my_task
 .text.HAL_MspInit
                0x080054a0       0x44 ./build/Debug/.obj/Core/Src/stm32f4xx_hal_msp.o
                0x080054a0                HAL_MspInit
 .text.HAL_InitTick
                0x080054e4       0xa4 ./build/Debug/.obj/Core/Src/stm32f4xx_hal_timebase_tim.o
                0x080054e4                HAL_InitTick
 .text.NMI_Handler
                0x08005588        0x2 ./build/Debug/.obj/Core/Src/stm32f4xx_it.o
                0x08005588                NMI_Handler
 .text.HardFault_Handler
                0x0800558a        0x2 ./build/Debug/.obj/Core/Src/stm32f4xx_it.o
                0x0800558a                HardFault_Handler
 .text.MemManage_Handler
                0x0800558c        0x2 ./build/Debug/.obj/Core/Src/stm32f4xx_it.o
                0x0800558c                MemManage_Handler
 .text.BusFault_Handler
                0x0800558e        0x2 ./build/Debug/.obj/Core/Src/stm32f4xx_it.o
                0x0800558e                BusFault_Handler
 .text.UsageFault_Handler
                0x08005590        0x2 ./build/Debug/.obj/Core/Src/stm32f4xx_it.o
                0x08005590                UsageFault_Handler
 .text.DebugMon_Handler
                0x08005592        0x2 ./build/Debug/.obj/Core/Src/stm32f4xx_it.o
                0x08005592                DebugMon_Handler
 .text.DMA1_Stream1_IRQHandler
                0x08005594       0x10 ./build/Debug/.obj/Core/Src/stm32f4xx_it.o
                0x08005594                DMA1_Stream1_IRQHandler
 .text.DMA1_Stream3_IRQHandler
                0x080055a4       0x10 ./build/Debug/.obj/Core/Src/stm32f4xx_it.o
                0x080055a4                DMA1_Stream3_IRQHandler
 .text.CAN1_RX0_IRQHandler
                0x080055b4       0x10 ./build/Debug/.obj/Core/Src/stm32f4xx_it.o
                0x080055b4                CAN1_RX0_IRQHandler
 .text.TIM5_IRQHandler
                0x080055c4       0x10 ./build/Debug/.obj/Core/Src/stm32f4xx_it.o
                0x080055c4                TIM5_IRQHandler
 .text.TIM7_IRQHandler
                0x080055d4       0x10 ./build/Debug/.obj/Core/Src/stm32f4xx_it.o
                0x080055d4                TIM7_IRQHandler
 .text.DMA2_Stream1_IRQHandler
                0x080055e4       0x10 ./build/Debug/.obj/Core/Src/stm32f4xx_it.o
                0x080055e4                DMA2_Stream1_IRQHandler
 .text.CAN2_RX0_IRQHandler
                0x080055f4       0x10 ./build/Debug/.obj/Core/Src/stm32f4xx_it.o
                0x080055f4                CAN2_RX0_IRQHandler
 .text._getpid  0x08005604        0x4 ./build/Debug/.obj/Core/Src/syscalls.o
                0x08005604                _getpid
 .text._kill    0x08005608       0x10 ./build/Debug/.obj/Core/Src/syscalls.o
                0x08005608                _kill
 .text._exit    0x08005618        0xc ./build/Debug/.obj/Core/Src/syscalls.o
                0x08005618                _exit
 .text._read    0x08005624       0x20 ./build/Debug/.obj/Core/Src/syscalls.o
                0x08005624                _read
 .text._close   0x08005644        0x6 ./build/Debug/.obj/Core/Src/syscalls.o
                0x08005644                _close
 .text._fstat   0x0800564a        0xa ./build/Debug/.obj/Core/Src/syscalls.o
                0x0800564a                _fstat
 .text._isatty  0x08005654        0x4 ./build/Debug/.obj/Core/Src/syscalls.o
                0x08005654                _isatty
 .text._lseek   0x08005658        0x4 ./build/Debug/.obj/Core/Src/syscalls.o
                0x08005658                _lseek
 .text._sbrk    0x0800565c       0x48 ./build/Debug/.obj/Core/Src/sysmem.o
                0x0800565c                _sbrk
 .text.SystemInit
                0x080056a4       0x14 ./build/Debug/.obj/Core/Src/system_stm32f4xx.o
                0x080056a4                SystemInit
 .text.MX_TIM5_Init
                0x080056b8       0x70 ./build/Debug/.obj/Core/Src/tim.o
                0x080056b8                MX_TIM5_Init
 .text.HAL_TIM_Base_MspInit
                0x08005728       0x40 ./build/Debug/.obj/Core/Src/tim.o
                0x08005728                HAL_TIM_Base_MspInit
 .text.HAL_TIM_PWM_MspInit
                0x08005768       0x30 ./build/Debug/.obj/Core/Src/tim.o
                0x08005768                HAL_TIM_PWM_MspInit
 .text.HAL_TIM_MspPostInit
                0x08005798       0x58 ./build/Debug/.obj/Core/Src/tim.o
                0x08005798                HAL_TIM_MspPostInit
 .text.MX_TIM12_Init
                0x080057f0       0x64 ./build/Debug/.obj/Core/Src/tim.o
                0x080057f0                MX_TIM12_Init
 .text.Buzzer_Set_Volume
                0x08005854       0x24 ./build/Debug/.obj/Core/Src/tim.o
                0x08005854                Buzzer_Set_Volume
 .text.Buzzer_On
                0x08005878       0x18 ./build/Debug/.obj/Core/Src/tim.o
                0x08005878                Buzzer_On
 .text.Buzzer_Off
                0x08005890       0x10 ./build/Debug/.obj/Core/Src/tim.o
                0x08005890                Buzzer_Off
 .text.Beep_On  0x080058a0       0x12 ./build/Debug/.obj/Core/Src/tim.o
                0x080058a0                Beep_On
 *fill*         0x080058b2        0x2 
 .text.__io_putchar
                0x080058b4       0x20 ./build/Debug/.obj/Core/Src/usart.o
                0x080058b4                __io_putchar
 .text._write   0x080058d4       0x1c ./build/Debug/.obj/Core/Src/usart.o
                0x080058d4                _write
 .text.MX_UART7_Init
                0x080058f0       0x34 ./build/Debug/.obj/Core/Src/usart.o
                0x080058f0                MX_UART7_Init
 .text.MX_UART8_Init
                0x08005924       0x34 ./build/Debug/.obj/Core/Src/usart.o
                0x08005924                MX_UART8_Init
 .text.MX_USART3_UART_Init
                0x08005958       0x34 ./build/Debug/.obj/Core/Src/usart.o
                0x08005958                MX_USART3_UART_Init
 .text.MX_USART6_UART_Init
                0x0800598c       0x34 ./build/Debug/.obj/Core/Src/usart.o
                0x0800598c                MX_USART6_UART_Init
 .text.HAL_UART_MspInit
                0x080059c0      0x224 ./build/Debug/.obj/Core/Src/usart.o
                0x080059c0                HAL_UART_MspInit
 .text.HAL_Init
                0x08005be4       0x34 ./build/Debug/.obj/Drivers/STM32F4xx_HAL_Driver/Src/stm32f4xx_hal.o
                0x08005be4                HAL_Init
 .text.HAL_IncTick
                0x08005c18       0x18 ./build/Debug/.obj/Drivers/STM32F4xx_HAL_Driver/Src/stm32f4xx_hal.o
                0x08005c18                HAL_IncTick
 .text.HAL_GetTick
                0x08005c30        0xc ./build/Debug/.obj/Drivers/STM32F4xx_HAL_Driver/Src/stm32f4xx_hal.o
                0x08005c30                HAL_GetTick
 .text.HAL_Delay
                0x08005c3c       0x28 ./build/Debug/.obj/Drivers/STM32F4xx_HAL_Driver/Src/stm32f4xx_hal.o
                0x08005c3c                HAL_Delay
 .text.HAL_CAN_Init
                0x08005c64      0x14c ./build/Debug/.obj/Drivers/STM32F4xx_HAL_Driver/Src/stm32f4xx_hal_can.o
                0x08005c64                HAL_CAN_Init
 .text.HAL_CAN_ConfigFilter
                0x08005db0      0x138 ./build/Debug/.obj/Drivers/STM32F4xx_HAL_Driver/Src/stm32f4xx_hal_can.o
                0x08005db0                HAL_CAN_ConfigFilter
 .text.HAL_CAN_Start
                0x08005ee8       0x5c ./build/Debug/.obj/Drivers/STM32F4xx_HAL_Driver/Src/stm32f4xx_hal_can.o
                0x08005ee8                HAL_CAN_Start
 .text.HAL_CAN_AddTxMessage
                0x08005f44       0xea ./build/Debug/.obj/Drivers/STM32F4xx_HAL_Driver/Src/stm32f4xx_hal_can.o
                0x08005f44                HAL_CAN_AddTxMessage
 .text.HAL_CAN_GetRxMessage
                0x0800602e      0x16a ./build/Debug/.obj/Drivers/STM32F4xx_HAL_Driver/Src/stm32f4xx_hal_can.o
                0x0800602e                HAL_CAN_GetRxMessage
 .text.HAL_CAN_ActivateNotification
                0x08006198       0x24 ./build/Debug/.obj/Drivers/STM32F4xx_HAL_Driver/Src/stm32f4xx_hal_can.o
                0x08006198                HAL_CAN_ActivateNotification
 .text.HAL_CAN_TxMailbox0CompleteCallback
                0x080061bc        0x2 ./build/Debug/.obj/Drivers/STM32F4xx_HAL_Driver/Src/stm32f4xx_hal_can.o
                0x080061bc                HAL_CAN_TxMailbox0CompleteCallback
 .text.HAL_CAN_TxMailbox1CompleteCallback
                0x080061be        0x2 ./build/Debug/.obj/Drivers/STM32F4xx_HAL_Driver/Src/stm32f4xx_hal_can.o
                0x080061be                HAL_CAN_TxMailbox1CompleteCallback
 .text.HAL_CAN_TxMailbox2CompleteCallback
                0x080061c0        0x2 ./build/Debug/.obj/Drivers/STM32F4xx_HAL_Driver/Src/stm32f4xx_hal_can.o
                0x080061c0                HAL_CAN_TxMailbox2CompleteCallback
 .text.HAL_CAN_TxMailbox0AbortCallback
                0x080061c2        0x2 ./build/Debug/.obj/Drivers/STM32F4xx_HAL_Driver/Src/stm32f4xx_hal_can.o
                0x080061c2                HAL_CAN_TxMailbox0AbortCallback
 .text.HAL_CAN_TxMailbox1AbortCallback
                0x080061c4        0x2 ./build/Debug/.obj/Drivers/STM32F4xx_HAL_Driver/Src/stm32f4xx_hal_can.o
                0x080061c4                HAL_CAN_TxMailbox1AbortCallback
 .text.HAL_CAN_TxMailbox2AbortCallback
                0x080061c6        0x2 ./build/Debug/.obj/Drivers/STM32F4xx_HAL_Driver/Src/stm32f4xx_hal_can.o
                0x080061c6                HAL_CAN_TxMailbox2AbortCallback
 .text.HAL_CAN_RxFifo0FullCallback
                0x080061c8        0x2 ./build/Debug/.obj/Drivers/STM32F4xx_HAL_Driver/Src/stm32f4xx_hal_can.o
                0x080061c8                HAL_CAN_RxFifo0FullCallback
 .text.HAL_CAN_RxFifo1MsgPendingCallback
                0x080061ca        0x2 ./build/Debug/.obj/Drivers/STM32F4xx_HAL_Driver/Src/stm32f4xx_hal_can.o
                0x080061ca                HAL_CAN_RxFifo1MsgPendingCallback
 .text.HAL_CAN_RxFifo1FullCallback
                0x080061cc        0x2 ./build/Debug/.obj/Drivers/STM32F4xx_HAL_Driver/Src/stm32f4xx_hal_can.o
                0x080061cc                HAL_CAN_RxFifo1FullCallback
 .text.HAL_CAN_SleepCallback
                0x080061ce        0x2 ./build/Debug/.obj/Drivers/STM32F4xx_HAL_Driver/Src/stm32f4xx_hal_can.o
                0x080061ce                HAL_CAN_SleepCallback
 .text.HAL_CAN_WakeUpFromRxMsgCallback
                0x080061d0        0x2 ./build/Debug/.obj/Drivers/STM32F4xx_HAL_Driver/Src/stm32f4xx_hal_can.o
                0x080061d0                HAL_CAN_WakeUpFromRxMsgCallback
 .text.HAL_CAN_ErrorCallback
                0x080061d2        0x2 ./build/Debug/.obj/Drivers/STM32F4xx_HAL_Driver/Src/stm32f4xx_hal_can.o
                0x080061d2                HAL_CAN_ErrorCallback
 .text.HAL_CAN_IRQHandler
                0x080061d4      0x250 ./build/Debug/.obj/Drivers/STM32F4xx_HAL_Driver/Src/stm32f4xx_hal_can.o
                0x080061d4                HAL_CAN_IRQHandler
 .text.__NVIC_EnableIRQ
                0x08006424       0x1c ./build/Debug/.obj/Drivers/STM32F4xx_HAL_Driver/Src/stm32f4xx_hal_cortex.o
 .text.__NVIC_DisableIRQ
                0x08006440       0x24 ./build/Debug/.obj/Drivers/STM32F4xx_HAL_Driver/Src/stm32f4xx_hal_cortex.o
 .text.__NVIC_SetPriority
                0x08006464       0x28 ./build/Debug/.obj/Drivers/STM32F4xx_HAL_Driver/Src/stm32f4xx_hal_cortex.o
 .text.NVIC_EncodePriority
                0x0800648c       0x3e ./build/Debug/.obj/Drivers/STM32F4xx_HAL_Driver/Src/stm32f4xx_hal_cortex.o
 *fill*         0x080064ca        0x2 
 .text.HAL_NVIC_SetPriorityGrouping
                0x080064cc       0x24 ./build/Debug/.obj/Drivers/STM32F4xx_HAL_Driver/Src/stm32f4xx_hal_cortex.o
                0x080064cc                HAL_NVIC_SetPriorityGrouping
 .text.HAL_NVIC_SetPriority
                0x080064f0       0x20 ./build/Debug/.obj/Drivers/STM32F4xx_HAL_Driver/Src/stm32f4xx_hal_cortex.o
                0x080064f0                HAL_NVIC_SetPriority
 .text.HAL_NVIC_EnableIRQ
                0x08006510        0x8 ./build/Debug/.obj/Drivers/STM32F4xx_HAL_Driver/Src/stm32f4xx_hal_cortex.o
                0x08006510                HAL_NVIC_EnableIRQ
 .text.HAL_NVIC_DisableIRQ
                0x08006518        0x8 ./build/Debug/.obj/Drivers/STM32F4xx_HAL_Driver/Src/stm32f4xx_hal_cortex.o
                0x08006518                HAL_NVIC_DisableIRQ
 .text.DMA_SetConfig
                0x08006520       0x2c ./build/Debug/.obj/Drivers/STM32F4xx_HAL_Driver/Src/stm32f4xx_hal_dma.o
 .text.DMA_CalcBaseAndBitshift
                0x0800654c       0x3c ./build/Debug/.obj/Drivers/STM32F4xx_HAL_Driver/Src/stm32f4xx_hal_dma.o
 .text.DMA_CheckFifoParam
                0x08006588       0x8e ./build/Debug/.obj/Drivers/STM32F4xx_HAL_Driver/Src/stm32f4xx_hal_dma.o
 *fill*         0x08006616        0x2 
 .text.HAL_DMA_Init
                0x08006618       0xcc ./build/Debug/.obj/Drivers/STM32F4xx_HAL_Driver/Src/stm32f4xx_hal_dma.o
                0x08006618                HAL_DMA_Init
 .text.HAL_DMA_Start_IT
                0x080066e4       0x68 ./build/Debug/.obj/Drivers/STM32F4xx_HAL_Driver/Src/stm32f4xx_hal_dma.o
                0x080066e4                HAL_DMA_Start_IT
 .text.HAL_DMA_IRQHandler
                0x0800674c      0x1dc ./build/Debug/.obj/Drivers/STM32F4xx_HAL_Driver/Src/stm32f4xx_hal_dma.o
                0x0800674c                HAL_DMA_IRQHandler
 .text.HAL_GPIO_Init
                0x08006928      0x208 ./build/Debug/.obj/Drivers/STM32F4xx_HAL_Driver/Src/stm32f4xx_hal_gpio.o
                0x08006928                HAL_GPIO_Init
 .text.HAL_GPIO_WritePin
                0x08006b30        0xc ./build/Debug/.obj/Drivers/STM32F4xx_HAL_Driver/Src/stm32f4xx_hal_gpio.o
                0x08006b30                HAL_GPIO_WritePin
 .text.HAL_PWREx_EnableOverDrive
                0x08006b3c       0x7c ./build/Debug/.obj/Drivers/STM32F4xx_HAL_Driver/Src/stm32f4xx_hal_pwr_ex.o
                0x08006b3c                HAL_PWREx_EnableOverDrive
 .text.HAL_RCC_OscConfig
                0x08006bb8      0x3f8 ./build/Debug/.obj/Drivers/STM32F4xx_HAL_Driver/Src/stm32f4xx_hal_rcc.o
                0x08006bb8                HAL_RCC_OscConfig
 .text.HAL_RCC_GetSysClockFreq
                0x08006fb0       0xa8 ./build/Debug/.obj/Drivers/STM32F4xx_HAL_Driver/Src/stm32f4xx_hal_rcc.o
                0x08006fb0                HAL_RCC_GetSysClockFreq
 .text.HAL_RCC_ClockConfig
                0x08007058      0x160 ./build/Debug/.obj/Drivers/STM32F4xx_HAL_Driver/Src/stm32f4xx_hal_rcc.o
                0x08007058                HAL_RCC_ClockConfig
 .text.HAL_RCC_GetHCLKFreq
                0x080071b8        0xc ./build/Debug/.obj/Drivers/STM32F4xx_HAL_Driver/Src/stm32f4xx_hal_rcc.o
                0x080071b8                HAL_RCC_GetHCLKFreq
 .text.HAL_RCC_GetPCLK1Freq
                0x080071c4       0x20 ./build/Debug/.obj/Drivers/STM32F4xx_HAL_Driver/Src/stm32f4xx_hal_rcc.o
                0x080071c4                HAL_RCC_GetPCLK1Freq
 .text.HAL_RCC_GetPCLK2Freq
                0x080071e4       0x20 ./build/Debug/.obj/Drivers/STM32F4xx_HAL_Driver/Src/stm32f4xx_hal_rcc.o
                0x080071e4                HAL_RCC_GetPCLK2Freq
 .text.HAL_RCC_GetClockConfig
                0x08007204       0x3c ./build/Debug/.obj/Drivers/STM32F4xx_HAL_Driver/Src/stm32f4xx_hal_rcc.o
                0x08007204                HAL_RCC_GetClockConfig
 .text.TIM_OC1_SetConfig
                0x08007240       0x70 ./build/Debug/.obj/Drivers/STM32F4xx_HAL_Driver/Src/stm32f4xx_hal_tim.o
 .text.TIM_OC3_SetConfig
                0x080072b0       0x70 ./build/Debug/.obj/Drivers/STM32F4xx_HAL_Driver/Src/stm32f4xx_hal_tim.o
 .text.TIM_OC4_SetConfig
                0x08007320       0x50 ./build/Debug/.obj/Drivers/STM32F4xx_HAL_Driver/Src/stm32f4xx_hal_tim.o
 .text.TIM_TI1_ConfigInputStage
                0x08007370       0x26 ./build/Debug/.obj/Drivers/STM32F4xx_HAL_Driver/Src/stm32f4xx_hal_tim.o
 .text.TIM_TI2_ConfigInputStage
                0x08007396       0x28 ./build/Debug/.obj/Drivers/STM32F4xx_HAL_Driver/Src/stm32f4xx_hal_tim.o
 .text.TIM_ITRx_SetConfig
                0x080073be       0x10 ./build/Debug/.obj/Drivers/STM32F4xx_HAL_Driver/Src/stm32f4xx_hal_tim.o
 *fill*         0x080073ce        0x2 
 .text.HAL_TIM_Base_Start_IT
                0x080073d0       0x84 ./build/Debug/.obj/Drivers/STM32F4xx_HAL_Driver/Src/stm32f4xx_hal_tim.o
                0x080073d0                HAL_TIM_Base_Start_IT
 .text.HAL_TIM_Base_Stop_IT
                0x08007454       0x32 ./build/Debug/.obj/Drivers/STM32F4xx_HAL_Driver/Src/stm32f4xx_hal_tim.o
                0x08007454                HAL_TIM_Base_Stop_IT
 .text.HAL_TIM_OC_DelayElapsedCallback
                0x08007486        0x2 ./build/Debug/.obj/Drivers/STM32F4xx_HAL_Driver/Src/stm32f4xx_hal_tim.o
                0x08007486                HAL_TIM_OC_DelayElapsedCallback
 .text.HAL_TIM_IC_CaptureCallback
                0x08007488        0x2 ./build/Debug/.obj/Drivers/STM32F4xx_HAL_Driver/Src/stm32f4xx_hal_tim.o
                0x08007488                HAL_TIM_IC_CaptureCallback
 .text.HAL_TIM_PWM_PulseFinishedCallback
                0x0800748a        0x2 ./build/Debug/.obj/Drivers/STM32F4xx_HAL_Driver/Src/stm32f4xx_hal_tim.o
                0x0800748a                HAL_TIM_PWM_PulseFinishedCallback
 .text.HAL_TIM_TriggerCallback
                0x0800748c        0x2 ./build/Debug/.obj/Drivers/STM32F4xx_HAL_Driver/Src/stm32f4xx_hal_tim.o
                0x0800748c                HAL_TIM_TriggerCallback
 .text.HAL_TIM_IRQHandler
                0x0800748e      0x15e ./build/Debug/.obj/Drivers/STM32F4xx_HAL_Driver/Src/stm32f4xx_hal_tim.o
                0x0800748e                HAL_TIM_IRQHandler
 .text.TIM_Base_SetConfig
                0x080075ec       0xd8 ./build/Debug/.obj/Drivers/STM32F4xx_HAL_Driver/Src/stm32f4xx_hal_tim.o
                0x080075ec                TIM_Base_SetConfig
 .text.HAL_TIM_Base_Init
                0x080076c4       0x58 ./build/Debug/.obj/Drivers/STM32F4xx_HAL_Driver/Src/stm32f4xx_hal_tim.o
                0x080076c4                HAL_TIM_Base_Init
 .text.HAL_TIM_PWM_Init
                0x0800771c       0x58 ./build/Debug/.obj/Drivers/STM32F4xx_HAL_Driver/Src/stm32f4xx_hal_tim.o
                0x0800771c                HAL_TIM_PWM_Init
 .text.TIM_OC2_SetConfig
                0x08007774       0x70 ./build/Debug/.obj/Drivers/STM32F4xx_HAL_Driver/Src/stm32f4xx_hal_tim.o
                0x08007774                TIM_OC2_SetConfig
 .text.HAL_TIM_PWM_ConfigChannel
                0x080077e4       0xdc ./build/Debug/.obj/Drivers/STM32F4xx_HAL_Driver/Src/stm32f4xx_hal_tim.o
                0x080077e4                HAL_TIM_PWM_ConfigChannel
 .text.TIM_ETR_SetConfig
                0x080078c0       0x1a ./build/Debug/.obj/Drivers/STM32F4xx_HAL_Driver/Src/stm32f4xx_hal_tim.o
                0x080078c0                TIM_ETR_SetConfig
 .text.HAL_TIM_ConfigClockSource
                0x080078da       0xfe ./build/Debug/.obj/Drivers/STM32F4xx_HAL_Driver/Src/stm32f4xx_hal_tim.o
                0x080078da                HAL_TIM_ConfigClockSource
 .text.TIM_CCxChannelCmd
                0x080079d8       0x1e ./build/Debug/.obj/Drivers/STM32F4xx_HAL_Driver/Src/stm32f4xx_hal_tim.o
                0x080079d8                TIM_CCxChannelCmd
 *fill*         0x080079f6        0x2 
 .text.HAL_TIM_PWM_Start
                0x080079f8       0xfc ./build/Debug/.obj/Drivers/STM32F4xx_HAL_Driver/Src/stm32f4xx_hal_tim.o
                0x080079f8                HAL_TIM_PWM_Start
 .text.HAL_TIM_PWM_Stop
                0x08007af4       0x8c ./build/Debug/.obj/Drivers/STM32F4xx_HAL_Driver/Src/stm32f4xx_hal_tim.o
                0x08007af4                HAL_TIM_PWM_Stop
 .text.HAL_TIMEx_MasterConfigSynchronization
                0x08007b80       0x8c ./build/Debug/.obj/Drivers/STM32F4xx_HAL_Driver/Src/stm32f4xx_hal_tim_ex.o
                0x08007b80                HAL_TIMEx_MasterConfigSynchronization
 .text.HAL_TIMEx_CommutCallback
                0x08007c0c        0x2 ./build/Debug/.obj/Drivers/STM32F4xx_HAL_Driver/Src/stm32f4xx_hal_tim_ex.o
                0x08007c0c                HAL_TIMEx_CommutCallback
 .text.HAL_TIMEx_BreakCallback
                0x08007c0e        0x2 ./build/Debug/.obj/Drivers/STM32F4xx_HAL_Driver/Src/stm32f4xx_hal_tim_ex.o
                0x08007c0e                HAL_TIMEx_BreakCallback
 .text.UART_EndTxTransfer
                0x08007c10       0x20 ./build/Debug/.obj/Drivers/STM32F4xx_HAL_Driver/Src/stm32f4xx_hal_uart.o
 .text.UART_EndRxTransfer
                0x08007c30       0x5c ./build/Debug/.obj/Drivers/STM32F4xx_HAL_Driver/Src/stm32f4xx_hal_uart.o
 .text.UART_SetConfig
                0x08007c8c      0x110 ./build/Debug/.obj/Drivers/STM32F4xx_HAL_Driver/Src/stm32f4xx_hal_uart.o
 .text.UART_WaitOnFlagUntilTimeout
                0x08007d9c       0x86 ./build/Debug/.obj/Drivers/STM32F4xx_HAL_Driver/Src/stm32f4xx_hal_uart.o
 .text.HAL_UART_Init
                0x08007e22       0x60 ./build/Debug/.obj/Drivers/STM32F4xx_HAL_Driver/Src/stm32f4xx_hal_uart.o
                0x08007e22                HAL_UART_Init
 .text.HAL_UART_Transmit
                0x08007e82       0xca ./build/Debug/.obj/Drivers/STM32F4xx_HAL_Driver/Src/stm32f4xx_hal_uart.o
                0x08007e82                HAL_UART_Transmit
 .text.HAL_UART_RxHalfCpltCallback
                0x08007f4c        0x2 ./build/Debug/.obj/Drivers/STM32F4xx_HAL_Driver/Src/stm32f4xx_hal_uart.o
                0x08007f4c                HAL_UART_RxHalfCpltCallback
 .text.HAL_UART_ErrorCallback
                0x08007f4e        0x2 ./build/Debug/.obj/Drivers/STM32F4xx_HAL_Driver/Src/stm32f4xx_hal_uart.o
                0x08007f4e                HAL_UART_ErrorCallback
 .text.UART_DMAError
                0x08007f50       0x54 ./build/Debug/.obj/Drivers/STM32F4xx_HAL_Driver/Src/stm32f4xx_hal_uart.o
 .text.HAL_UARTEx_RxEventCallback
                0x08007fa4        0x2 ./build/Debug/.obj/Drivers/STM32F4xx_HAL_Driver/Src/stm32f4xx_hal_uart.o
                0x08007fa4                HAL_UARTEx_RxEventCallback
 .text.UART_DMARxHalfCplt
                0x08007fa6       0x1e ./build/Debug/.obj/Drivers/STM32F4xx_HAL_Driver/Src/stm32f4xx_hal_uart.o
 .text.UART_DMAReceiveCplt
                0x08007fc4       0x9a ./build/Debug/.obj/Drivers/STM32F4xx_HAL_Driver/Src/stm32f4xx_hal_uart.o
 *fill*         0x0800805e        0x2 
 .text.UART_Start_Receive_DMA
                0x08008060       0xa4 ./build/Debug/.obj/Drivers/STM32F4xx_HAL_Driver/Src/stm32f4xx_hal_uart.o
                0x08008060                UART_Start_Receive_DMA
 .text.HAL_UART_Receive_DMA
                0x08008104       0x24 ./build/Debug/.obj/Drivers/STM32F4xx_HAL_Driver/Src/stm32f4xx_hal_uart.o
                0x08008104                HAL_UART_Receive_DMA
 .text.SysTick_Handler
                0x08008128       0x18 ./build/Debug/.obj/Middlewares/Third_Party/FreeRTOS/Source/CMSIS_RTOS_V2/cmsis_os2.o
                0x08008128                SysTick_Handler
 .text.osKernelInitialize
                0x08008140       0x24 ./build/Debug/.obj/Middlewares/Third_Party/FreeRTOS/Source/CMSIS_RTOS_V2/cmsis_os2.o
                0x08008140                osKernelInitialize
 .text.osKernelStart
                0x08008164       0x38 ./build/Debug/.obj/Middlewares/Third_Party/FreeRTOS/Source/CMSIS_RTOS_V2/cmsis_os2.o
                0x08008164                osKernelStart
 .text.osThreadNew
                0x0800819c       0xb4 ./build/Debug/.obj/Middlewares/Third_Party/FreeRTOS/Source/CMSIS_RTOS_V2/cmsis_os2.o
                0x0800819c                osThreadNew
 .text.osDelay  0x08008250       0x1c ./build/Debug/.obj/Middlewares/Third_Party/FreeRTOS/Source/CMSIS_RTOS_V2/cmsis_os2.o
                0x08008250                osDelay
 .text.osSemaphoreNew
                0x0800826c       0xb2 ./build/Debug/.obj/Middlewares/Third_Party/FreeRTOS/Source/CMSIS_RTOS_V2/cmsis_os2.o
                0x0800826c                osSemaphoreNew
 .text.osSemaphoreAcquire
                0x0800831e       0x68 ./build/Debug/.obj/Middlewares/Third_Party/FreeRTOS/Source/CMSIS_RTOS_V2/cmsis_os2.o
                0x0800831e                osSemaphoreAcquire
 .text.osSemaphoreRelease
                0x08008386       0x5e ./build/Debug/.obj/Middlewares/Third_Party/FreeRTOS/Source/CMSIS_RTOS_V2/cmsis_os2.o
                0x08008386                osSemaphoreRelease
 .text.vApplicationGetIdleTaskMemory
                0x080083e4       0x18 ./build/Debug/.obj/Middlewares/Third_Party/FreeRTOS/Source/CMSIS_RTOS_V2/cmsis_os2.o
                0x080083e4                vApplicationGetIdleTaskMemory
 .text.vApplicationGetTimerTaskMemory
                0x080083fc       0x18 ./build/Debug/.obj/Middlewares/Third_Party/FreeRTOS/Source/CMSIS_RTOS_V2/cmsis_os2.o
                0x080083fc                vApplicationGetTimerTaskMemory
 .text.vListInitialise
                0x08008414       0x16 ./build/Debug/.obj/Middlewares/Third_Party/FreeRTOS/Source/list.o
                0x08008414                vListInitialise
 .text.vListInitialiseItem
                0x0800842a        0x6 ./build/Debug/.obj/Middlewares/Third_Party/FreeRTOS/Source/list.o
                0x0800842a                vListInitialiseItem
 .text.vListInsertEnd
                0x08008430       0x16 ./build/Debug/.obj/Middlewares/Third_Party/FreeRTOS/Source/list.o
                0x08008430                vListInsertEnd
 .text.vListInsert
                0x08008446       0x32 ./build/Debug/.obj/Middlewares/Third_Party/FreeRTOS/Source/list.o
                0x08008446                vListInsert
 .text.uxListRemove
                0x08008478       0x26 ./build/Debug/.obj/Middlewares/Third_Party/FreeRTOS/Source/list.o
                0x08008478                uxListRemove
 *fill*         0x0800849e        0x2 
 .text.prvTaskExitError
                0x080084a0       0x40 ./build/Debug/.obj/Middlewares/Third_Party/FreeRTOS/Source/portable/GCC/ARM_CM4F/port.o
 .text.prvPortStartFirstTask
                0x080084e0       0x28 ./build/Debug/.obj/Middlewares/Third_Party/FreeRTOS/Source/portable/GCC/ARM_CM4F/port.o
 .text.vPortEnableVFP
                0x08008508       0x14 ./build/Debug/.obj/Middlewares/Third_Party/FreeRTOS/Source/portable/GCC/ARM_CM4F/port.o
 .text.pxPortInitialiseStack
                0x0800851c       0x2c ./build/Debug/.obj/Middlewares/Third_Party/FreeRTOS/Source/portable/GCC/ARM_CM4F/port.o
                0x0800851c                pxPortInitialiseStack
 *fill*         0x08008548        0x8 
 .text.SVC_Handler
                0x08008550       0x24 ./build/Debug/.obj/Middlewares/Third_Party/FreeRTOS/Source/portable/GCC/ARM_CM4F/port.o
                0x08008550                SVC_Handler
 .text.vPortEnterCritical
                0x08008574       0x44 ./build/Debug/.obj/Middlewares/Third_Party/FreeRTOS/Source/portable/GCC/ARM_CM4F/port.o
                0x08008574                vPortEnterCritical
 .text.vPortExitCritical
                0x080085b8       0x2c ./build/Debug/.obj/Middlewares/Third_Party/FreeRTOS/Source/portable/GCC/ARM_CM4F/port.o
                0x080085b8                vPortExitCritical
 *fill*         0x080085e4        0xc 
 .text.PendSV_Handler
                0x080085f0       0x64 ./build/Debug/.obj/Middlewares/Third_Party/FreeRTOS/Source/portable/GCC/ARM_CM4F/port.o
                0x080085f0                PendSV_Handler
 .text.xPortSysTickHandler
                0x08008654       0x2c ./build/Debug/.obj/Middlewares/Third_Party/FreeRTOS/Source/portable/GCC/ARM_CM4F/port.o
                0x08008654                xPortSysTickHandler
 .text.vPortSetupTimerInterrupt
                0x08008680       0x28 ./build/Debug/.obj/Middlewares/Third_Party/FreeRTOS/Source/portable/GCC/ARM_CM4F/port.o
                0x08008680                vPortSetupTimerInterrupt
 .text.xPortStartScheduler
                0x080086a8      0x118 ./build/Debug/.obj/Middlewares/Third_Party/FreeRTOS/Source/portable/GCC/ARM_CM4F/port.o
                0x080086a8                xPortStartScheduler
 .text.vPortValidateInterruptPriority
                0x080087c0       0x5c ./build/Debug/.obj/Middlewares/Third_Party/FreeRTOS/Source/portable/GCC/ARM_CM4F/port.o
                0x080087c0                vPortValidateInterruptPriority
 .text.prvHeapInit
                0x0800881c       0x64 ./build/Debug/.obj/Middlewares/Third_Party/FreeRTOS/Source/portable/MemMang/heap_4.o
 .text.prvInsertBlockIntoFreeList
                0x08008880       0x64 ./build/Debug/.obj/Middlewares/Third_Party/FreeRTOS/Source/portable/MemMang/heap_4.o
 .text.pvPortMalloc
                0x080088e4      0x104 ./build/Debug/.obj/Middlewares/Third_Party/FreeRTOS/Source/portable/MemMang/heap_4.o
                0x080088e4                pvPortMalloc
 .text.vPortFree
                0x080089e8       0x7c ./build/Debug/.obj/Middlewares/Third_Party/FreeRTOS/Source/portable/MemMang/heap_4.o
                0x080089e8                vPortFree
 .text.prvGetDisinheritPriorityAfterTimeout
                0x08008a64       0x10 ./build/Debug/.obj/Middlewares/Third_Party/FreeRTOS/Source/queue.o
 .text.prvIsQueueFull
                0x08008a74       0x1e ./build/Debug/.obj/Middlewares/Third_Party/FreeRTOS/Source/queue.o
 .text.prvIsQueueEmpty
                0x08008a92       0x1a ./build/Debug/.obj/Middlewares/Third_Party/FreeRTOS/Source/queue.o
 .text.prvCopyDataToQueue
                0x08008aac       0x76 ./build/Debug/.obj/Middlewares/Third_Party/FreeRTOS/Source/queue.o
 .text.prvCopyDataFromQueue
                0x08008b22       0x24 ./build/Debug/.obj/Middlewares/Third_Party/FreeRTOS/Source/queue.o
 .text.prvUnlockQueue
                0x08008b46       0x6e ./build/Debug/.obj/Middlewares/Third_Party/FreeRTOS/Source/queue.o
 .text.xQueueGenericReset
                0x08008bb4       0x84 ./build/Debug/.obj/Middlewares/Third_Party/FreeRTOS/Source/queue.o
                0x08008bb4                xQueueGenericReset
 .text.prvInitialiseNewQueue
                0x08008c38       0x22 ./build/Debug/.obj/Middlewares/Third_Party/FreeRTOS/Source/queue.o
 .text.xQueueGenericCreateStatic
                0x08008c5a       0x94 ./build/Debug/.obj/Middlewares/Third_Party/FreeRTOS/Source/queue.o
                0x08008c5a                xQueueGenericCreateStatic
 .text.xQueueGenericCreate
                0x08008cee       0x48 ./build/Debug/.obj/Middlewares/Third_Party/FreeRTOS/Source/queue.o
                0x08008cee                xQueueGenericCreate
 .text.xQueueCreateCountingSemaphoreStatic
                0x08008d36       0x46 ./build/Debug/.obj/Middlewares/Third_Party/FreeRTOS/Source/queue.o
                0x08008d36                xQueueCreateCountingSemaphoreStatic
 .text.xQueueCreateCountingSemaphore
                0x08008d7c       0x3c ./build/Debug/.obj/Middlewares/Third_Party/FreeRTOS/Source/queue.o
                0x08008d7c                xQueueCreateCountingSemaphore
 .text.xQueueGenericSend
                0x08008db8      0x188 ./build/Debug/.obj/Middlewares/Third_Party/FreeRTOS/Source/queue.o
                0x08008db8                xQueueGenericSend
 .text.xQueueGenericSendFromISR
                0x08008f40       0xce ./build/Debug/.obj/Middlewares/Third_Party/FreeRTOS/Source/queue.o
                0x08008f40                xQueueGenericSendFromISR
 .text.xQueueGiveFromISR
                0x0800900e       0xb2 ./build/Debug/.obj/Middlewares/Third_Party/FreeRTOS/Source/queue.o
                0x0800900e                xQueueGiveFromISR
 .text.xQueueReceive
                0x080090c0      0x15e ./build/Debug/.obj/Middlewares/Third_Party/FreeRTOS/Source/queue.o
                0x080090c0                xQueueReceive
 .text.xQueueSemaphoreTake
                0x0800921e      0x1a6 ./build/Debug/.obj/Middlewares/Third_Party/FreeRTOS/Source/queue.o
                0x0800921e                xQueueSemaphoreTake
 .text.xQueueReceiveFromISR
                0x080093c4       0xae ./build/Debug/.obj/Middlewares/Third_Party/FreeRTOS/Source/queue.o
                0x080093c4                xQueueReceiveFromISR
 *fill*         0x08009472        0x2 
 .text.vQueueAddToRegistry
                0x08009474       0x28 ./build/Debug/.obj/Middlewares/Third_Party/FreeRTOS/Source/queue.o
                0x08009474                vQueueAddToRegistry
 .text.vQueueUnregisterQueue
                0x0800949c       0x2c ./build/Debug/.obj/Middlewares/Third_Party/FreeRTOS/Source/queue.o
                0x0800949c                vQueueUnregisterQueue
 .text.vQueueDelete
                0x080094c8       0x2c ./build/Debug/.obj/Middlewares/Third_Party/FreeRTOS/Source/queue.o
                0x080094c8                vQueueDelete
 .text.vQueueWaitForMessageRestricted
                0x080094f4       0x52 ./build/Debug/.obj/Middlewares/Third_Party/FreeRTOS/Source/queue.o
                0x080094f4                vQueueWaitForMessageRestricted
 *fill*         0x08009546        0x2 
 .text.prvResetNextTaskUnblockTime
                0x08009548       0x2c ./build/Debug/.obj/Middlewares/Third_Party/FreeRTOS/Source/tasks.o
 .text.prvInitialiseNewTask
                0x08009574       0xa2 ./build/Debug/.obj/Middlewares/Third_Party/FreeRTOS/Source/tasks.o
 *fill*         0x08009616        0x2 
 .text.prvInitialiseTaskLists
                0x08009618       0x68 ./build/Debug/.obj/Middlewares/Third_Party/FreeRTOS/Source/tasks.o
 .text.prvAddNewTaskToReadyList
                0x08009680       0xac ./build/Debug/.obj/Middlewares/Third_Party/FreeRTOS/Source/tasks.o
 .text.prvDeleteTCB
                0x0800972c       0x38 ./build/Debug/.obj/Middlewares/Third_Party/FreeRTOS/Source/tasks.o
 .text.prvCheckTasksWaitingTermination
                0x08009764       0x4c ./build/Debug/.obj/Middlewares/Third_Party/FreeRTOS/Source/tasks.o
 .text.prvIdleTask
                0x080097b0       0x28 ./build/Debug/.obj/Middlewares/Third_Party/FreeRTOS/Source/tasks.o
 .text.prvAddCurrentTaskToDelayedList
                0x080097d8       0x7c ./build/Debug/.obj/Middlewares/Third_Party/FreeRTOS/Source/tasks.o
 .text.xTaskCreateStatic
                0x08009854       0x76 ./build/Debug/.obj/Middlewares/Third_Party/FreeRTOS/Source/tasks.o
                0x08009854                xTaskCreateStatic
 .text.xTaskCreate
                0x080098ca       0x64 ./build/Debug/.obj/Middlewares/Third_Party/FreeRTOS/Source/tasks.o
                0x080098ca                xTaskCreate
 *fill*         0x0800992e        0x2 
 .text.vTaskStartScheduler
                0x08009930       0x98 ./build/Debug/.obj/Middlewares/Third_Party/FreeRTOS/Source/tasks.o
                0x08009930                vTaskStartScheduler
 .text.vTaskSuspendAll
                0x080099c8       0x10 ./build/Debug/.obj/Middlewares/Third_Party/FreeRTOS/Source/tasks.o
                0x080099c8                vTaskSuspendAll
 .text.xTaskGetTickCount
                0x080099d8        0xc ./build/Debug/.obj/Middlewares/Third_Party/FreeRTOS/Source/tasks.o
                0x080099d8                xTaskGetTickCount
 .text.xTaskIncrementTick
                0x080099e4      0x118 ./build/Debug/.obj/Middlewares/Third_Party/FreeRTOS/Source/tasks.o
                0x080099e4                xTaskIncrementTick
 .text.xTaskResumeAll
                0x08009afc       0xf8 ./build/Debug/.obj/Middlewares/Third_Party/FreeRTOS/Source/tasks.o
                0x08009afc                xTaskResumeAll
 .text.vTaskDelay
                0x08009bf4       0x4c ./build/Debug/.obj/Middlewares/Third_Party/FreeRTOS/Source/tasks.o
                0x08009bf4                vTaskDelay
 .text.vTaskSwitchContext
                0x08009c40       0x98 ./build/Debug/.obj/Middlewares/Third_Party/FreeRTOS/Source/tasks.o
                0x08009c40                vTaskSwitchContext
 .text.vTaskPlaceOnEventList
                0x08009cd8       0x30 ./build/Debug/.obj/Middlewares/Third_Party/FreeRTOS/Source/tasks.o
                0x08009cd8                vTaskPlaceOnEventList
 .text.vTaskPlaceOnEventListRestricted
                0x08009d08       0x38 ./build/Debug/.obj/Middlewares/Third_Party/FreeRTOS/Source/tasks.o
                0x08009d08                vTaskPlaceOnEventListRestricted
 .text.xTaskRemoveFromEventList
                0x08009d40       0x8c ./build/Debug/.obj/Middlewares/Third_Party/FreeRTOS/Source/tasks.o
                0x08009d40                xTaskRemoveFromEventList
 .text.vTaskInternalSetTimeOutState
                0x08009dcc       0x18 ./build/Debug/.obj/Middlewares/Third_Party/FreeRTOS/Source/tasks.o
                0x08009dcc                vTaskInternalSetTimeOutState
 .text.xTaskCheckForTimeOut
                0x08009de4       0x88 ./build/Debug/.obj/Middlewares/Third_Party/FreeRTOS/Source/tasks.o
                0x08009de4                xTaskCheckForTimeOut
 .text.vTaskMissedYield
                0x08009e6c        0xc ./build/Debug/.obj/Middlewares/Third_Party/FreeRTOS/Source/tasks.o
                0x08009e6c                vTaskMissedYield
 .text.xTaskGetSchedulerState
                0x08009e78       0x20 ./build/Debug/.obj/Middlewares/Third_Party/FreeRTOS/Source/tasks.o
                0x08009e78                xTaskGetSchedulerState
 .text.xTaskPriorityInherit
                0x08009e98       0x98 ./build/Debug/.obj/Middlewares/Third_Party/FreeRTOS/Source/tasks.o
                0x08009e98                xTaskPriorityInherit
 .text.xTaskPriorityDisinherit
                0x08009f30       0x90 ./build/Debug/.obj/Middlewares/Third_Party/FreeRTOS/Source/tasks.o
                0x08009f30                xTaskPriorityDisinherit
 .text.vTaskPriorityDisinheritAfterTimeout
                0x08009fc0       0xa0 ./build/Debug/.obj/Middlewares/Third_Party/FreeRTOS/Source/tasks.o
                0x08009fc0                vTaskPriorityDisinheritAfterTimeout
 .text.pvTaskIncrementMutexHeldCount
                0x0800a060       0x1c ./build/Debug/.obj/Middlewares/Third_Party/FreeRTOS/Source/tasks.o
                0x0800a060                pvTaskIncrementMutexHeldCount
 .text.prvGetNextExpireTime
                0x0800a07c       0x20 ./build/Debug/.obj/Middlewares/Third_Party/FreeRTOS/Source/timers.o
 .text.prvInsertTimerInActiveList
                0x0800a09c       0x48 ./build/Debug/.obj/Middlewares/Third_Party/FreeRTOS/Source/timers.o
 .text.prvCheckForValidListAndQueue
                0x0800a0e4       0x70 ./build/Debug/.obj/Middlewares/Third_Party/FreeRTOS/Source/timers.o
 .text.xTimerCreateTimerTask
                0x0800a154       0x64 ./build/Debug/.obj/Middlewares/Third_Party/FreeRTOS/Source/timers.o
                0x0800a154                xTimerCreateTimerTask
 .text.xTimerGenericCommand
                0x0800a1b8       0x6c ./build/Debug/.obj/Middlewares/Third_Party/FreeRTOS/Source/timers.o
                0x0800a1b8                xTimerGenericCommand
 .text.prvSwitchTimerLists
                0x0800a224       0x7c ./build/Debug/.obj/Middlewares/Third_Party/FreeRTOS/Source/timers.o
 .text.prvSampleTimeNow
                0x0800a2a0       0x2c ./build/Debug/.obj/Middlewares/Third_Party/FreeRTOS/Source/timers.o
 .text.prvProcessExpiredTimer
                0x0800a2cc       0x6c ./build/Debug/.obj/Middlewares/Third_Party/FreeRTOS/Source/timers.o
 .text.prvProcessTimerOrBlockTask
                0x0800a338       0x74 ./build/Debug/.obj/Middlewares/Third_Party/FreeRTOS/Source/timers.o
 .text.prvProcessReceivedCommands
                0x0800a3ac      0x10c ./build/Debug/.obj/Middlewares/Third_Party/FreeRTOS/Source/timers.o
 .text.prvTimerTask
                0x0800a4b8       0x16 ./build/Debug/.obj/Middlewares/Third_Party/FreeRTOS/Source/timers.o
 *fill*         0x0800a4ce        0x2 
 .text.Reset_Handler
                0x0800a4d0       0x50 ./build/Debug/.obj/startup_stm32f427xx.o
                0x0800a4d0                Reset_Handler
 .text.Default_Handler
                0x0800a520        0x2 ./build/Debug/.obj/startup_stm32f427xx.o
                0x0800a520                RTC_Alarm_IRQHandler
                0x0800a520                HASH_RNG_IRQHandler
                0x0800a520                EXTI2_IRQHandler
                0x0800a520                TIM8_CC_IRQHandler
                0x0800a520                UART8_IRQHandler
                0x0800a520                SPI4_IRQHandler
                0x0800a520                TIM1_CC_IRQHandler
                0x0800a520                DMA2_Stream5_IRQHandler
                0x0800a520                DMA1_Stream5_IRQHandler
                0x0800a520                PVD_IRQHandler
                0x0800a520                SDIO_IRQHandler
                0x0800a520                TAMP_STAMP_IRQHandler
                0x0800a520                CAN2_RX1_IRQHandler
                0x0800a520                EXTI3_IRQHandler
                0x0800a520                TIM8_TRG_COM_TIM14_IRQHandler
                0x0800a520                TIM1_UP_TIM10_IRQHandler
                0x0800a520                TIM8_UP_TIM13_IRQHandler
                0x0800a520                I2C3_ER_IRQHandler
                0x0800a520                EXTI0_IRQHandler
                0x0800a520                I2C2_EV_IRQHandler
                0x0800a520                DMA1_Stream2_IRQHandler
                0x0800a520                FPU_IRQHandler
                0x0800a520                OTG_HS_WKUP_IRQHandler
                0x0800a520                CAN2_SCE_IRQHandler
                0x0800a520                DMA2_Stream2_IRQHandler
                0x0800a520                SPI1_IRQHandler
                0x0800a520                TIM6_DAC_IRQHandler
                0x0800a520                TIM1_BRK_TIM9_IRQHandler
                0x0800a520                DCMI_IRQHandler
                0x0800a520                DMA2_Stream3_IRQHandler
                0x0800a520                USART6_IRQHandler
                0x0800a520                USART3_IRQHandler
                0x0800a520                CAN1_RX1_IRQHandler
                0x0800a520                UART5_IRQHandler
                0x0800a520                DMA2_Stream0_IRQHandler
                0x0800a520                TIM4_IRQHandler
                0x0800a520                I2C1_EV_IRQHandler
                0x0800a520                DMA1_Stream6_IRQHandler
                0x0800a520                UART4_IRQHandler
                0x0800a520                TIM3_IRQHandler
                0x0800a520                RCC_IRQHandler
                0x0800a520                TIM8_BRK_TIM12_IRQHandler
                0x0800a520                Default_Handler
                0x0800a520                EXTI15_10_IRQHandler
                0x0800a520                ADC_IRQHandler
                0x0800a520                DMA1_Stream7_IRQHandler
                0x0800a520                SPI5_IRQHandler
                0x0800a520                CAN2_TX_IRQHandler
                0x0800a520                DMA2_Stream7_IRQHandler
                0x0800a520                I2C3_EV_IRQHandler
                0x0800a520                EXTI9_5_IRQHandler
                0x0800a520                RTC_WKUP_IRQHandler
                0x0800a520                ETH_WKUP_IRQHandler
                0x0800a520                SPI2_IRQHandler
                0x0800a520                OTG_HS_EP1_IN_IRQHandler
                0x0800a520                DMA1_Stream0_IRQHandler
                0x0800a520                CAN1_TX_IRQHandler
                0x0800a520                EXTI4_IRQHandler
                0x0800a520                ETH_IRQHandler
                0x0800a520                OTG_HS_EP1_OUT_IRQHandler
                0x0800a520                WWDG_IRQHandler
                0x0800a520                SPI6_IRQHandler
                0x0800a520                TIM2_IRQHandler
                0x0800a520                OTG_FS_WKUP_IRQHandler
                0x0800a520                TIM1_TRG_COM_TIM11_IRQHandler
                0x0800a520                OTG_HS_IRQHandler
                0x0800a520                DMA2D_IRQHandler
                0x0800a520                EXTI1_IRQHandler
                0x0800a520                UART7_IRQHandler
                0x0800a520                USART2_IRQHandler
                0x0800a520                I2C2_ER_IRQHandler
                0x0800a520                CAN1_SCE_IRQHandler
                0x0800a520                FLASH_IRQHandler
                0x0800a520                DMA2_Stream4_IRQHandler
                0x0800a520                USART1_IRQHandler
                0x0800a520                OTG_FS_IRQHandler
                0x0800a520                SPI3_IRQHandler
                0x0800a520                DMA1_Stream4_IRQHandler
                0x0800a520                I2C1_ER_IRQHandler
                0x0800a520                FMC_IRQHandler
                0x0800a520                DMA2_Stream6_IRQHandler
                0x0800a520                SAI1_IRQHandler
 *fill*         0x0800a522        0x2 
 .text.fmod     0x0800a524       0x58 C:/Users/Ganbo/.eide/tools/gcc_arm/bin/../lib/gcc/arm-none-eabi/14.3.1/../../../../arm-none-eabi/lib/thumb/v7e-m+fp/softfp\libm.a(libm_a-w_fmod.o)
                0x0800a524                fmod
 .text.atan2f   0x0800a57c        0x4 C:/Users/Ganbo/.eide/tools/gcc_arm/bin/../lib/gcc/arm-none-eabi/14.3.1/../../../../arm-none-eabi/lib/thumb/v7e-m+fp/softfp\libm.a(libm_a-wf_atan2.o)
                0x0800a57c                atan2f
 .text.sqrtf    0x0800a580       0x48 C:/Users/Ganbo/.eide/tools/gcc_arm/bin/../lib/gcc/arm-none-eabi/14.3.1/../../../../arm-none-eabi/lib/thumb/v7e-m+fp/softfp\libm.a(libm_a-wf_sqrt.o)
                0x0800a580                sqrtf
 .text.cosf     0x0800a5c8       0x6c C:/Users/Ganbo/.eide/tools/gcc_arm/bin/../lib/gcc/arm-none-eabi/14.3.1/../../../../arm-none-eabi/lib/thumb/v7e-m+fp/softfp\libm.a(libm_a-sf_cos.o)
                0x0800a5c8                cosf
 .text.sinf     0x0800a634       0x70 C:/Users/Ganbo/.eide/tools/gcc_arm/bin/../lib/gcc/arm-none-eabi/14.3.1/../../../../arm-none-eabi/lib/thumb/v7e-m+fp/softfp\libm.a(libm_a-sf_sin.o)
                0x0800a634                sinf
 .text.fmaxf    0x0800a6a4       0x48 C:/Users/Ganbo/.eide/tools/gcc_arm/bin/../lib/gcc/arm-none-eabi/14.3.1/../../../../arm-none-eabi/lib/thumb/v7e-m+fp/softfp\libm.a(libm_a-sf_fmax.o)
                0x0800a6a4                fmaxf
 .text.fminf    0x0800a6ec       0x48 C:/Users/Ganbo/.eide/tools/gcc_arm/bin/../lib/gcc/arm-none-eabi/14.3.1/../../../../arm-none-eabi/lib/thumb/v7e-m+fp/softfp\libm.a(libm_a-sf_fmin.o)
                0x0800a6ec                fminf
 .text.__fpclassifyf
                0x0800a734       0x34 C:/Users/Ganbo/.eide/tools/gcc_arm/bin/../lib/gcc/arm-none-eabi/14.3.1/../../../../arm-none-eabi/lib/thumb/v7e-m+fp/softfp\libm.a(libm_a-sf_fpclassify.o)
                0x0800a734                __fpclassifyf
 .text.__ieee754_sqrtf
                0x0800a768       0x10 C:/Users/Ganbo/.eide/tools/gcc_arm/bin/../lib/gcc/arm-none-eabi/14.3.1/../../../../arm-none-eabi/lib/thumb/v7e-m+fp/softfp\libm.a(libm_a-ef_sqrt.o)
                0x0800a768                __ieee754_sqrtf
 .text.__ieee754_fmod
                0x0800a778      0x38c C:/Users/Ganbo/.eide/tools/gcc_arm/bin/../lib/gcc/arm-none-eabi/14.3.1/../../../../arm-none-eabi/lib/thumb/v7e-m+fp/softfp\libm.a(libm_a-e_fmod.o)
                0x0800a778                __ieee754_fmod
 .text.__kernel_cosf
                0x0800ab04      0x110 C:/Users/Ganbo/.eide/tools/gcc_arm/bin/../lib/gcc/arm-none-eabi/14.3.1/../../../../arm-none-eabi/lib/thumb/v7e-m+fp/softfp\libm.a(libm_a-kf_cos.o)
                0x0800ab04                __kernel_cosf
 .text.__kernel_sinf
                0x0800ac14       0x9c C:/Users/Ganbo/.eide/tools/gcc_arm/bin/../lib/gcc/arm-none-eabi/14.3.1/../../../../arm-none-eabi/lib/thumb/v7e-m+fp/softfp\libm.a(libm_a-kf_sin.o)
                0x0800ac14                __kernel_sinf
 .text.__ieee754_atan2f
                0x0800acb0      0x14c C:/Users/Ganbo/.eide/tools/gcc_arm/bin/../lib/gcc/arm-none-eabi/14.3.1/../../../../arm-none-eabi/lib/thumb/v7e-m+fp/softfp\libm.a(libm_a-ef_atan2.o)
                0x0800acb0                __ieee754_atan2f
 .text.__ieee754_rem_pio2f
                0x0800adfc      0x270 C:/Users/Ganbo/.eide/tools/gcc_arm/bin/../lib/gcc/arm-none-eabi/14.3.1/../../../../arm-none-eabi/lib/thumb/v7e-m+fp/softfp\libm.a(libm_a-ef_rem_pio2.o)
                0x0800adfc                __ieee754_rem_pio2f
 .text.atanf    0x0800b06c      0x1b0 C:/Users/Ganbo/.eide/tools/gcc_arm/bin/../lib/gcc/arm-none-eabi/14.3.1/../../../../arm-none-eabi/lib/thumb/v7e-m+fp/softfp\libm.a(libm_a-sf_atan.o)
                0x0800b06c                atanf
 .text.fabsf    0x0800b21c        0x8 C:/Users/Ganbo/.eide/tools/gcc_arm/bin/../lib/gcc/arm-none-eabi/14.3.1/../../../../arm-none-eabi/lib/thumb/v7e-m+fp/softfp\libm.a(libm_a-sf_fabs.o)
                0x0800b21c                fabsf
 .text.__kernel_rem_pio2f
                0x0800b224      0x69c C:/Users/Ganbo/.eide/tools/gcc_arm/bin/../lib/gcc/arm-none-eabi/14.3.1/../../../../arm-none-eabi/lib/thumb/v7e-m+fp/softfp\libm.a(libm_a-kf_rem_pio2.o)
                0x0800b224                __kernel_rem_pio2f
 .text.scalbnf  0x0800b8c0       0xf0 C:/Users/Ganbo/.eide/tools/gcc_arm/bin/../lib/gcc/arm-none-eabi/14.3.1/../../../../arm-none-eabi/lib/thumb/v7e-m+fp/softfp\libm.a(libm_a-sf_scalbn.o)
                0x0800b8c0                scalbnf
 .text.floorf   0x0800b9b0       0x8c C:/Users/Ganbo/.eide/tools/gcc_arm/bin/../lib/gcc/arm-none-eabi/14.3.1/../../../../arm-none-eabi/lib/thumb/v7e-m+fp/softfp\libm.a(libm_a-sf_floor.o)
                0x0800b9b0                floorf
 .text.__udivmoddi4
                0x0800ba3c      0x2f8 C:/Users/Ganbo/.eide/tools/gcc_arm/bin/../lib/gcc/arm-none-eabi/14.3.1/thumb/v7e-m+fp/softfp\libgcc.a(_udivmoddi4.o)
                0x0800ba3c                __udivmoddi4
 .text.malloc   0x0800bd34       0x10 C:/Users/Ganbo/.eide/tools/gcc_arm/bin/../lib/gcc/arm-none-eabi/14.3.1/../../../../arm-none-eabi/lib/thumb/v7e-m+fp/softfp\libc_nano.a(libc_a-malloc.o)
                0x0800bd34                malloc
 .text.sbrk_aligned
                0x0800bd44       0x44 C:/Users/Ganbo/.eide/tools/gcc_arm/bin/../lib/gcc/arm-none-eabi/14.3.1/../../../../arm-none-eabi/lib/thumb/v7e-m+fp/softfp\libc_nano.a(libc_a-mallocr.o)
 .text._malloc_r
                0x0800bd88      0x100 C:/Users/Ganbo/.eide/tools/gcc_arm/bin/../lib/gcc/arm-none-eabi/14.3.1/../../../../arm-none-eabi/lib/thumb/v7e-m+fp/softfp\libc_nano.a(libc_a-mallocr.o)
                0x0800bd88                _malloc_r
 .text.__malloc_lock
                0x0800be88        0xc C:/Users/Ganbo/.eide/tools/gcc_arm/bin/../lib/gcc/arm-none-eabi/14.3.1/../../../../arm-none-eabi/lib/thumb/v7e-m+fp/softfp\libc_nano.a(libc_a-mlock.o)
                0x0800be88                __malloc_lock
 .text.__malloc_unlock
                0x0800be94        0xc C:/Users/Ganbo/.eide/tools/gcc_arm/bin/../lib/gcc/arm-none-eabi/14.3.1/../../../../arm-none-eabi/lib/thumb/v7e-m+fp/softfp\libc_nano.a(libc_a-mlock.o)
                0x0800be94                __malloc_unlock
 .text.__cvt    0x0800bea0       0xc8 C:/Users/Ganbo/.eide/tools/gcc_arm/bin/../lib/gcc/arm-none-eabi/14.3.1/../../../../arm-none-eabi/lib/thumb/v7e-m+fp/softfp\libc_nano.a(libc_a-nano-vfprintf_float.o)
                0x0800bea0                __cvt
 .text.__exponent
                0x0800bf68       0x74 C:/Users/Ganbo/.eide/tools/gcc_arm/bin/../lib/gcc/arm-none-eabi/14.3.1/../../../../arm-none-eabi/lib/thumb/v7e-m+fp/softfp\libc_nano.a(libc_a-nano-vfprintf_float.o)
                0x0800bf68                __exponent
 .text._printf_float
                0x0800bfdc      0x454 C:/Users/Ganbo/.eide/tools/gcc_arm/bin/../lib/gcc/arm-none-eabi/14.3.1/../../../../arm-none-eabi/lib/thumb/v7e-m+fp/softfp\libc_nano.a(libc_a-nano-vfprintf_float.o)
                0x0800bfdc                _printf_float
 .text._printf_common
                0x0800c430       0xda C:/Users/Ganbo/.eide/tools/gcc_arm/bin/../lib/gcc/arm-none-eabi/14.3.1/../../../../arm-none-eabi/lib/thumb/v7e-m+fp/softfp\libc_nano.a(libc_a-nano-vfprintf_i.o)
                0x0800c430                _printf_common
 *fill*         0x0800c50a        0x2 
 .text._printf_i
                0x0800c50c      0x24c C:/Users/Ganbo/.eide/tools/gcc_arm/bin/../lib/gcc/arm-none-eabi/14.3.1/../../../../arm-none-eabi/lib/thumb/v7e-m+fp/softfp\libc_nano.a(libc_a-nano-vfprintf_i.o)
                0x0800c50c                _printf_i
 .text.std      0x0800c758       0x6c C:/Users/Ganbo/.eide/tools/gcc_arm/bin/../lib/gcc/arm-none-eabi/14.3.1/../../../../arm-none-eabi/lib/thumb/v7e-m+fp/softfp\libc_nano.a(libc_a-findfp.o)
 .text.stdio_exit_handler
                0x0800c7c4       0x18 C:/Users/Ganbo/.eide/tools/gcc_arm/bin/../lib/gcc/arm-none-eabi/14.3.1/../../../../arm-none-eabi/lib/thumb/v7e-m+fp/softfp\libc_nano.a(libc_a-findfp.o)
 .text.cleanup_stdio
                0x0800c7dc       0x40 C:/Users/Ganbo/.eide/tools/gcc_arm/bin/../lib/gcc/arm-none-eabi/14.3.1/../../../../arm-none-eabi/lib/thumb/v7e-m+fp/softfp\libc_nano.a(libc_a-findfp.o)
 .text.global_stdio_init.part.0
                0x0800c81c       0x40 C:/Users/Ganbo/.eide/tools/gcc_arm/bin/../lib/gcc/arm-none-eabi/14.3.1/../../../../arm-none-eabi/lib/thumb/v7e-m+fp/softfp\libc_nano.a(libc_a-findfp.o)
 .text.__sfp_lock_acquire
                0x0800c85c        0xc C:/Users/Ganbo/.eide/tools/gcc_arm/bin/../lib/gcc/arm-none-eabi/14.3.1/../../../../arm-none-eabi/lib/thumb/v7e-m+fp/softfp\libc_nano.a(libc_a-findfp.o)
                0x0800c85c                __sfp_lock_acquire
 .text.__sfp_lock_release
                0x0800c868        0xc C:/Users/Ganbo/.eide/tools/gcc_arm/bin/../lib/gcc/arm-none-eabi/14.3.1/../../../../arm-none-eabi/lib/thumb/v7e-m+fp/softfp\libc_nano.a(libc_a-findfp.o)
                0x0800c868                __sfp_lock_release
 .text.__sinit  0x0800c874       0x30 C:/Users/Ganbo/.eide/tools/gcc_arm/bin/../lib/gcc/arm-none-eabi/14.3.1/../../../../arm-none-eabi/lib/thumb/v7e-m+fp/softfp\libc_nano.a(libc_a-findfp.o)
                0x0800c874                __sinit
 .text._fwalk_sglue
                0x0800c8a4       0x3c C:/Users/Ganbo/.eide/tools/gcc_arm/bin/../lib/gcc/arm-none-eabi/14.3.1/../../../../arm-none-eabi/lib/thumb/v7e-m+fp/softfp\libc_nano.a(libc_a-fwalk.o)
                0x0800c8a4                _fwalk_sglue
 .text.__sread  0x0800c8e0       0x22 C:/Users/Ganbo/.eide/tools/gcc_arm/bin/../lib/gcc/arm-none-eabi/14.3.1/../../../../arm-none-eabi/lib/thumb/v7e-m+fp/softfp\libc_nano.a(libc_a-stdio.o)
                0x0800c8e0                __sread
 .text.__swrite
                0x0800c902       0x38 C:/Users/Ganbo/.eide/tools/gcc_arm/bin/../lib/gcc/arm-none-eabi/14.3.1/../../../../arm-none-eabi/lib/thumb/v7e-m+fp/softfp\libc_nano.a(libc_a-stdio.o)
                0x0800c902                __swrite
 .text.__sseek  0x0800c93a       0x26 C:/Users/Ganbo/.eide/tools/gcc_arm/bin/../lib/gcc/arm-none-eabi/14.3.1/../../../../arm-none-eabi/lib/thumb/v7e-m+fp/softfp\libc_nano.a(libc_a-stdio.o)
                0x0800c93a                __sseek
 .text.__sclose
                0x0800c960        0x8 C:/Users/Ganbo/.eide/tools/gcc_arm/bin/../lib/gcc/arm-none-eabi/14.3.1/../../../../arm-none-eabi/lib/thumb/v7e-m+fp/softfp\libc_nano.a(libc_a-stdio.o)
                0x0800c960                __sclose
 .text.__swbuf_r
                0x0800c968       0x7c C:/Users/Ganbo/.eide/tools/gcc_arm/bin/../lib/gcc/arm-none-eabi/14.3.1/../../../../arm-none-eabi/lib/thumb/v7e-m+fp/softfp\libc_nano.a(libc_a-wbuf.o)
                0x0800c968                __swbuf_r
 .text.__swsetup_r
                0x0800c9e4       0xa8 C:/Users/Ganbo/.eide/tools/gcc_arm/bin/../lib/gcc/arm-none-eabi/14.3.1/../../../../arm-none-eabi/lib/thumb/v7e-m+fp/softfp\libc_nano.a(libc_a-wsetup.o)
                0x0800c9e4                __swsetup_r
 .text.memset   0x0800ca8c       0x10 C:/Users/Ganbo/.eide/tools/gcc_arm/bin/../lib/gcc/arm-none-eabi/14.3.1/../../../../arm-none-eabi/lib/thumb/v7e-m+fp/softfp\libc_nano.a(libc_a-memset.o)
                0x0800ca8c                memset
 .text._localeconv_r
                0x0800ca9c        0x8 C:/Users/Ganbo/.eide/tools/gcc_arm/bin/../lib/gcc/arm-none-eabi/14.3.1/../../../../arm-none-eabi/lib/thumb/v7e-m+fp/softfp\libc_nano.a(libc_a-localeconv.o)
                0x0800ca9c                _localeconv_r
 .text._close_r
                0x0800caa4       0x20 C:/Users/Ganbo/.eide/tools/gcc_arm/bin/../lib/gcc/arm-none-eabi/14.3.1/../../../../arm-none-eabi/lib/thumb/v7e-m+fp/softfp\libc_nano.a(libc_a-closer.o)
                0x0800caa4                _close_r
 .text._lseek_r
                0x0800cac4       0x24 C:/Users/Ganbo/.eide/tools/gcc_arm/bin/../lib/gcc/arm-none-eabi/14.3.1/../../../../arm-none-eabi/lib/thumb/v7e-m+fp/softfp\libc_nano.a(libc_a-lseekr.o)
                0x0800cac4                _lseek_r
 .text._read_r  0x0800cae8       0x24 C:/Users/Ganbo/.eide/tools/gcc_arm/bin/../lib/gcc/arm-none-eabi/14.3.1/../../../../arm-none-eabi/lib/thumb/v7e-m+fp/softfp\libc_nano.a(libc_a-readr.o)
                0x0800cae8                _read_r
 .text._sbrk_r  0x0800cb0c       0x20 C:/Users/Ganbo/.eide/tools/gcc_arm/bin/../lib/gcc/arm-none-eabi/14.3.1/../../../../arm-none-eabi/lib/thumb/v7e-m+fp/softfp\libc_nano.a(libc_a-sbrkr.o)
                0x0800cb0c                _sbrk_r
 .text._write_r
                0x0800cb2c       0x24 C:/Users/Ganbo/.eide/tools/gcc_arm/bin/../lib/gcc/arm-none-eabi/14.3.1/../../../../arm-none-eabi/lib/thumb/v7e-m+fp/softfp\libc_nano.a(libc_a-writer.o)
                0x0800cb2c                _write_r
 .text.__errno  0x0800cb50        0xc C:/Users/Ganbo/.eide/tools/gcc_arm/bin/../lib/gcc/arm-none-eabi/14.3.1/../../../../arm-none-eabi/lib/thumb/v7e-m+fp/softfp\libc_nano.a(libc_a-errno.o)
                0x0800cb50                __errno
 .text.__libc_init_array
                0x0800cb5c       0x48 C:/Users/Ganbo/.eide/tools/gcc_arm/bin/../lib/gcc/arm-none-eabi/14.3.1/../../../../arm-none-eabi/lib/thumb/v7e-m+fp/softfp\libc_nano.a(libc_a-init.o)
                0x0800cb5c                __libc_init_array
 .text.__retarget_lock_init_recursive
                0x0800cba4        0x2 C:/Users/Ganbo/.eide/tools/gcc_arm/bin/../lib/gcc/arm-none-eabi/14.3.1/../../../../arm-none-eabi/lib/thumb/v7e-m+fp/softfp\libc_nano.a(libc_a-lock.o)
                0x0800cba4                __retarget_lock_init_recursive
 .text.__retarget_lock_acquire_recursive
                0x0800cba6        0x2 C:/Users/Ganbo/.eide/tools/gcc_arm/bin/../lib/gcc/arm-none-eabi/14.3.1/../../../../arm-none-eabi/lib/thumb/v7e-m+fp/softfp\libc_nano.a(libc_a-lock.o)
                0x0800cba6                __retarget_lock_acquire_recursive
 .text.__retarget_lock_release_recursive
                0x0800cba8        0x2 C:/Users/Ganbo/.eide/tools/gcc_arm/bin/../lib/gcc/arm-none-eabi/14.3.1/../../../../arm-none-eabi/lib/thumb/v7e-m+fp/softfp\libc_nano.a(libc_a-lock.o)
                0x0800cba8                __retarget_lock_release_recursive
 .text.memcpy   0x0800cbaa       0x1c C:/Users/Ganbo/.eide/tools/gcc_arm/bin/../lib/gcc/arm-none-eabi/14.3.1/../../../../arm-none-eabi/lib/thumb/v7e-m+fp/softfp\libc_nano.a(libc_a-memcpy-stub.o)
                0x0800cbaa                memcpy
 .text.quorem   0x0800cbc6      0x110 C:/Users/Ganbo/.eide/tools/gcc_arm/bin/../lib/gcc/arm-none-eabi/14.3.1/../../../../arm-none-eabi/lib/thumb/v7e-m+fp/softfp\libc_nano.a(libc_a-dtoa.o)
 *fill*         0x0800ccd6        0x2 
 .text._dtoa_r  0x0800ccd8      0xbb8 C:/Users/Ganbo/.eide/tools/gcc_arm/bin/../lib/gcc/arm-none-eabi/14.3.1/../../../../arm-none-eabi/lib/thumb/v7e-m+fp/softfp\libc_nano.a(libc_a-dtoa.o)
                0x0800ccd8                _dtoa_r
 .text._free_r  0x0800d890       0x94 C:/Users/Ganbo/.eide/tools/gcc_arm/bin/../lib/gcc/arm-none-eabi/14.3.1/../../../../arm-none-eabi/lib/thumb/v7e-m+fp/softfp\libc_nano.a(libc_a-freer.o)
                0x0800d890                _free_r
 .text._Balloc  0x0800d924       0x7c C:/Users/Ganbo/.eide/tools/gcc_arm/bin/../lib/gcc/arm-none-eabi/14.3.1/../../../../arm-none-eabi/lib/thumb/v7e-m+fp/softfp\libc_nano.a(libc_a-mprec.o)
                0x0800d924                _Balloc
 .text._Bfree   0x0800d9a0       0x44 C:/Users/Ganbo/.eide/tools/gcc_arm/bin/../lib/gcc/arm-none-eabi/14.3.1/../../../../arm-none-eabi/lib/thumb/v7e-m+fp/softfp\libc_nano.a(libc_a-mprec.o)
                0x0800d9a0                _Bfree
 .text.__multadd
                0x0800d9e4       0x8c C:/Users/Ganbo/.eide/tools/gcc_arm/bin/../lib/gcc/arm-none-eabi/14.3.1/../../../../arm-none-eabi/lib/thumb/v7e-m+fp/softfp\libc_nano.a(libc_a-mprec.o)
                0x0800d9e4                __multadd
 .text.__hi0bits
                0x0800da70       0x3e C:/Users/Ganbo/.eide/tools/gcc_arm/bin/../lib/gcc/arm-none-eabi/14.3.1/../../../../arm-none-eabi/lib/thumb/v7e-m+fp/softfp\libc_nano.a(libc_a-mprec.o)
                0x0800da70                __hi0bits
 .text.__lo0bits
                0x0800daae       0x5a C:/Users/Ganbo/.eide/tools/gcc_arm/bin/../lib/gcc/arm-none-eabi/14.3.1/../../../../arm-none-eabi/lib/thumb/v7e-m+fp/softfp\libc_nano.a(libc_a-mprec.o)
                0x0800daae                __lo0bits
 .text.__i2b    0x0800db08       0x2c C:/Users/Ganbo/.eide/tools/gcc_arm/bin/../lib/gcc/arm-none-eabi/14.3.1/../../../../arm-none-eabi/lib/thumb/v7e-m+fp/softfp\libc_nano.a(libc_a-mprec.o)
                0x0800db08                __i2b
 .text.__multiply
                0x0800db34      0x154 C:/Users/Ganbo/.eide/tools/gcc_arm/bin/../lib/gcc/arm-none-eabi/14.3.1/../../../../arm-none-eabi/lib/thumb/v7e-m+fp/softfp\libc_nano.a(libc_a-mprec.o)
                0x0800db34                __multiply
 .text.__pow5mult
                0x0800dc88       0xb8 C:/Users/Ganbo/.eide/tools/gcc_arm/bin/../lib/gcc/arm-none-eabi/14.3.1/../../../../arm-none-eabi/lib/thumb/v7e-m+fp/softfp\libc_nano.a(libc_a-mprec.o)
                0x0800dc88                __pow5mult
 .text.__lshift
                0x0800dd40       0xdc C:/Users/Ganbo/.eide/tools/gcc_arm/bin/../lib/gcc/arm-none-eabi/14.3.1/../../../../arm-none-eabi/lib/thumb/v7e-m+fp/softfp\libc_nano.a(libc_a-mprec.o)
                0x0800dd40                __lshift
 .text.__mcmp   0x0800de1c       0x36 C:/Users/Ganbo/.eide/tools/gcc_arm/bin/../lib/gcc/arm-none-eabi/14.3.1/../../../../arm-none-eabi/lib/thumb/v7e-m+fp/softfp\libc_nano.a(libc_a-mprec.o)
                0x0800de1c                __mcmp
 *fill*         0x0800de52        0x2 
 .text.__mdiff  0x0800de54      0x130 C:/Users/Ganbo/.eide/tools/gcc_arm/bin/../lib/gcc/arm-none-eabi/14.3.1/../../../../arm-none-eabi/lib/thumb/v7e-m+fp/softfp\libc_nano.a(libc_a-mprec.o)
                0x0800de54                __mdiff
 .text.__d2b    0x0800df84       0xb0 C:/Users/Ganbo/.eide/tools/gcc_arm/bin/../lib/gcc/arm-none-eabi/14.3.1/../../../../arm-none-eabi/lib/thumb/v7e-m+fp/softfp\libc_nano.a(libc_a-mprec.o)
                0x0800df84                __d2b
 .text.__sflush_r
                0x0800e034      0x104 C:/Users/Ganbo/.eide/tools/gcc_arm/bin/../lib/gcc/arm-none-eabi/14.3.1/../../../../arm-none-eabi/lib/thumb/v7e-m+fp/softfp\libc_nano.a(libc_a-fflush.o)
                0x0800e034                __sflush_r
 .text._fflush_r
                0x0800e138       0x50 C:/Users/Ganbo/.eide/tools/gcc_arm/bin/../lib/gcc/arm-none-eabi/14.3.1/../../../../arm-none-eabi/lib/thumb/v7e-m+fp/softfp\libc_nano.a(libc_a-fflush.o)
                0x0800e138                _fflush_r
 .text.__swhatbuf_r
                0x0800e188       0x48 C:/Users/Ganbo/.eide/tools/gcc_arm/bin/../lib/gcc/arm-none-eabi/14.3.1/../../../../arm-none-eabi/lib/thumb/v7e-m+fp/softfp\libc_nano.a(libc_a-makebuf.o)
                0x0800e188                __swhatbuf_r
 .text.__smakebuf_r
                0x0800e1d0       0x72 C:/Users/Ganbo/.eide/tools/gcc_arm/bin/../lib/gcc/arm-none-eabi/14.3.1/../../../../arm-none-eabi/lib/thumb/v7e-m+fp/softfp\libc_nano.a(libc_a-makebuf.o)
                0x0800e1d0                __smakebuf_r
 *fill*         0x0800e242        0x2 
 .text._fstat_r
                0x0800e244       0x24 C:/Users/Ganbo/.eide/tools/gcc_arm/bin/../lib/gcc/arm-none-eabi/14.3.1/../../../../arm-none-eabi/lib/thumb/v7e-m+fp/softfp\libc_nano.a(libc_a-fstatr.o)
                0x0800e244                _fstat_r
 .text._isatty_r
                0x0800e268       0x20 C:/Users/Ganbo/.eide/tools/gcc_arm/bin/../lib/gcc/arm-none-eabi/14.3.1/../../../../arm-none-eabi/lib/thumb/v7e-m+fp/softfp\libc_nano.a(libc_a-isattyr.o)
                0x0800e268                _isatty_r
 .text.__assert_func
                0x0800e288       0x3c C:/Users/Ganbo/.eide/tools/gcc_arm/bin/../lib/gcc/arm-none-eabi/14.3.1/../../../../arm-none-eabi/lib/thumb/v7e-m+fp/softfp\libc_nano.a(libc_a-assert.o)
                0x0800e288                __assert_func
 .text._calloc_r
                0x0800e2c4       0x28 C:/Users/Ganbo/.eide/tools/gcc_arm/bin/../lib/gcc/arm-none-eabi/14.3.1/../../../../arm-none-eabi/lib/thumb/v7e-m+fp/softfp\libc_nano.a(libc_a-callocr.o)
                0x0800e2c4                _calloc_r
 .text.__ascii_mbtowc
                0x0800e2ec       0x24 C:/Users/Ganbo/.eide/tools/gcc_arm/bin/../lib/gcc/arm-none-eabi/14.3.1/../../../../arm-none-eabi/lib/thumb/v7e-m+fp/softfp\libc_nano.a(libc_a-mbtowc_r.o)
                0x0800e2ec                __ascii_mbtowc
 .text.__ascii_wctomb
                0x0800e310       0x1a C:/Users/Ganbo/.eide/tools/gcc_arm/bin/../lib/gcc/arm-none-eabi/14.3.1/../../../../arm-none-eabi/lib/thumb/v7e-m+fp/softfp\libc_nano.a(libc_a-wctomb_r.o)
                0x0800e310                __ascii_wctomb
 *fill*         0x0800e32a        0x2 
 .text.fprintf  0x0800e32c       0x24 C:/Users/Ganbo/.eide/tools/gcc_arm/bin/../lib/gcc/arm-none-eabi/14.3.1/../../../../arm-none-eabi/lib/thumb/v7e-m+fp/softfp\libc_nano.a(libc_a-fprintf.o)
                0x0800e32c                fiprintf
                0x0800e32c                fprintf
 .text.abort    0x0800e350        0xe C:/Users/Ganbo/.eide/tools/gcc_arm/bin/../lib/gcc/arm-none-eabi/14.3.1/../../../../arm-none-eabi/lib/thumb/v7e-m+fp/softfp\libc_nano.a(libc_a-abort.o)
                0x0800e350                abort
 .text.__sfputc_r
                0x0800e35e       0x2e C:/Users/Ganbo/.eide/tools/gcc_arm/bin/../lib/gcc/arm-none-eabi/14.3.1/../../../../arm-none-eabi/lib/thumb/v7e-m+fp/softfp\libc_nano.a(libc_a-nano-vfprintf.o)
 .text.__sfputs_r
                0x0800e38c       0x24 C:/Users/Ganbo/.eide/tools/gcc_arm/bin/../lib/gcc/arm-none-eabi/14.3.1/../../../../arm-none-eabi/lib/thumb/v7e-m+fp/softfp\libc_nano.a(libc_a-nano-vfprintf.o)
                0x0800e38c                __sfputs_r
 .text._vfprintf_r
                0x0800e3b0      0x228 C:/Users/Ganbo/.eide/tools/gcc_arm/bin/../lib/gcc/arm-none-eabi/14.3.1/../../../../arm-none-eabi/lib/thumb/v7e-m+fp/softfp\libc_nano.a(libc_a-nano-vfprintf.o)
                0x0800e3b0                _vfprintf_r
                0x0800e3b0                _vfiprintf_r
 .text._raise_r
                0x0800e5d8       0x50 C:/Users/Ganbo/.eide/tools/gcc_arm/bin/../lib/gcc/arm-none-eabi/14.3.1/../../../../arm-none-eabi/lib/thumb/v7e-m+fp/softfp\libc_nano.a(libc_a-signal.o)
                0x0800e5d8                _raise_r
 .text.raise    0x0800e628       0x10 C:/Users/Ganbo/.eide/tools/gcc_arm/bin/../lib/gcc/arm-none-eabi/14.3.1/../../../../arm-none-eabi/lib/thumb/v7e-m+fp/softfp\libc_nano.a(libc_a-signal.o)
                0x0800e628                raise
 .text._kill_r  0x0800e638       0x24 C:/Users/Ganbo/.eide/tools/gcc_arm/bin/../lib/gcc/arm-none-eabi/14.3.1/../../../../arm-none-eabi/lib/thumb/v7e-m+fp/softfp\libc_nano.a(libc_a-signalr.o)
                0x0800e638                _kill_r
 .text._getpid_r
                0x0800e65c        0x4 C:/Users/Ganbo/.eide/tools/gcc_arm/bin/../lib/gcc/arm-none-eabi/14.3.1/../../../../arm-none-eabi/lib/thumb/v7e-m+fp/softfp\libc_nano.a(libc_a-signalr.o)
                0x0800e65c                _getpid_r
 *(.glue_7)
 .glue_7        0x0800e660        0x0 linker stubs
 *(.glue_7t)
 .glue_7t       0x0800e660        0x0 linker stubs
 *(.eh_frame)
 .eh_frame      0x0800e660        0x0 C:/Users/Ganbo/.eide/tools/gcc_arm/bin/../lib/gcc/arm-none-eabi/14.3.1/thumb/v7e-m+fp/softfp/crtbegin.o
 *(.init)
 .init          0x0800e660        0x4 C:/Users/Ganbo/.eide/tools/gcc_arm/bin/../lib/gcc/arm-none-eabi/14.3.1/thumb/v7e-m+fp/softfp/crti.o
                0x0800e660                _init
 .init          0x0800e664        0x8 C:/Users/Ganbo/.eide/tools/gcc_arm/bin/../lib/gcc/arm-none-eabi/14.3.1/thumb/v7e-m+fp/softfp/crtn.o
 *(.fini)
 .fini          0x0800e66c        0x4 C:/Users/Ganbo/.eide/tools/gcc_arm/bin/../lib/gcc/arm-none-eabi/14.3.1/thumb/v7e-m+fp/softfp/crti.o
                0x0800e66c                _fini
 .fini          0x0800e670        0x8 C:/Users/Ganbo/.eide/tools/gcc_arm/bin/../lib/gcc/arm-none-eabi/14.3.1/thumb/v7e-m+fp/softfp/crtn.o
                0x0800e678                        . = ALIGN (0x4)
                0x0800e678                        _etext = .

.vfp11_veneer   0x0800e678        0x0
 .vfp11_veneer  0x0800e678        0x0 linker stubs
