Archive member included to satisfy reference by file (symbol)

C:/Users/Ganbo/.eide/tools/gcc_arm/bin/../lib/gcc/arm-none-eabi/14.3.1/../../../../arm-none-eabi/lib/thumb/v7e-m+fp/softfp\libm.a(libm_a-w_fmod.o)
                              ./build/Debug/.obj/Core/APP/car.o (fmod)
C:/Users/Ganbo/.eide/tools/gcc_arm/bin/../lib/gcc/arm-none-eabi/14.3.1/../../../../arm-none-eabi/lib/thumb/v7e-m+fp/softfp\libm.a(libm_a-wf_acos.o)
                              ./build/Debug/.obj/Core/APP/push.o (acosf)
C:/Users/Ganbo/.eide/tools/gcc_arm/bin/../lib/gcc/arm-none-eabi/14.3.1/../../../../arm-none-eabi/lib/thumb/v7e-m+fp/softfp\libm.a(libm_a-sf_cos.o)
                              ./build/Debug/.obj/Core/APP/car.o (cosf)
C:/Users/Ganbo/.eide/tools/gcc_arm/bin/../lib/gcc/arm-none-eabi/14.3.1/../../../../arm-none-eabi/lib/thumb/v7e-m+fp/softfp\libm.a(libm_a-sf_fabs.o)
                              C:/Users/Ganbo/.eide/tools/gcc_arm/bin/../lib/gcc/arm-none-eabi/14.3.1/../../../../arm-none-eabi/lib/thumb/v7e-m+fp/softfp\libm.a(libm_a-wf_acos.o) (fabsf)
C:/Users/Ganbo/.eide/tools/gcc_arm/bin/../lib/gcc/arm-none-eabi/14.3.1/../../../../arm-none-eabi/lib/thumb/v7e-m+fp/softfp\libm.a(libm_a-sf_sin.o)
                              ./build/Debug/.obj/Core/APP/car.o (sinf)
C:/Users/Ganbo/.eide/tools/gcc_arm/bin/../lib/gcc/arm-none-eabi/14.3.1/../../../../arm-none-eabi/lib/thumb/v7e-m+fp/softfp\libm.a(libm_a-sf_nan.o)
                              C:/Users/Ganbo/.eide/tools/gcc_arm/bin/../lib/gcc/arm-none-eabi/14.3.1/../../../../arm-none-eabi/lib/thumb/v7e-m+fp/softfp\libm.a(libm_a-wf_acos.o) (nanf)
C:/Users/Ganbo/.eide/tools/gcc_arm/bin/../lib/gcc/arm-none-eabi/14.3.1/../../../../arm-none-eabi/lib/thumb/v7e-m+fp/softfp\libm.a(libm_a-sf_fmax.o)
                              ./build/Debug/.obj/Core/APP/push.o (fmaxf)
C:/Users/Ganbo/.eide/tools/gcc_arm/bin/../lib/gcc/arm-none-eabi/14.3.1/../../../../arm-none-eabi/lib/thumb/v7e-m+fp/softfp\libm.a(libm_a-sf_fmin.o)
                              ./build/Debug/.obj/Core/APP/push.o (fminf)
C:/Users/Ganbo/.eide/tools/gcc_arm/bin/../lib/gcc/arm-none-eabi/14.3.1/../../../../arm-none-eabi/lib/thumb/v7e-m+fp/softfp\libm.a(libm_a-sf_fpclassify.o)
                              C:/Users/Ganbo/.eide/tools/gcc_arm/bin/../lib/gcc/arm-none-eabi/14.3.1/../../../../arm-none-eabi/lib/thumb/v7e-m+fp/softfp\libm.a(libm_a-sf_fmax.o) (__fpclassifyf)
C:/Users/Ganbo/.eide/tools/gcc_arm/bin/../lib/gcc/arm-none-eabi/14.3.1/../../../../arm-none-eabi/lib/thumb/v7e-m+fp/softfp\libm.a(libm_a-e_fmod.o)
                              C:/Users/Ganbo/.eide/tools/gcc_arm/bin/../lib/gcc/arm-none-eabi/14.3.1/../../../../arm-none-eabi/lib/thumb/v7e-m+fp/softfp\libm.a(libm_a-w_fmod.o) (__ieee754_fmod)
C:/Users/Ganbo/.eide/tools/gcc_arm/bin/../lib/gcc/arm-none-eabi/14.3.1/../../../../arm-none-eabi/lib/thumb/v7e-m+fp/softfp\libm.a(libm_a-kf_cos.o)
                              C:/Users/Ganbo/.eide/tools/gcc_arm/bin/../lib/gcc/arm-none-eabi/14.3.1/../../../../arm-none-eabi/lib/thumb/v7e-m+fp/softfp\libm.a(libm_a-sf_cos.o) (__kernel_cosf)
C:/Users/Ganbo/.eide/tools/gcc_arm/bin/../lib/gcc/arm-none-eabi/14.3.1/../../../../arm-none-eabi/lib/thumb/v7e-m+fp/softfp\libm.a(libm_a-kf_sin.o)
                              C:/Users/Ganbo/.eide/tools/gcc_arm/bin/../lib/gcc/arm-none-eabi/14.3.1/../../../../arm-none-eabi/lib/thumb/v7e-m+fp/softfp\libm.a(libm_a-sf_cos.o) (__kernel_sinf)
C:/Users/Ganbo/.eide/tools/gcc_arm/bin/../lib/gcc/arm-none-eabi/14.3.1/../../../../arm-none-eabi/lib/thumb/v7e-m+fp/softfp\libm.a(libm_a-ef_acos.o)
                              C:/Users/Ganbo/.eide/tools/gcc_arm/bin/../lib/gcc/arm-none-eabi/14.3.1/../../../../arm-none-eabi/lib/thumb/v7e-m+fp/softfp\libm.a(libm_a-wf_acos.o) (__ieee754_acosf)
C:/Users/Ganbo/.eide/tools/gcc_arm/bin/../lib/gcc/arm-none-eabi/14.3.1/../../../../arm-none-eabi/lib/thumb/v7e-m+fp/softfp\libm.a(libm_a-ef_rem_pio2.o)
                              C:/Users/Ganbo/.eide/tools/gcc_arm/bin/../lib/gcc/arm-none-eabi/14.3.1/../../../../arm-none-eabi/lib/thumb/v7e-m+fp/softfp\libm.a(libm_a-sf_cos.o) (__ieee754_rem_pio2f)
C:/Users/Ganbo/.eide/tools/gcc_arm/bin/../lib/gcc/arm-none-eabi/14.3.1/../../../../arm-none-eabi/lib/thumb/v7e-m+fp/softfp\libm.a(libm_a-ef_sqrt.o)
                              C:/Users/Ganbo/.eide/tools/gcc_arm/bin/../lib/gcc/arm-none-eabi/14.3.1/../../../../arm-none-eabi/lib/thumb/v7e-m+fp/softfp\libm.a(libm_a-ef_acos.o) (__ieee754_sqrtf)
C:/Users/Ganbo/.eide/tools/gcc_arm/bin/../lib/gcc/arm-none-eabi/14.3.1/../../../../arm-none-eabi/lib/thumb/v7e-m+fp/softfp\libm.a(libm_a-kf_rem_pio2.o)
                              C:/Users/Ganbo/.eide/tools/gcc_arm/bin/../lib/gcc/arm-none-eabi/14.3.1/../../../../arm-none-eabi/lib/thumb/v7e-m+fp/softfp\libm.a(libm_a-ef_rem_pio2.o) (__kernel_rem_pio2f)
C:/Users/Ganbo/.eide/tools/gcc_arm/bin/../lib/gcc/arm-none-eabi/14.3.1/../../../../arm-none-eabi/lib/thumb/v7e-m+fp/softfp\libm.a(libm_a-sf_scalbn.o)
[...]
Memory Configuration

Name             Origin             Length             Attributes
RAM              0x20000000         0x00030000         xrw
CCMRAM           0x10000000         0x00010000         xrw
FLASH            0x08000000         0x00200000         xr
*default*        0x00000000         0xffffffff

Linker script and memory map

LOAD C:/Users/Ganbo/.eide/tools/gcc_arm/bin/../lib/gcc/arm-none-eabi/14.3.1/thumb/v7e-m+fp/softfp/crti.o
LOAD C:/Users/Ganbo/.eide/tools/gcc_arm/bin/../lib/gcc/arm-none-eabi/14.3.1/thumb/v7e-m+fp/softfp/crtbegin.o
LOAD C:/Users/Ganbo/.eide/tools/gcc_arm/bin/../lib/gcc/arm-none-eabi/14.3.1/../../../../arm-none-eabi/lib/thumb/v7e-m+fp/softfp/crt0.o
LOAD ./build/Debug/.obj/Core/APP/app.o
LOAD ./build/Debug/.obj/Core/APP/car.o
LOAD ./build/Debug/.obj/Core/APP/push.o
LOAD ./build/Debug/.obj/Core/APP/raspi.o
LOAD ./build/Debug/.obj/Core/APP/scara.o
LOAD ./build/Debug/.obj/Core/BSP/MI_motor_dev.o
LOAD ./build/Debug/.obj/Core/BSP/bsp.o
LOAD ./build/Debug/.obj/Core/BSP/door.o
LOAD ./build/Debug/.obj/Core/BSP/filter.o
LOAD ./build/Debug/.obj/Core/BSP/pid.o
LOAD ./build/Debug/.obj/Core/Src/can.o
LOAD ./build/Debug/.obj/Core/Src/dma.o
LOAD ./build/Debug/.obj/Core/Src/freertos.o
LOAD ./build/Debug/.obj/Core/Src/gpio.o
LOAD ./build/Debug/.obj/Core/Src/main.o
LOAD ./build/Debug/.obj/Core/Src/my_task.o
LOAD ./build/Debug/.obj/Core/Src/stm32f4xx_hal_msp.o
LOAD ./build/Debug/.obj/Core/Src/stm32f4xx_hal_timebase_tim.o
LOAD ./build/Debug/.obj/Core/Src/stm32f4xx_it.o
LOAD ./build/Debug/.obj/Core/Src/syscalls.o
LOAD ./build/Debug/.obj/Core/Src/sysmem.o
LOAD ./build/Debug/.obj/Core/Src/system_stm32f4xx.o
LOAD ./build/Debug/.obj/Core/Src/tim.o
LOAD ./build/Debug/.obj/Core/Src/usart.o
LOAD ./build/Debug/.obj/Drivers/STM32F4xx_HAL_Driver/Src/stm32f4xx_hal.o
LOAD ./build/Debug/.obj/Drivers/STM32F4xx_HAL_Driver/Src/stm32f4xx_hal_can.o
LOAD ./build/Debug/.obj/Drivers/STM32F4xx_HAL_Driver/Src/stm32f4xx_hal_cortex.o
LOAD ./build/Debug/.obj/Drivers/STM32F4xx_HAL_Driver/Src/stm32f4xx_hal_dma.o
LOAD ./build/Debug/.obj/Drivers/STM32F4xx_HAL_Driver/Src/stm32f4xx_hal_dma_ex.o
LOAD ./build/Debug/.obj/Drivers/STM32F4xx_HAL_Driver/Src/stm32f4xx_hal_exti.o
LOAD ./build/Debug/.obj/Drivers/STM32F4xx_HAL_Driver/Src/stm32f4xx_hal_flash.o
LOAD ./build/Debug/.obj/Drivers/STM32F4xx_HAL_Driver/Src/stm32f4xx_hal_flash_ex.o
LOAD ./build/Debug/.obj/Drivers/STM32F4xx_HAL_Driver/Src/stm32f4xx_hal_flash_ramfunc.o
LOAD ./build/Debug/.obj/Drivers/STM32F4xx_HAL_Driver/Src/stm32f4xx_hal_gpio.o
LOAD ./build/Debug/.obj/Drivers/STM32F4xx_HAL_Driver/Src/stm32f4xx_hal_pwr.o
LOAD ./build/Debug/.obj/Drivers/STM32F4xx_HAL_Driver/Src/stm32f4xx_hal_pwr_ex.o
LOAD ./build/Debug/.obj/Drivers/STM32F4xx_HAL_Driver/Src/stm32f4xx_hal_rcc.o
LOAD ./build/Debug/.obj/Drivers/STM32F4xx_HAL_Driver/Src/stm32f4xx_hal_rcc_ex.o
LOAD ./build/Debug/.obj/Drivers/STM32F4xx_HAL_Driver/Src/stm32f4xx_hal_tim.o
LOAD ./build/Debug/.obj/Drivers/STM32F4xx_HAL_Driver/Src/stm32f4xx_hal_tim_ex.o
LOAD ./build/Debug/.obj/Drivers/STM32F4xx_HAL_Driver/Src/stm32f4xx_hal_uart.o
LOAD ./build/Debug/.obj/Middlewares/Third_Party/FreeRTOS/Source/CMSIS_RTOS_V2/cmsis_os2.o
LOAD ./build/Debug/.obj/Middlewares/Third_Party/FreeRTOS/Source/croutine.o
LOAD ./build/Debug/.obj/Middlewares/Third_Party/FreeRTOS/Source/event_groups.o
LOAD ./build/Debug/.obj/Middlewares/Third_Party/FreeRTOS/Source/list.o
LOAD ./build/Debug/.obj/Middlewares/Third_Party/FreeRTOS/Source/portable/GCC/ARM_CM4F/port.o
LOAD ./build/Debug/.obj/Middlewares/Third_Party/FreeRTOS/Source/portable/MemMang/heap_4.o
LOAD ./build/Debug/.obj/Middlewares/Third_Party/FreeRTOS/Source/queue.o
LOAD ./build/Debug/.obj/Middlewares/Third_Party/FreeRTOS/Source/stream_buffer.o
LOAD ./build/Debug/.obj/Middlewares/Third_Party/FreeRTOS/Source/tasks.o
LOAD ./build/Debug/.obj/Middlewares/Third_Party/FreeRTOS/Source/timers.o
LOAD ./build/Debug/.obj/startup_stm32f427xx.o
LOAD C:/Users/Ganbo/.eide/tools/gcc_arm/bin/../lib/gcc/arm-none-eabi/14.3.1/../../../../arm-none-eabi/lib/thumb/v7e-m+fp/softfp\libm.a
START GROUP
LOAD C:/Users/Ganbo/.eide/tools/gcc_arm/bin/../lib/gcc/arm-none-eabi/14.3.1/thumb/v7e-m+fp/softfp\libgcc.a
LOAD C:/Users/Ganbo/.eide/tools/gcc_arm/bin/../lib/gcc/arm-none-eabi/14.3.1/../../../../arm-none-eabi/lib/thumb/v7e-m+fp/softfp\libc_nano.a
END GROUP
START GROUP
LOAD C:/Users/Ganbo/.eide/tools/gcc_arm/bin/../lib/gcc/arm-none-eabi/14.3.1/thumb/v7e-m+fp/softfp\libgcc.a
LOAD C:/Users/Ganbo/.eide/tools/gcc_arm/bin/../lib/gcc/arm-none-eabi/14.3.1/../../../../arm-none-eabi/lib/thumb/v7e-m+fp/softfp\libc_nano.a
LOAD C:/Users/Ganbo/.eide/tools/gcc_arm/bin/../lib/gcc/arm-none-eabi/14.3.1/../../../../arm-none-eabi/lib/thumb/v7e-m+fp/softfp\libnosys.a
END GROUP
START GROUP
LOAD C:/Users/Ganbo/.eide/tools/gcc_arm/bin/../lib/gcc/arm-none-eabi/14.3.1/thumb/v7e-m+fp/softfp\libgcc.a
LOAD C:/Users/Ganbo/.eide/tools/gcc_arm/bin/../lib/gcc/arm-none-eabi/14.3.1/../../../../arm-none-eabi/lib/thumb/v7e-m+fp/softfp\libc_nano.a
LOAD C:/Users/Ganbo/.eide/tools/gcc_arm/bin/../lib/gcc/arm-none-eabi/14.3.1/../../../../arm-none-eabi/lib/thumb/v7e-m+fp/softfp\libnosys.a
END GROUP
LOAD C:/Users/Ganbo/.eide/tools/gcc_arm/bin/../lib/gcc/arm-none-eabi/14.3.1/thumb/v7e-m+fp/softfp/crtend.o
LOAD C:/Users/Ganbo/.eide/tools/gcc_arm/bin/../lib/gcc/arm-none-eabi/14.3.1/thumb/v7e-m+fp/softfp/crtn.o
                0x20030000                        _estack = (ORIGIN (RAM) + LENGTH (RAM))
                0x00000200                        _Min_Heap_Size = 0x200
                0x00000400                        _Min_Stack_Size = 0x400

.isr_vector     0x08000000      0x1ac
                0x08000000                        . = ALIGN (0x4)
 *(.isr_vector)
 .isr_vector    0x08000000      0x1ac ./build/Debug/.obj/startup_stm32f427xx.o
                0x08000000                g_pfnVectors
                0x080001ac                        . = ALIGN (0x4)

.text           0x080001b0     0xce20
                0x080001b0                        . = ALIGN (0x4)
 *(.text)
 .text          0x080001b0      0x378 C:/Users/Ganbo/.eide/tools/gcc_arm/bin/../lib/gcc/arm-none-eabi/14.3.1/thumb/v7e-m+fp/softfp\libgcc.a(_arm_addsubdf3.o)
                0x080001b0                __aeabi_drsub
                0x080001b8                __aeabi_dsub
                0x080001b8                __subdf3
                0x080001bc                __aeabi_dadd
                0x080001bc                __adddf3
                0x08000434                __floatunsidf
                0x08000434                __aeabi_ui2d
                0x08000454                __floatsidf
                0x08000454                __aeabi_i2d
                0x08000478                __aeabi_f2d
                0x08000478                __extendsfdf2
                0x080004bc                __floatundidf
                0x080004bc                __aeabi_ul2d
                0x080004cc                __floatdidf
                0x080004cc                __aeabi_l2d
 .text          0x08000528      0x424 C:/Users/Ganbo/.eide/tools/gcc_arm/bin/../lib/gcc/arm-none-eabi/14.3.1/thumb/v7e-m+fp/softfp\libgcc.a(_arm_muldivdf3.o)
                0x08000528                __aeabi_dmul
                0x08000528                __muldf3
                0x0800077c                __divdf3
                0x0800077c                __aeabi_ddiv
 .text          0x0800094c      0x110 C:/Users/Ganbo/.eide/tools/gcc_arm/bin/../lib/gcc/arm-none-eabi/14.3.1/thumb/v7e-m+fp/softfp\libgcc.a(_arm_cmpdf2.o)
                0x0800094c                __gtdf2
                0x0800094c                __gedf2
                0x08000954                __ltdf2
                0x08000954                __ledf2
                0x0800095c                __nedf2
                0x0800095c                __eqdf2
                0x0800095c                __cmpdf2
                0x080009d8                __aeabi_cdrcmple
                0x080009e8                __aeabi_cdcmpeq
                0x080009e8                __aeabi_cdcmple
                0x080009f8                __aeabi_dcmpeq
                0x08000a0c                __aeabi_dcmplt
                0x08000a20                __aeabi_dcmple
                0x08000a34                __aeabi_dcmpge
                0x08000a48                __aeabi_dcmpgt
 .text          0x08000a5c       0x2c C:/Users/Ganbo/.eide/tools/gcc_arm/bin/../lib/gcc/arm-none-eabi/14.3.1/thumb/v7e-m+fp/softfp\libgcc.a(_arm_unorddf2.o)
                0x08000a5c                __unorddf2
                0x08000a5c                __aeabi_dcmpun
 .text          0x08000a88       0x50 C:/Users/Ganbo/.eide/tools/gcc_arm/bin/../lib/gcc/arm-none-eabi/14.3.1/thumb/v7e-m+fp/softfp\libgcc.a(_arm_fixdfsi.o)
                0x08000a88                __aeabi_d2iz
                0x08000a88                __fixdfsi
 .text          0x08000ad8       0xa0 C:/Users/Ganbo/.eide/tools/gcc_arm/bin/../lib/gcc/arm-none-eabi/14.3.1/thumb/v7e-m+fp/softfp\libgcc.a(_arm_truncdfsf2.o)
                0x08000ad8                __truncdfsf2
                0x08000ad8                __aeabi_d2f
 .text          0x08000b78       0x30 C:/Users/Ganbo/.eide/tools/gcc_arm/bin/../lib/gcc/arm-none-eabi/14.3.1/thumb/v7e-m+fp/softfp\libgcc.a(_aeabi_uldivmod.o)
                0x08000b78                __aeabi_uldivmod
 .text          0x08000ba8        0x4 C:/Users/Ganbo/.eide/tools/gcc_arm/bin/../lib/gcc/arm-none-eabi/14.3.1/thumb/v7e-m+fp/softfp\libgcc.a(_dvmd_tls.o)
                0x08000ba8                __aeabi_idiv0
                0x08000ba8                __aeabi_ldiv0
 *fill*         0x08000bac        0x4 
 .text          0x08000bb0       0xa0 C:/Users/Ganbo/.eide/tools/gcc_arm/bin/../lib/gcc/arm-none-eabi/14.3.1/../../../../arm-none-eabi/lib/thumb/v7e-m+fp/softfp\libc_nano.a(libc_a-memchr.o)
                0x08000bb0                memchr
 .text          0x08000c50       0x10 C:/Users/Ganbo/.eide/tools/gcc_arm/bin/../lib/gcc/arm-none-eabi/14.3.1/../../../../arm-none-eabi/lib/thumb/v7e-m+fp/softfp\libc_nano.a(libc_a-strlen.o)
                0x08000c50                strlen
 *(.text*)
 .text.deregister_tm_clones
                0x08000c60       0x1c C:/Users/Ganbo/.eide/tools/gcc_arm/bin/../lib/gcc/arm-none-eabi/14.3.1/thumb/v7e-m+fp/softfp/crtbegin.o
 .text.register_tm_clones
                0x08000c7c       0x24 C:/Users/Ganbo/.eide/tools/gcc_arm/bin/../lib/gcc/arm-none-eabi/14.3.1/thumb/v7e-m+fp/softfp/crtbegin.o
 .text.__do_global_dtors_aux
                0x08000ca0       0x28 C:/Users/Ganbo/.eide/tools/gcc_arm/bin/../lib/gcc/arm-none-eabi/14.3.1/thumb/v7e-m+fp/softfp/crtbegin.o
 .text.frame_dummy
                0x08000cc8       0x24 C:/Users/Ganbo/.eide/tools/gcc_arm/bin/../lib/gcc/arm-none-eabi/14.3.1/thumb/v7e-m+fp/softfp/crtbegin.o
 .text.app_init
                0x08000cec       0x18 ./build/Debug/.obj/Core/APP/app.o
                0x08000cec                app_init
 .text.Start_Scara
                0x08000d04       0x30 ./build/Debug/.obj/Core/APP/app.o
                0x08000d04                Start_Scara
 .text.Get_Box  0x08000d34      0x574 ./build/Debug/.obj/Core/APP/app.o
                0x08000d34                Get_Box
 .text.Ready_To_Put_Box
                0x080012a8      0x188 ./build/Debug/.obj/Core/APP/app.o
                0x080012a8                Ready_To_Put_Box
 .text.omega_zero
                0x08001430       0x40 ./build/Debug/.obj/Core/APP/car.o
                0x08001430                omega_zero
 .text.Hwt_auto_get_offset_ON
                0x08001470       0x3c ./build/Debug/.obj/Core/APP/car.o
                0x08001470                Hwt_auto_get_offset_ON
 .text.Init_Imu
                0x080014ac       0x10 ./build/Debug/.obj/Core/APP/car.o
                0x080014ac                Init_Imu
 .text.Init_Car
                0x080014bc       0x60 ./build/Debug/.obj/Core/APP/car.o
                0x080014bc                Init_Car
 .text.Reset_Car_Status
                0x0800151c       0x6c ./build/Debug/.obj/Core/APP/car.o
                0x0800151c                Reset_Car_Status
 .text.From_Motor_to_Car_Status
                0x08001588      0x280 ./build/Debug/.obj/Core/APP/car.o
                0x08001588                From_Motor_to_Car_Status
 .text.Update_Car_Status
                0x08001808       0x28 ./build/Debug/.obj/Core/APP/car.o
                0x08001808                Update_Car_Status
 .text.Publish_Car_Speed
                0x08001830      0x174 ./build/Debug/.obj/Core/APP/car.o
                0x08001830                Publish_Car_Speed
 .text.Car_Stop
                0x080019a4       0x58 ./build/Debug/.obj/Core/APP/car.o
                0x080019a4                Car_Stop
 .text.Move_To_Position_XYZ
                0x080019fc      0x1a8 ./build/Debug/.obj/Core/APP/car.o
                0x080019fc                Move_To_Position_XYZ
 .text.Move_By_Vision
                0x08001ba4      0x390 ./build/Debug/.obj/Core/APP/car.o
                0x08001ba4                Move_By_Vision
 .text.Move_By_Easy
                0x08001f34      0x164 ./build/Debug/.obj/Core/APP/car.o
                0x08001f34                Move_By_Easy
 .text.Move_Translation
                0x08002098      0x13c ./build/Debug/.obj/Core/APP/car.o
                0x08002098                Move_Translation
 .text.Init_push
                0x080021d4       0x28 ./build/Debug/.obj/Core/APP/push.o
                0x080021d4                Init_push
 .text.Calculate_Angles_From_Position
                0x080021fc       0x3c ./build/Debug/.obj/Core/APP/push.o
                0x080021fc                Calculate_Angles_From_Position
 .text.push_Move_To_Position
                0x08002238       0x4c ./build/Debug/.obj/Core/APP/push.o
                0x08002238                push_Move_To_Position
 .text.push_Update
                0x08002284       0x18 ./build/Debug/.obj/Core/APP/push.o
                0x08002284                push_Update
 .text.push_PosCtrl
                0x0800229c       0x30 ./build/Debug/.obj/Core/APP/push.o
                0x0800229c                push_PosCtrl
 .text.add_push_ctrl
                0x080022cc       0x88 ./build/Debug/.obj/Core/APP/push.o
                0x080022cc                add_push_ctrl
 .text.Init_Raspi
                0x08002354       0x70 ./build/Debug/.obj/Core/APP/raspi.o
                0x08002354                Init_Raspi
 .text.Raspi_Process_Data
                0x080023c4       0xb0 ./build/Debug/.obj/Core/APP/raspi.o
                0x080023c4                Raspi_Process_Data
 .text.Init_Scara
                0x08002474       0x40 ./build/Debug/.obj/Core/APP/scara.o
                0x08002474                Init_Scara
 .text.Update_Scara_Status
                0x080024b4       0x3c ./build/Debug/.obj/Core/APP/scara.o
                0x080024b4                Update_Scara_Status
 .text.add_scara_ctrl
                0x080024f0      0x120 ./build/Debug/.obj/Core/APP/scara.o
                0x080024f0                add_scara_ctrl
 .text.Scara_PosCtrl
                0x08002610       0x28 ./build/Debug/.obj/Core/APP/scara.o
                0x08002610                Scara_PosCtrl
 .text.Control_End_Rotation
                0x08002638       0x44 ./build/Debug/.obj/Core/APP/scara.o
                0x08002638                Control_End_Rotation
 .text.Maintain_End_Rotation
                0x0800267c       0x10 ./build/Debug/.obj/Core/APP/scara.o
                0x0800267c                Maintain_End_Rotation
 .text.End_Rotation_Ctrl
                0x0800268c       0x18 ./build/Debug/.obj/Core/APP/scara.o
                0x0800268c                End_Rotation_Ctrl
 .text.Grab_On  0x080026a4       0x4c ./build/Debug/.obj/Core/APP/scara.o
                0x080026a4                Grab_On
 .text.Grab_Off
                0x080026f0       0x4c ./build/Debug/.obj/Core/APP/scara.o
                0x080026f0                Grab_Off
 .text.float_to_bytes
                0x0800273c       0x1a ./build/Debug/.obj/Core/BSP/MI_motor_dev.o
                0x0800273c                float_to_bytes
 *fill*         0x08002756        0x2 
 .text.MI_Motor_CanTx
                0x08002758       0x40 ./build/Debug/.obj/Core/BSP/MI_motor_dev.o
                0x08002758                MI_Motor_CanTx
 .text.MI_motor_init
                0x08002798       0x24 ./build/Debug/.obj/Core/BSP/MI_motor_dev.o
                0x08002798                MI_motor_init
 .text.MI_motor_enable
                0x080027bc       0x40 ./build/Debug/.obj/Core/BSP/MI_motor_dev.o
                0x080027bc                MI_motor_enable
 .text.MI_motor_setMode
                0x080027fc       0x4c ./build/Debug/.obj/Core/BSP/MI_motor_dev.o
                0x080027fc                MI_motor_setMode
 .text.MI_motor_stop
                0x08002848       0x40 ./build/Debug/.obj/Core/BSP/MI_motor_dev.o
                0x08002848                MI_motor_stop
 .text.MI_motor_setMechPosition2Zero
                0x08002888       0x40 ./build/Debug/.obj/Core/BSP/MI_motor_dev.o
                0x08002888                MI_motor_setMechPosition2Zero
 .text.MI_motor_Write_One_Para
                0x080028c8       0x38 ./build/Debug/.obj/Core/BSP/MI_motor_dev.o
                0x080028c8                MI_motor_Write_One_Para
 .text.MI_motor_Read_One_Para
                0x08002900       0x3c ./build/Debug/.obj/Core/BSP/MI_motor_dev.o
                0x08002900                MI_motor_Read_One_Para
 .text.MI_motor_get_mechPos
                0x0800293c        0xc ./build/Debug/.obj/Core/BSP/MI_motor_dev.o
                0x0800293c                MI_motor_get_mechPos
 .text.MI_motor_PosCtrl
                0x08002948       0x20 ./build/Debug/.obj/Core/BSP/MI_motor_dev.o
                0x08002948                MI_motor_PosCtrl
 .text.MI_motor_SetSpdLim
                0x08002968       0x26 ./build/Debug/.obj/Core/BSP/MI_motor_dev.o
                0x08002968                MI_motor_SetSpdLim
 .text.MI_motor_SpdCtrl
                0x0800298e       0x4c ./build/Debug/.obj/Core/BSP/MI_motor_dev.o
                0x0800298e                MI_motor_SpdCtrl
 .text.MI_motor_SetCurrLim
                0x080029da       0x26 ./build/Debug/.obj/Core/BSP/MI_motor_dev.o
                0x080029da                MI_motor_SetCurrLim
 .text.MI_motor_onePara_decode
                0x08002a00       0xc0 ./build/Debug/.obj/Core/BSP/MI_motor_dev.o
                0x08002a00                MI_motor_onePara_decode
 .text.MI_motor_decode
                0x08002ac0      0x150 ./build/Debug/.obj/Core/BSP/MI_motor_dev.o
                0x08002ac0                MI_motor_decode
 .text.MIMotor_MotorDataDecode
                0x08002c10       0x8c ./build/Debug/.obj/Core/BSP/MI_motor_dev.o
                0x08002c10                MIMotor_MotorDataDecode
 .text.Change_Chassis_Motor_Mode
                0x08002c9c       0x24 ./build/Debug/.obj/Core/BSP/bsp.o
                0x08002c9c                Change_Chassis_Motor_Mode
 .text.En_Chassis_Motor
                0x08002cc0       0x20 ./build/Debug/.obj/Core/BSP/bsp.o
                0x08002cc0                En_Chassis_Motor
 .text.Dis_Chassis_Motor
                0x08002ce0       0x20 ./build/Debug/.obj/Core/BSP/bsp.o
                0x08002ce0                Dis_Chassis_Motor
 .text.Reset_Chassis_Motor_MechPosition
                0x08002d00       0x30 ./build/Debug/.obj/Core/BSP/bsp.o
                0x08002d00                Reset_Chassis_Motor_MechPosition
 .text.Init_Chassis_Motor
                0x08002d30       0x74 ./build/Debug/.obj/Core/BSP/bsp.o
                0x08002d30                Init_Chassis_Motor
 .text.Publish_Chassis_Motor_Speed
                0x08002da4       0x84 ./build/Debug/.obj/Core/BSP/bsp.o
                0x08002da4                Publish_Chassis_Motor_Speed
 .text.Disable_IMU_Interrupts
                0x08002e28        0xa ./build/Debug/.obj/Core/BSP/bsp.o
                0x08002e28                Disable_IMU_Interrupts
 *fill*         0x08002e32        0x2 
 .text.Enable_IMU_Interrupts
                0x08002e34       0x28 ./build/Debug/.obj/Core/BSP/bsp.o
                0x08002e34                Enable_IMU_Interrupts
 .text.Change_Scara_Motor_Mode
                0x08002e5c       0x24 ./build/Debug/.obj/Core/BSP/bsp.o
                0x08002e5c                Change_Scara_Motor_Mode
 .text.Init_Scara_Motor
                0x08002e80       0x64 ./build/Debug/.obj/Core/BSP/bsp.o
                0x08002e80                Init_Scara_Motor
 .text.En_Scara_Motor
                0x08002ee4       0x20 ./build/Debug/.obj/Core/BSP/bsp.o
                0x08002ee4                En_Scara_Motor
 .text.Dis_Scara_Motor
                0x08002f04       0x20 ./build/Debug/.obj/Core/BSP/bsp.o
                0x08002f04                Dis_Scara_Motor
 .text.Reset_Scara_Motor_MechPosition
                0x08002f24       0x20 ./build/Debug/.obj/Core/BSP/bsp.o
                0x08002f24                Reset_Scara_Motor_MechPosition
 .text.Change_pushing_Motor_Mode
                0x08002f44       0x14 ./build/Debug/.obj/Core/BSP/bsp.o
                0x08002f44                Change_pushing_Motor_Mode
 .text.Init_pushing_Motor
                0x08002f58       0x3c ./build/Debug/.obj/Core/BSP/bsp.o
                0x08002f58                Init_pushing_Motor
 .text.bsp_init
                0x08002f94       0x14 ./build/Debug/.obj/Core/BSP/bsp.o
                0x08002f94                bsp_init
 .text.En_pushing_Motor
                0x08002fa8       0x10 ./build/Debug/.obj/Core/BSP/bsp.o
                0x08002fa8                En_pushing_Motor
 .text.Dis_pushing_Motor
                0x08002fb8       0x10 ./build/Debug/.obj/Core/BSP/bsp.o
                0x08002fb8                Dis_pushing_Motor
 .text.Reset_pushing_Motor_MechPosition
                0x08002fc8       0x18 ./build/Debug/.obj/Core/BSP/bsp.o
                0x08002fc8                Reset_pushing_Motor_MechPosition
 .text.Filter_Calculate_Checksum
                0x08002fe0       0x1c ./build/Debug/.obj/Core/BSP/filter.o
                0x08002fe0                Filter_Calculate_Checksum
 .text.Filter_Send_Command
                0x08002ffc       0x14 ./build/Debug/.obj/Core/BSP/filter.o
                0x08002ffc                Filter_Send_Command
 .text.Filter_Servo_PosCtrl
                0x08003010       0xf2 ./build/Debug/.obj/Core/BSP/filter.o
                0x08003010                Filter_Servo_PosCtrl
 *fill*         0x08003102        0x2 
 .text.Init_PID
                0x08003104      0x4bc ./build/Debug/.obj/Core/BSP/pid.o
                0x08003104                Init_PID
 .text.Reset_PID
                0x080035c0       0x2c ./build/Debug/.obj/Core/BSP/pid.o
                0x080035c0                Reset_PID
 .text.PID_Calc_XY
                0x080035ec      0x1a4 ./build/Debug/.obj/Core/BSP/pid.o
                0x080035ec                PID_Calc_XY
 .text.PID_Calc_Z
                0x08003790      0x1a4 ./build/Debug/.obj/Core/BSP/pid.o
                0x08003790                PID_Calc_Z
 .text.MX_CAN1_Init
                0x08003934       0x3c ./build/Debug/.obj/Core/Src/can.o
                0x08003934                MX_CAN1_Init
 .text.MX_CAN2_Init
                0x08003970       0x3c ./build/Debug/.obj/Core/Src/can.o
                0x08003970                MX_CAN2_Init
 .text.HAL_CAN_MspInit
                0x080039ac      0x124 ./build/Debug/.obj/Core/Src/can.o
                0x080039ac                HAL_CAN_MspInit
 .text.CAN_Filter_Config
                0x08003ad0       0x4c ./build/Debug/.obj/Core/Src/can.o
                0x08003ad0                CAN_Filter_Config
 .text.MX_DMA_Init
                0x08003b1c       0x68 ./build/Debug/.obj/Core/Src/dma.o
                0x08003b1c                MX_DMA_Init
 .text.StartChassisTask
                0x08003b84       0x8c ./build/Debug/.obj/Core/Src/freertos.o
                0x08003b84                StartChassisTask
 .text.StartScaraTask
                0x08003c10       0x6c ./build/Debug/.obj/Core/Src/freertos.o
                0x08003c10                StartScaraTask
 .text.StartMainTask
                0x08003c7c       0x32 ./build/Debug/.obj/Core/Src/freertos.o
                0x08003c7c                StartMainTask
 *fill*         0x08003cae        0x2 
 .text.MX_FREERTOS_Init
                0x08003cb0       0x80 ./build/Debug/.obj/Core/Src/freertos.o
                0x08003cb0                MX_FREERTOS_Init
 .text.MX_GPIO_Init
                0x08003d30      0x13c ./build/Debug/.obj/Core/Src/gpio.o
                0x08003d30                MX_GPIO_Init
 .text.HAL_CAN_RxFifo0MsgPendingCallback
                0x08003e6c       0x4c ./build/Debug/.obj/Core/Src/main.o
                0x08003e6c                HAL_CAN_RxFifo0MsgPendingCallback
 .text.HAL_UART_RxCpltCallback
                0x08003eb8      0x240 ./build/Debug/.obj/Core/Src/main.o
                0x08003eb8                HAL_UART_RxCpltCallback
 .text.HAL_TIM_PeriodElapsedCallback
                0x080040f8       0x54 ./build/Debug/.obj/Core/Src/main.o
                0x080040f8                HAL_TIM_PeriodElapsedCallback
 .text.Error_Handler
                0x0800414c        0x4 ./build/Debug/.obj/Core/Src/main.o
                0x0800414c                Error_Handler
 .text.SystemClock_Config
                0x08004150       0xb4 ./build/Debug/.obj/Core/Src/main.o
                0x08004150                SystemClock_Config
 .text.main     0x08004204       0x88 ./build/Debug/.obj/Core/Src/main.o
                0x08004204                main
 .text.Init_All
                0x0800428c        0xc ./build/Debug/.obj/Core/Src/my_task.o
                0x0800428c                Init_All
 .text.test_Graber
                0x08004298       0x1c ./build/Debug/.obj/Core/Src/my_task.o
                0x08004298                test_Graber
 .text.HAL_MspInit
                0x080042b4       0x44 ./build/Debug/.obj/Core/Src/stm32f4xx_hal_msp.o
                0x080042b4                HAL_MspInit
 .text.HAL_InitTick
                0x080042f8       0xa4 ./build/Debug/.obj/Core/Src/stm32f4xx_hal_timebase_tim.o
                0x080042f8                HAL_InitTick
 .text.NMI_Handler
                0x0800439c        0x2 ./build/Debug/.obj/Core/Src/stm32f4xx_it.o
                0x0800439c                NMI_Handler
 .text.HardFault_Handler
                0x0800439e        0x2 ./build/Debug/.obj/Core/Src/stm32f4xx_it.o
                0x0800439e                HardFault_Handler
 .text.MemManage_Handler
                0x080043a0        0x2 ./build/Debug/.obj/Core/Src/stm32f4xx_it.o
                0x080043a0                MemManage_Handler
 .text.BusFault_Handler
                0x080043a2        0x2 ./build/Debug/.obj/Core/Src/stm32f4xx_it.o
                0x080043a2                BusFault_Handler
 .text.UsageFault_Handler
                0x080043a4        0x2 ./build/Debug/.obj/Core/Src/stm32f4xx_it.o
                0x080043a4                UsageFault_Handler
 .text.DebugMon_Handler
                0x080043a6        0x2 ./build/Debug/.obj/Core/Src/stm32f4xx_it.o
                0x080043a6                DebugMon_Handler
 .text.DMA1_Stream1_IRQHandler
                0x080043a8       0x10 ./build/Debug/.obj/Core/Src/stm32f4xx_it.o
                0x080043a8                DMA1_Stream1_IRQHandler
 .text.DMA1_Stream3_IRQHandler
                0x080043b8       0x10 ./build/Debug/.obj/Core/Src/stm32f4xx_it.o
                0x080043b8                DMA1_Stream3_IRQHandler
 .text.CAN1_RX0_IRQHandler
                0x080043c8       0x10 ./build/Debug/.obj/Core/Src/stm32f4xx_it.o
                0x080043c8                CAN1_RX0_IRQHandler
 .text.TIM5_IRQHandler
                0x080043d8       0x10 ./build/Debug/.obj/Core/Src/stm32f4xx_it.o
                0x080043d8                TIM5_IRQHandler
 .text.TIM7_IRQHandler
                0x080043e8       0x10 ./build/Debug/.obj/Core/Src/stm32f4xx_it.o
                0x080043e8                TIM7_IRQHandler
 .text.DMA2_Stream1_IRQHandler
                0x080043f8       0x10 ./build/Debug/.obj/Core/Src/stm32f4xx_it.o
                0x080043f8                DMA2_Stream1_IRQHandler
 .text.CAN2_RX0_IRQHandler
                0x08004408       0x10 ./build/Debug/.obj/Core/Src/stm32f4xx_it.o
                0x08004408                CAN2_RX0_IRQHandler
 .text._getpid  0x08004418        0x4 ./build/Debug/.obj/Core/Src/syscalls.o
                0x08004418                _getpid
 .text._kill    0x0800441c       0x10 ./build/Debug/.obj/Core/Src/syscalls.o
                0x0800441c                _kill
 .text._exit    0x0800442c        0xc ./build/Debug/.obj/Core/Src/syscalls.o
                0x0800442c                _exit
 .text._read    0x08004438       0x20 ./build/Debug/.obj/Core/Src/syscalls.o
                0x08004438                _read
 .text._close   0x08004458        0x6 ./build/Debug/.obj/Core/Src/syscalls.o
                0x08004458                _close
 .text._fstat   0x0800445e        0xa ./build/Debug/.obj/Core/Src/syscalls.o
                0x0800445e                _fstat
 .text._isatty  0x08004468        0x4 ./build/Debug/.obj/Core/Src/syscalls.o
                0x08004468                _isatty
 .text._lseek   0x0800446c        0x4 ./build/Debug/.obj/Core/Src/syscalls.o
                0x0800446c                _lseek
 .text._sbrk    0x08004470       0x48 ./build/Debug/.obj/Core/Src/sysmem.o
                0x08004470                _sbrk
 .text.SystemInit
                0x080044b8       0x14 ./build/Debug/.obj/Core/Src/system_stm32f4xx.o
                0x080044b8                SystemInit
 .text.MX_TIM5_Init
                0x080044cc       0x70 ./build/Debug/.obj/Core/Src/tim.o
                0x080044cc                MX_TIM5_Init
 .text.HAL_TIM_Base_MspInit
                0x0800453c       0x40 ./build/Debug/.obj/Core/Src/tim.o
                0x0800453c                HAL_TIM_Base_MspInit
 .text.HAL_TIM_PWM_MspInit
                0x0800457c       0x30 ./build/Debug/.obj/Core/Src/tim.o
                0x0800457c                HAL_TIM_PWM_MspInit
 .text.HAL_TIM_MspPostInit
                0x080045ac       0x58 ./build/Debug/.obj/Core/Src/tim.o
                0x080045ac                HAL_TIM_MspPostInit
 .text.MX_TIM12_Init
                0x08004604       0x64 ./build/Debug/.obj/Core/Src/tim.o
                0x08004604                MX_TIM12_Init
 .text.Buzzer_Set_Volume
                0x08004668       0x24 ./build/Debug/.obj/Core/Src/tim.o
                0x08004668                Buzzer_Set_Volume
 .text.Buzzer_On
                0x0800468c       0x18 ./build/Debug/.obj/Core/Src/tim.o
                0x0800468c                Buzzer_On
 .text.Buzzer_Off
                0x080046a4       0x10 ./build/Debug/.obj/Core/Src/tim.o
                0x080046a4                Buzzer_Off
 .text.Beep_On  0x080046b4       0x12 ./build/Debug/.obj/Core/Src/tim.o
                0x080046b4                Beep_On
 *fill*         0x080046c6        0x2 
 .text.__io_putchar
                0x080046c8       0x20 ./build/Debug/.obj/Core/Src/usart.o
                0x080046c8                __io_putchar
 .text._write   0x080046e8       0x1c ./build/Debug/.obj/Core/Src/usart.o
                0x080046e8                _write
 .text.MX_UART7_Init
                0x08004704       0x34 ./build/Debug/.obj/Core/Src/usart.o
                0x08004704                MX_UART7_Init
 .text.MX_UART8_Init
                0x08004738       0x34 ./build/Debug/.obj/Core/Src/usart.o
                0x08004738                MX_UART8_Init
 .text.MX_USART3_UART_Init
                0x0800476c       0x34 ./build/Debug/.obj/Core/Src/usart.o
                0x0800476c                MX_USART3_UART_Init
 .text.MX_USART6_UART_Init
                0x080047a0       0x34 ./build/Debug/.obj/Core/Src/usart.o
                0x080047a0                MX_USART6_UART_Init
 .text.HAL_UART_MspInit
                0x080047d4      0x224 ./build/Debug/.obj/Core/Src/usart.o
                0x080047d4                HAL_UART_MspInit
 .text.HAL_Init
                0x080049f8       0x34 ./build/Debug/.obj/Drivers/STM32F4xx_HAL_Driver/Src/stm32f4xx_hal.o
                0x080049f8                HAL_Init
 .text.HAL_IncTick
                0x08004a2c       0x18 ./build/Debug/.obj/Drivers/STM32F4xx_HAL_Driver/Src/stm32f4xx_hal.o
                0x08004a2c                HAL_IncTick
 .text.HAL_GetTick
                0x08004a44        0xc ./build/Debug/.obj/Drivers/STM32F4xx_HAL_Driver/Src/stm32f4xx_hal.o
                0x08004a44                HAL_GetTick
 .text.HAL_Delay
                0x08004a50       0x28 ./build/Debug/.obj/Drivers/STM32F4xx_HAL_Driver/Src/stm32f4xx_hal.o
                0x08004a50                HAL_Delay
 .text.HAL_CAN_Init
                0x08004a78      0x14c ./build/Debug/.obj/Drivers/STM32F4xx_HAL_Driver/Src/stm32f4xx_hal_can.o
                0x08004a78                HAL_CAN_Init
 .text.HAL_CAN_ConfigFilter
                0x08004bc4      0x138 ./build/Debug/.obj/Drivers/STM32F4xx_HAL_Driver/Src/stm32f4xx_hal_can.o
                0x08004bc4                HAL_CAN_ConfigFilter
 .text.HAL_CAN_Start
                0x08004cfc       0x5c ./build/Debug/.obj/Drivers/STM32F4xx_HAL_Driver/Src/stm32f4xx_hal_can.o
                0x08004cfc                HAL_CAN_Start
 .text.HAL_CAN_AddTxMessage
                0x08004d58       0xea ./build/Debug/.obj/Drivers/STM32F4xx_HAL_Driver/Src/stm32f4xx_hal_can.o
                0x08004d58                HAL_CAN_AddTxMessage
 .text.HAL_CAN_GetRxMessage
                0x08004e42      0x16a ./build/Debug/.obj/Drivers/STM32F4xx_HAL_Driver/Src/stm32f4xx_hal_can.o
                0x08004e42                HAL_CAN_GetRxMessage
 .text.HAL_CAN_ActivateNotification
                0x08004fac       0x24 ./build/Debug/.obj/Drivers/STM32F4xx_HAL_Driver/Src/stm32f4xx_hal_can.o
                0x08004fac                HAL_CAN_ActivateNotification
 .text.HAL_CAN_TxMailbox0CompleteCallback
                0x08004fd0        0x2 ./build/Debug/.obj/Drivers/STM32F4xx_HAL_Driver/Src/stm32f4xx_hal_can.o
                0x08004fd0                HAL_CAN_TxMailbox0CompleteCallback
 .text.HAL_CAN_TxMailbox1CompleteCallback
                0x08004fd2        0x2 ./build/Debug/.obj/Drivers/STM32F4xx_HAL_Driver/Src/stm32f4xx_hal_can.o
                0x08004fd2                HAL_CAN_TxMailbox1CompleteCallback
 .text.HAL_CAN_TxMailbox2CompleteCallback
                0x08004fd4        0x2 ./build/Debug/.obj/Drivers/STM32F4xx_HAL_Driver/Src/stm32f4xx_hal_can.o
                0x08004fd4                HAL_CAN_TxMailbox2CompleteCallback
 .text.HAL_CAN_TxMailbox0AbortCallback
                0x08004fd6        0x2 ./build/Debug/.obj/Drivers/STM32F4xx_HAL_Driver/Src/stm32f4xx_hal_can.o
                0x08004fd6                HAL_CAN_TxMailbox0AbortCallback
 .text.HAL_CAN_TxMailbox1AbortCallback
                0x08004fd8        0x2 ./build/Debug/.obj/Drivers/STM32F4xx_HAL_Driver/Src/stm32f4xx_hal_can.o
                0x08004fd8                HAL_CAN_TxMailbox1AbortCallback
 .text.HAL_CAN_TxMailbox2AbortCallback
                0x08004fda        0x2 ./build/Debug/.obj/Drivers/STM32F4xx_HAL_Driver/Src/stm32f4xx_hal_can.o
                0x08004fda                HAL_CAN_TxMailbox2AbortCallback
 .text.HAL_CAN_RxFifo0FullCallback
                0x08004fdc        0x2 ./build/Debug/.obj/Drivers/STM32F4xx_HAL_Driver/Src/stm32f4xx_hal_can.o
                0x08004fdc                HAL_CAN_RxFifo0FullCallback
 .text.HAL_CAN_RxFifo1MsgPendingCallback
                0x08004fde        0x2 ./build/Debug/.obj/Drivers/STM32F4xx_HAL_Driver/Src/stm32f4xx_hal_can.o
                0x08004fde                HAL_CAN_RxFifo1MsgPendingCallback
 .text.HAL_CAN_RxFifo1FullCallback
                0x08004fe0        0x2 ./build/Debug/.obj/Drivers/STM32F4xx_HAL_Driver/Src/stm32f4xx_hal_can.o
                0x08004fe0                HAL_CAN_RxFifo1FullCallback
 .text.HAL_CAN_SleepCallback
                0x08004fe2        0x2 ./build/Debug/.obj/Drivers/STM32F4xx_HAL_Driver/Src/stm32f4xx_hal_can.o
                0x08004fe2                HAL_CAN_SleepCallback
 .text.HAL_CAN_WakeUpFromRxMsgCallback
                0x08004fe4        0x2 ./build/Debug/.obj/Drivers/STM32F4xx_HAL_Driver/Src/stm32f4xx_hal_can.o
                0x08004fe4                HAL_CAN_WakeUpFromRxMsgCallback
 .text.HAL_CAN_ErrorCallback
                0x08004fe6        0x2 ./build/Debug/.obj/Drivers/STM32F4xx_HAL_Driver/Src/stm32f4xx_hal_can.o
                0x08004fe6                HAL_CAN_ErrorCallback
 .text.HAL_CAN_IRQHandler
                0x08004fe8      0x250 ./build/Debug/.obj/Drivers/STM32F4xx_HAL_Driver/Src/stm32f4xx_hal_can.o
                0x08004fe8                HAL_CAN_IRQHandler
 .text.__NVIC_EnableIRQ
                0x08005238       0x1c ./build/Debug/.obj/Drivers/STM32F4xx_HAL_Driver/Src/stm32f4xx_hal_cortex.o
 .text.__NVIC_DisableIRQ
                0x08005254       0x24 ./build/Debug/.obj/Drivers/STM32F4xx_HAL_Driver/Src/stm32f4xx_hal_cortex.o
 .text.__NVIC_SetPriority
                0x08005278       0x28 ./build/Debug/.obj/Drivers/STM32F4xx_HAL_Driver/Src/stm32f4xx_hal_cortex.o
 .text.NVIC_EncodePriority
                0x080052a0       0x3e ./build/Debug/.obj/Drivers/STM32F4xx_HAL_Driver/Src/stm32f4xx_hal_cortex.o
 *fill*         0x080052de        0x2 
 .text.HAL_NVIC_SetPriorityGrouping
                0x080052e0       0x24 ./build/Debug/.obj/Drivers/STM32F4xx_HAL_Driver/Src/stm32f4xx_hal_cortex.o
                0x080052e0                HAL_NVIC_SetPriorityGrouping
 .text.HAL_NVIC_SetPriority
                0x08005304       0x20 ./build/Debug/.obj/Drivers/STM32F4xx_HAL_Driver/Src/stm32f4xx_hal_cortex.o
                0x08005304                HAL_NVIC_SetPriority
 .text.HAL_NVIC_EnableIRQ
                0x08005324        0x8 ./build/Debug/.obj/Drivers/STM32F4xx_HAL_Driver/Src/stm32f4xx_hal_cortex.o
                0x08005324                HAL_NVIC_EnableIRQ
 .text.HAL_NVIC_DisableIRQ
                0x0800532c        0x8 ./build/Debug/.obj/Drivers/STM32F4xx_HAL_Driver/Src/stm32f4xx_hal_cortex.o
                0x0800532c                HAL_NVIC_DisableIRQ
 .text.DMA_SetConfig
                0x08005334       0x2c ./build/Debug/.obj/Drivers/STM32F4xx_HAL_Driver/Src/stm32f4xx_hal_dma.o
 .text.DMA_CalcBaseAndBitshift
                0x08005360       0x3c ./build/Debug/.obj/Drivers/STM32F4xx_HAL_Driver/Src/stm32f4xx_hal_dma.o
 .text.DMA_CheckFifoParam
                0x0800539c       0x8e ./build/Debug/.obj/Drivers/STM32F4xx_HAL_Driver/Src/stm32f4xx_hal_dma.o
 *fill*         0x0800542a        0x2 
 .text.HAL_DMA_Init
                0x0800542c       0xcc ./build/Debug/.obj/Drivers/STM32F4xx_HAL_Driver/Src/stm32f4xx_hal_dma.o
                0x0800542c                HAL_DMA_Init
 .text.HAL_DMA_Start_IT
                0x080054f8       0x68 ./build/Debug/.obj/Drivers/STM32F4xx_HAL_Driver/Src/stm32f4xx_hal_dma.o
                0x080054f8                HAL_DMA_Start_IT
 .text.HAL_DMA_IRQHandler
                0x08005560      0x1dc ./build/Debug/.obj/Drivers/STM32F4xx_HAL_Driver/Src/stm32f4xx_hal_dma.o
                0x08005560                HAL_DMA_IRQHandler
 .text.HAL_GPIO_Init
                0x0800573c      0x208 ./build/Debug/.obj/Drivers/STM32F4xx_HAL_Driver/Src/stm32f4xx_hal_gpio.o
                0x0800573c                HAL_GPIO_Init
 .text.HAL_GPIO_WritePin
                0x08005944        0xc ./build/Debug/.obj/Drivers/STM32F4xx_HAL_Driver/Src/stm32f4xx_hal_gpio.o
                0x08005944                HAL_GPIO_WritePin
 .text.HAL_PWREx_EnableOverDrive
                0x08005950       0x7c ./build/Debug/.obj/Drivers/STM32F4xx_HAL_Driver/Src/stm32f4xx_hal_pwr_ex.o
                0x08005950                HAL_PWREx_EnableOverDrive
 .text.HAL_RCC_OscConfig
                0x080059cc      0x3f8 ./build/Debug/.obj/Drivers/STM32F4xx_HAL_Driver/Src/stm32f4xx_hal_rcc.o
                0x080059cc                HAL_RCC_OscConfig
 .text.HAL_RCC_GetSysClockFreq
                0x08005dc4       0xa8 ./build/Debug/.obj/Drivers/STM32F4xx_HAL_Driver/Src/stm32f4xx_hal_rcc.o
                0x08005dc4                HAL_RCC_GetSysClockFreq
 .text.HAL_RCC_ClockConfig
                0x08005e6c      0x160 ./build/Debug/.obj/Drivers/STM32F4xx_HAL_Driver/Src/stm32f4xx_hal_rcc.o
                0x08005e6c                HAL_RCC_ClockConfig
 .text.HAL_RCC_GetHCLKFreq
                0x08005fcc        0xc ./build/Debug/.obj/Drivers/STM32F4xx_HAL_Driver/Src/stm32f4xx_hal_rcc.o
                0x08005fcc                HAL_RCC_GetHCLKFreq
 .text.HAL_RCC_GetPCLK1Freq
                0x08005fd8       0x20 ./build/Debug/.obj/Drivers/STM32F4xx_HAL_Driver/Src/stm32f4xx_hal_rcc.o
                0x08005fd8                HAL_RCC_GetPCLK1Freq
 .text.HAL_RCC_GetPCLK2Freq
                0x08005ff8       0x20 ./build/Debug/.obj/Drivers/STM32F4xx_HAL_Driver/Src/stm32f4xx_hal_rcc.o
                0x08005ff8                HAL_RCC_GetPCLK2Freq
 .text.HAL_RCC_GetClockConfig
                0x08006018       0x3c ./build/Debug/.obj/Drivers/STM32F4xx_HAL_Driver/Src/stm32f4xx_hal_rcc.o
                0x08006018                HAL_RCC_GetClockConfig
 .text.TIM_OC1_SetConfig
                0x08006054       0x70 ./build/Debug/.obj/Drivers/STM32F4xx_HAL_Driver/Src/stm32f4xx_hal_tim.o
 .text.TIM_OC3_SetConfig
                0x080060c4       0x70 ./build/Debug/.obj/Drivers/STM32F4xx_HAL_Driver/Src/stm32f4xx_hal_tim.o
 .text.TIM_OC4_SetConfig
                0x08006134       0x50 ./build/Debug/.obj/Drivers/STM32F4xx_HAL_Driver/Src/stm32f4xx_hal_tim.o
 .text.TIM_TI1_ConfigInputStage
                0x08006184       0x26 ./build/Debug/.obj/Drivers/STM32F4xx_HAL_Driver/Src/stm32f4xx_hal_tim.o
 .text.TIM_TI2_ConfigInputStage
                0x080061aa       0x28 ./build/Debug/.obj/Drivers/STM32F4xx_HAL_Driver/Src/stm32f4xx_hal_tim.o
 .text.TIM_ITRx_SetConfig
                0x080061d2       0x10 ./build/Debug/.obj/Drivers/STM32F4xx_HAL_Driver/Src/stm32f4xx_hal_tim.o
 *fill*         0x080061e2        0x2 
 .text.HAL_TIM_Base_Start_IT
                0x080061e4       0x84 ./build/Debug/.obj/Drivers/STM32F4xx_HAL_Driver/Src/stm32f4xx_hal_tim.o
                0x080061e4                HAL_TIM_Base_Start_IT
 .text.HAL_TIM_Base_Stop_IT
                0x08006268       0x32 ./build/Debug/.obj/Drivers/STM32F4xx_HAL_Driver/Src/stm32f4xx_hal_tim.o
                0x08006268                HAL_TIM_Base_Stop_IT
 .text.HAL_TIM_OC_DelayElapsedCallback
                0x0800629a        0x2 ./build/Debug/.obj/Drivers/STM32F4xx_HAL_Driver/Src/stm32f4xx_hal_tim.o
                0x0800629a                HAL_TIM_OC_DelayElapsedCallback
 .text.HAL_TIM_IC_CaptureCallback
                0x0800629c        0x2 ./build/Debug/.obj/Drivers/STM32F4xx_HAL_Driver/Src/stm32f4xx_hal_tim.o
                0x0800629c                HAL_TIM_IC_CaptureCallback
 .text.HAL_TIM_PWM_PulseFinishedCallback
                0x0800629e        0x2 ./build/Debug/.obj/Drivers/STM32F4xx_HAL_Driver/Src/stm32f4xx_hal_tim.o
                0x0800629e                HAL_TIM_PWM_PulseFinishedCallback
 .text.HAL_TIM_TriggerCallback
                0x080062a0        0x2 ./build/Debug/.obj/Drivers/STM32F4xx_HAL_Driver/Src/stm32f4xx_hal_tim.o
                0x080062a0                HAL_TIM_TriggerCallback
 .text.HAL_TIM_IRQHandler
                0x080062a2      0x15e ./build/Debug/.obj/Drivers/STM32F4xx_HAL_Driver/Src/stm32f4xx_hal_tim.o
                0x080062a2                HAL_TIM_IRQHandler
 .text.TIM_Base_SetConfig
                0x08006400       0xd8 ./build/Debug/.obj/Drivers/STM32F4xx_HAL_Driver/Src/stm32f4xx_hal_tim.o
                0x08006400                TIM_Base_SetConfig
 .text.HAL_TIM_Base_Init
                0x080064d8       0x58 ./build/Debug/.obj/Drivers/STM32F4xx_HAL_Driver/Src/stm32f4xx_hal_tim.o
                0x080064d8                HAL_TIM_Base_Init
 .text.HAL_TIM_PWM_Init
                0x08006530       0x58 ./build/Debug/.obj/Drivers/STM32F4xx_HAL_Driver/Src/stm32f4xx_hal_tim.o
                0x08006530                HAL_TIM_PWM_Init
 .text.TIM_OC2_SetConfig
                0x08006588       0x70 ./build/Debug/.obj/Drivers/STM32F4xx_HAL_Driver/Src/stm32f4xx_hal_tim.o
                0x08006588                TIM_OC2_SetConfig
 .text.HAL_TIM_PWM_ConfigChannel
                0x080065f8       0xdc ./build/Debug/.obj/Drivers/STM32F4xx_HAL_Driver/Src/stm32f4xx_hal_tim.o
                0x080065f8                HAL_TIM_PWM_ConfigChannel
 .text.TIM_ETR_SetConfig
                0x080066d4       0x1a ./build/Debug/.obj/Drivers/STM32F4xx_HAL_Driver/Src/stm32f4xx_hal_tim.o
                0x080066d4                TIM_ETR_SetConfig
 .text.HAL_TIM_ConfigClockSource
                0x080066ee       0xfe ./build/Debug/.obj/Drivers/STM32F4xx_HAL_Driver/Src/stm32f4xx_hal_tim.o
                0x080066ee                HAL_TIM_ConfigClockSource
 .text.TIM_CCxChannelCmd
                0x080067ec       0x1e ./build/Debug/.obj/Drivers/STM32F4xx_HAL_Driver/Src/stm32f4xx_hal_tim.o
                0x080067ec                TIM_CCxChannelCmd
 *fill*         0x0800680a        0x2 
 .text.HAL_TIM_PWM_Start
                0x0800680c       0xfc ./build/Debug/.obj/Drivers/STM32F4xx_HAL_Driver/Src/stm32f4xx_hal_tim.o
                0x0800680c                HAL_TIM_PWM_Start
 .text.HAL_TIM_PWM_Stop
                0x08006908       0x8c ./build/Debug/.obj/Drivers/STM32F4xx_HAL_Driver/Src/stm32f4xx_hal_tim.o
                0x08006908                HAL_TIM_PWM_Stop
 .text.HAL_TIMEx_MasterConfigSynchronization
                0x08006994       0x8c ./build/Debug/.obj/Drivers/STM32F4xx_HAL_Driver/Src/stm32f4xx_hal_tim_ex.o
                0x08006994                HAL_TIMEx_MasterConfigSynchronization
 .text.HAL_TIMEx_CommutCallback
                0x08006a20        0x2 ./build/Debug/.obj/Drivers/STM32F4xx_HAL_Driver/Src/stm32f4xx_hal_tim_ex.o
                0x08006a20                HAL_TIMEx_CommutCallback
 .text.HAL_TIMEx_BreakCallback
                0x08006a22        0x2 ./build/Debug/.obj/Drivers/STM32F4xx_HAL_Driver/Src/stm32f4xx_hal_tim_ex.o
                0x08006a22                HAL_TIMEx_BreakCallback
 .text.UART_EndTxTransfer
                0x08006a24       0x20 ./build/Debug/.obj/Drivers/STM32F4xx_HAL_Driver/Src/stm32f4xx_hal_uart.o
 .text.UART_EndRxTransfer
                0x08006a44       0x5c ./build/Debug/.obj/Drivers/STM32F4xx_HAL_Driver/Src/stm32f4xx_hal_uart.o
 .text.UART_SetConfig
                0x08006aa0      0x110 ./build/Debug/.obj/Drivers/STM32F4xx_HAL_Driver/Src/stm32f4xx_hal_uart.o
 .text.UART_WaitOnFlagUntilTimeout
                0x08006bb0       0x86 ./build/Debug/.obj/Drivers/STM32F4xx_HAL_Driver/Src/stm32f4xx_hal_uart.o
 .text.HAL_UART_Init
                0x08006c36       0x60 ./build/Debug/.obj/Drivers/STM32F4xx_HAL_Driver/Src/stm32f4xx_hal_uart.o
                0x08006c36                HAL_UART_Init
 .text.HAL_UART_Transmit
                0x08006c96       0xca ./build/Debug/.obj/Drivers/STM32F4xx_HAL_Driver/Src/stm32f4xx_hal_uart.o
                0x08006c96                HAL_UART_Transmit
 .text.HAL_UART_RxHalfCpltCallback
                0x08006d60        0x2 ./build/Debug/.obj/Drivers/STM32F4xx_HAL_Driver/Src/stm32f4xx_hal_uart.o
                0x08006d60                HAL_UART_RxHalfCpltCallback
 .text.HAL_UART_ErrorCallback
                0x08006d62        0x2 ./build/Debug/.obj/Drivers/STM32F4xx_HAL_Driver/Src/stm32f4xx_hal_uart.o
                0x08006d62                HAL_UART_ErrorCallback
 .text.UART_DMAError
                0x08006d64       0x54 ./build/Debug/.obj/Drivers/STM32F4xx_HAL_Driver/Src/stm32f4xx_hal_uart.o
 .text.HAL_UARTEx_RxEventCallback
                0x08006db8        0x2 ./build/Debug/.obj/Drivers/STM32F4xx_HAL_Driver/Src/stm32f4xx_hal_uart.o
                0x08006db8                HAL_UARTEx_RxEventCallback
 .text.UART_DMARxHalfCplt
                0x08006dba       0x1e ./build/Debug/.obj/Drivers/STM32F4xx_HAL_Driver/Src/stm32f4xx_hal_uart.o
 .text.UART_DMAReceiveCplt
                0x08006dd8       0x9a ./build/Debug/.obj/Drivers/STM32F4xx_HAL_Driver/Src/stm32f4xx_hal_uart.o
 *fill*         0x08006e72        0x2 
 .text.UART_Start_Receive_DMA
                0x08006e74       0xa4 ./build/Debug/.obj/Drivers/STM32F4xx_HAL_Driver/Src/stm32f4xx_hal_uart.o
                0x08006e74                UART_Start_Receive_DMA
 .text.HAL_UART_Receive_DMA
                0x08006f18       0x24 ./build/Debug/.obj/Drivers/STM32F4xx_HAL_Driver/Src/stm32f4xx_hal_uart.o
                0x08006f18                HAL_UART_Receive_DMA
 .text.SysTick_Handler
                0x08006f3c       0x18 ./build/Debug/.obj/Middlewares/Third_Party/FreeRTOS/Source/CMSIS_RTOS_V2/cmsis_os2.o
                0x08006f3c                SysTick_Handler
 .text.osKernelInitialize
                0x08006f54       0x24 ./build/Debug/.obj/Middlewares/Third_Party/FreeRTOS/Source/CMSIS_RTOS_V2/cmsis_os2.o
                0x08006f54                osKernelInitialize
 .text.osKernelStart
                0x08006f78       0x38 ./build/Debug/.obj/Middlewares/Third_Party/FreeRTOS/Source/CMSIS_RTOS_V2/cmsis_os2.o
                0x08006f78                osKernelStart
 .text.osThreadNew
                0x08006fb0       0xb4 ./build/Debug/.obj/Middlewares/Third_Party/FreeRTOS/Source/CMSIS_RTOS_V2/cmsis_os2.o
                0x08006fb0                osThreadNew
 .text.osDelay  0x08007064       0x1c ./build/Debug/.obj/Middlewares/Third_Party/FreeRTOS/Source/CMSIS_RTOS_V2/cmsis_os2.o
                0x08007064                osDelay
 .text.osSemaphoreNew
                0x08007080       0xb2 ./build/Debug/.obj/Middlewares/Third_Party/FreeRTOS/Source/CMSIS_RTOS_V2/cmsis_os2.o
                0x08007080                osSemaphoreNew
 .text.osSemaphoreRelease
                0x08007132       0x5e ./build/Debug/.obj/Middlewares/Third_Party/FreeRTOS/Source/CMSIS_RTOS_V2/cmsis_os2.o
                0x08007132                osSemaphoreRelease
 .text.vApplicationGetIdleTaskMemory
                0x08007190       0x18 ./build/Debug/.obj/Middlewares/Third_Party/FreeRTOS/Source/CMSIS_RTOS_V2/cmsis_os2.o
                0x08007190                vApplicationGetIdleTaskMemory
 .text.vApplicationGetTimerTaskMemory
                0x080071a8       0x18 ./build/Debug/.obj/Middlewares/Third_Party/FreeRTOS/Source/CMSIS_RTOS_V2/cmsis_os2.o
                0x080071a8                vApplicationGetTimerTaskMemory
 .text.vListInitialise
                0x080071c0       0x16 ./build/Debug/.obj/Middlewares/Third_Party/FreeRTOS/Source/list.o
                0x080071c0                vListInitialise
 .text.vListInitialiseItem
                0x080071d6        0x6 ./build/Debug/.obj/Middlewares/Third_Party/FreeRTOS/Source/list.o
                0x080071d6                vListInitialiseItem
 .text.vListInsertEnd
                0x080071dc       0x16 ./build/Debug/.obj/Middlewares/Third_Party/FreeRTOS/Source/list.o
                0x080071dc                vListInsertEnd
 .text.vListInsert
                0x080071f2       0x32 ./build/Debug/.obj/Middlewares/Third_Party/FreeRTOS/Source/list.o
                0x080071f2                vListInsert
 .text.uxListRemove
                0x08007224       0x26 ./build/Debug/.obj/Middlewares/Third_Party/FreeRTOS/Source/list.o
                0x08007224                uxListRemove
 *fill*         0x0800724a        0x2 
 .text.prvTaskExitError
                0x0800724c       0x40 ./build/Debug/.obj/Middlewares/Third_Party/FreeRTOS/Source/portable/GCC/ARM_CM4F/port.o
 .text.prvPortStartFirstTask
                0x0800728c       0x28 ./build/Debug/.obj/Middlewares/Third_Party/FreeRTOS/Source/portable/GCC/ARM_CM4F/port.o
 .text.vPortEnableVFP
                0x080072b4       0x14 ./build/Debug/.obj/Middlewares/Third_Party/FreeRTOS/Source/portable/GCC/ARM_CM4F/port.o
 .text.pxPortInitialiseStack
                0x080072c8       0x2c ./build/Debug/.obj/Middlewares/Third_Party/FreeRTOS/Source/portable/GCC/ARM_CM4F/port.o
                0x080072c8                pxPortInitialiseStack
 *fill*         0x080072f4        0xc 
 .text.SVC_Handler
                0x08007300       0x24 ./build/Debug/.obj/Middlewares/Third_Party/FreeRTOS/Source/portable/GCC/ARM_CM4F/port.o
                0x08007300                SVC_Handler
 .text.vPortEnterCritical
                0x08007324       0x44 ./build/Debug/.obj/Middlewares/Third_Party/FreeRTOS/Source/portable/GCC/ARM_CM4F/port.o
                0x08007324                vPortEnterCritical
 .text.vPortExitCritical
                0x08007368       0x2c ./build/Debug/.obj/Middlewares/Third_Party/FreeRTOS/Source/portable/GCC/ARM_CM4F/port.o
                0x08007368                vPortExitCritical
 *fill*         0x08007394        0xc 
 .text.PendSV_Handler
                0x080073a0       0x64 ./build/Debug/.obj/Middlewares/Third_Party/FreeRTOS/Source/portable/GCC/ARM_CM4F/port.o
                0x080073a0                PendSV_Handler
 .text.xPortSysTickHandler
                0x08007404       0x2c ./build/Debug/.obj/Middlewares/Third_Party/FreeRTOS/Source/portable/GCC/ARM_CM4F/port.o
                0x08007404                xPortSysTickHandler
 .text.vPortSetupTimerInterrupt
                0x08007430       0x28 ./build/Debug/.obj/Middlewares/Third_Party/FreeRTOS/Source/portable/GCC/ARM_CM4F/port.o
                0x08007430                vPortSetupTimerInterrupt
 .text.xPortStartScheduler
                0x08007458      0x118 ./build/Debug/.obj/Middlewares/Third_Party/FreeRTOS/Source/portable/GCC/ARM_CM4F/port.o
                0x08007458                xPortStartScheduler
 .text.vPortValidateInterruptPriority
                0x08007570       0x5c ./build/Debug/.obj/Middlewares/Third_Party/FreeRTOS/Source/portable/GCC/ARM_CM4F/port.o
                0x08007570                vPortValidateInterruptPriority
 .text.prvHeapInit
                0x080075cc       0x64 ./build/Debug/.obj/Middlewares/Third_Party/FreeRTOS/Source/portable/MemMang/heap_4.o
 .text.prvInsertBlockIntoFreeList
                0x08007630       0x64 ./build/Debug/.obj/Middlewares/Third_Party/FreeRTOS/Source/portable/MemMang/heap_4.o
 .text.pvPortMalloc
                0x08007694      0x104 ./build/Debug/.obj/Middlewares/Third_Party/FreeRTOS/Source/portable/MemMang/heap_4.o
                0x08007694                pvPortMalloc
 .text.vPortFree
                0x08007798       0x7c ./build/Debug/.obj/Middlewares/Third_Party/FreeRTOS/Source/portable/MemMang/heap_4.o
                0x08007798                vPortFree
 .text.prvIsQueueFull
                0x08007814       0x1e ./build/Debug/.obj/Middlewares/Third_Party/FreeRTOS/Source/queue.o
 .text.prvIsQueueEmpty
                0x08007832       0x1a ./build/Debug/.obj/Middlewares/Third_Party/FreeRTOS/Source/queue.o
 .text.prvCopyDataToQueue
                0x0800784c       0x76 ./build/Debug/.obj/Middlewares/Third_Party/FreeRTOS/Source/queue.o
 .text.prvCopyDataFromQueue
                0x080078c2       0x24 ./build/Debug/.obj/Middlewares/Third_Party/FreeRTOS/Source/queue.o
 .text.prvUnlockQueue
                0x080078e6       0x6e ./build/Debug/.obj/Middlewares/Third_Party/FreeRTOS/Source/queue.o
 .text.xQueueGenericReset
                0x08007954       0x84 ./build/Debug/.obj/Middlewares/Third_Party/FreeRTOS/Source/queue.o
                0x08007954                xQueueGenericReset
 .text.prvInitialiseNewQueue
                0x080079d8       0x22 ./build/Debug/.obj/Middlewares/Third_Party/FreeRTOS/Source/queue.o
 .text.xQueueGenericCreateStatic
                0x080079fa       0x94 ./build/Debug/.obj/Middlewares/Third_Party/FreeRTOS/Source/queue.o
                0x080079fa                xQueueGenericCreateStatic
 .text.xQueueGenericCreate
                0x08007a8e       0x48 ./build/Debug/.obj/Middlewares/Third_Party/FreeRTOS/Source/queue.o
                0x08007a8e                xQueueGenericCreate
 .text.xQueueCreateCountingSemaphoreStatic
                0x08007ad6       0x46 ./build/Debug/.obj/Middlewares/Third_Party/FreeRTOS/Source/queue.o
                0x08007ad6                xQueueCreateCountingSemaphoreStatic
 .text.xQueueCreateCountingSemaphore
                0x08007b1c       0x3c ./build/Debug/.obj/Middlewares/Third_Party/FreeRTOS/Source/queue.o
                0x08007b1c                xQueueCreateCountingSemaphore
 .text.xQueueGenericSend
                0x08007b58      0x188 ./build/Debug/.obj/Middlewares/Third_Party/FreeRTOS/Source/queue.o
                0x08007b58                xQueueGenericSend
 .text.xQueueGenericSendFromISR
                0x08007ce0       0xce ./build/Debug/.obj/Middlewares/Third_Party/FreeRTOS/Source/queue.o
                0x08007ce0                xQueueGenericSendFromISR
 .text.xQueueGiveFromISR
                0x08007dae       0xb2 ./build/Debug/.obj/Middlewares/Third_Party/FreeRTOS/Source/queue.o
                0x08007dae                xQueueGiveFromISR
 .text.xQueueReceive
                0x08007e60      0x15e ./build/Debug/.obj/Middlewares/Third_Party/FreeRTOS/Source/queue.o
                0x08007e60                xQueueReceive
 *fill*         0x08007fbe        0x2 
 .text.vQueueAddToRegistry
                0x08007fc0       0x28 ./build/Debug/.obj/Middlewares/Third_Party/FreeRTOS/Source/queue.o
                0x08007fc0                vQueueAddToRegistry
 .text.vQueueUnregisterQueue
                0x08007fe8       0x2c ./build/Debug/.obj/Middlewares/Third_Party/FreeRTOS/Source/queue.o
                0x08007fe8                vQueueUnregisterQueue
 .text.vQueueDelete
                0x08008014       0x2c ./build/Debug/.obj/Middlewares/Third_Party/FreeRTOS/Source/queue.o
                0x08008014                vQueueDelete
 .text.vQueueWaitForMessageRestricted
                0x08008040       0x52 ./build/Debug/.obj/Middlewares/Third_Party/FreeRTOS/Source/queue.o
                0x08008040                vQueueWaitForMessageRestricted
 *fill*         0x08008092        0x2 
 .text.prvResetNextTaskUnblockTime
                0x08008094       0x2c ./build/Debug/.obj/Middlewares/Third_Party/FreeRTOS/Source/tasks.o
 .text.prvInitialiseNewTask
                0x080080c0       0xa2 ./build/Debug/.obj/Middlewares/Third_Party/FreeRTOS/Source/tasks.o
 *fill*         0x08008162        0x2 
 .text.prvInitialiseTaskLists
                0x08008164       0x68 ./build/Debug/.obj/Middlewares/Third_Party/FreeRTOS/Source/tasks.o
 .text.prvAddNewTaskToReadyList
                0x080081cc       0xac ./build/Debug/.obj/Middlewares/Third_Party/FreeRTOS/Source/tasks.o
 .text.prvDeleteTCB
                0x08008278       0x38 ./build/Debug/.obj/Middlewares/Third_Party/FreeRTOS/Source/tasks.o
 .text.prvCheckTasksWaitingTermination
                0x080082b0       0x4c ./build/Debug/.obj/Middlewares/Third_Party/FreeRTOS/Source/tasks.o
 .text.prvIdleTask
                0x080082fc       0x28 ./build/Debug/.obj/Middlewares/Third_Party/FreeRTOS/Source/tasks.o
 .text.prvAddCurrentTaskToDelayedList
                0x08008324       0x7c ./build/Debug/.obj/Middlewares/Third_Party/FreeRTOS/Source/tasks.o
 .text.xTaskCreateStatic
                0x080083a0       0x76 ./build/Debug/.obj/Middlewares/Third_Party/FreeRTOS/Source/tasks.o
                0x080083a0                xTaskCreateStatic
 .text.xTaskCreate
                0x08008416       0x64 ./build/Debug/.obj/Middlewares/Third_Party/FreeRTOS/Source/tasks.o
                0x08008416                xTaskCreate
 *fill*         0x0800847a        0x2 
 .text.vTaskStartScheduler
                0x0800847c       0x98 ./build/Debug/.obj/Middlewares/Third_Party/FreeRTOS/Source/tasks.o
                0x0800847c                vTaskStartScheduler
 .text.vTaskSuspendAll
                0x08008514       0x10 ./build/Debug/.obj/Middlewares/Third_Party/FreeRTOS/Source/tasks.o
                0x08008514                vTaskSuspendAll
 .text.xTaskGetTickCount
                0x08008524        0xc ./build/Debug/.obj/Middlewares/Third_Party/FreeRTOS/Source/tasks.o
                0x08008524                xTaskGetTickCount
 .text.xTaskIncrementTick
                0x08008530      0x118 ./build/Debug/.obj/Middlewares/Third_Party/FreeRTOS/Source/tasks.o
                0x08008530                xTaskIncrementTick
 .text.xTaskResumeAll
                0x08008648       0xf8 ./build/Debug/.obj/Middlewares/Third_Party/FreeRTOS/Source/tasks.o
                0x08008648                xTaskResumeAll
 .text.vTaskDelay
                0x08008740       0x4c ./build/Debug/.obj/Middlewares/Third_Party/FreeRTOS/Source/tasks.o
                0x08008740                vTaskDelay
 .text.vTaskSwitchContext
                0x0800878c       0x98 ./build/Debug/.obj/Middlewares/Third_Party/FreeRTOS/Source/tasks.o
                0x0800878c                vTaskSwitchContext
 .text.vTaskPlaceOnEventList
                0x08008824       0x30 ./build/Debug/.obj/Middlewares/Third_Party/FreeRTOS/Source/tasks.o
                0x08008824                vTaskPlaceOnEventList
 .text.vTaskPlaceOnEventListRestricted
                0x08008854       0x38 ./build/Debug/.obj/Middlewares/Third_Party/FreeRTOS/Source/tasks.o
                0x08008854                vTaskPlaceOnEventListRestricted
 .text.xTaskRemoveFromEventList
                0x0800888c       0x8c ./build/Debug/.obj/Middlewares/Third_Party/FreeRTOS/Source/tasks.o
                0x0800888c                xTaskRemoveFromEventList
 .text.vTaskInternalSetTimeOutState
                0x08008918       0x18 ./build/Debug/.obj/Middlewares/Third_Party/FreeRTOS/Source/tasks.o
                0x08008918                vTaskInternalSetTimeOutState
 .text.xTaskCheckForTimeOut
                0x08008930       0x88 ./build/Debug/.obj/Middlewares/Third_Party/FreeRTOS/Source/tasks.o
                0x08008930                xTaskCheckForTimeOut
 .text.vTaskMissedYield
                0x080089b8        0xc ./build/Debug/.obj/Middlewares/Third_Party/FreeRTOS/Source/tasks.o
                0x080089b8                vTaskMissedYield
 .text.xTaskGetSchedulerState
                0x080089c4       0x20 ./build/Debug/.obj/Middlewares/Third_Party/FreeRTOS/Source/tasks.o
                0x080089c4                xTaskGetSchedulerState
 .text.xTaskPriorityDisinherit
                0x080089e4       0x90 ./build/Debug/.obj/Middlewares/Third_Party/FreeRTOS/Source/tasks.o
                0x080089e4                xTaskPriorityDisinherit
 .text.prvGetNextExpireTime
                0x08008a74       0x20 ./build/Debug/.obj/Middlewares/Third_Party/FreeRTOS/Source/timers.o
 .text.prvInsertTimerInActiveList
                0x08008a94       0x48 ./build/Debug/.obj/Middlewares/Third_Party/FreeRTOS/Source/timers.o
 .text.prvCheckForValidListAndQueue
                0x08008adc       0x70 ./build/Debug/.obj/Middlewares/Third_Party/FreeRTOS/Source/timers.o
 .text.xTimerCreateTimerTask
                0x08008b4c       0x64 ./build/Debug/.obj/Middlewares/Third_Party/FreeRTOS/Source/timers.o
                0x08008b4c                xTimerCreateTimerTask
 .text.xTimerGenericCommand
                0x08008bb0       0x6c ./build/Debug/.obj/Middlewares/Third_Party/FreeRTOS/Source/timers.o
                0x08008bb0                xTimerGenericCommand
 .text.prvSwitchTimerLists
                0x08008c1c       0x7c ./build/Debug/.obj/Middlewares/Third_Party/FreeRTOS/Source/timers.o
 .text.prvSampleTimeNow
                0x08008c98       0x2c ./build/Debug/.obj/Middlewares/Third_Party/FreeRTOS/Source/timers.o
 .text.prvProcessExpiredTimer
                0x08008cc4       0x6c ./build/Debug/.obj/Middlewares/Third_Party/FreeRTOS/Source/timers.o
 .text.prvProcessTimerOrBlockTask
                0x08008d30       0x74 ./build/Debug/.obj/Middlewares/Third_Party/FreeRTOS/Source/timers.o
 .text.prvProcessReceivedCommands
                0x08008da4      0x10c ./build/Debug/.obj/Middlewares/Third_Party/FreeRTOS/Source/timers.o
 .text.prvTimerTask
                0x08008eb0       0x16 ./build/Debug/.obj/Middlewares/Third_Party/FreeRTOS/Source/timers.o
 *fill*         0x08008ec6        0x2 
 .text.Reset_Handler
                0x08008ec8       0x50 ./build/Debug/.obj/startup_stm32f427xx.o
                0x08008ec8                Reset_Handler
 .text.Default_Handler
                0x08008f18        0x2 ./build/Debug/.obj/startup_stm32f427xx.o
                0x08008f18                RTC_Alarm_IRQHandler
                0x08008f18                HASH_RNG_IRQHandler
                0x08008f18                EXTI2_IRQHandler
                0x08008f18                TIM8_CC_IRQHandler
                0x08008f18                UART8_IRQHandler
                0x08008f18                SPI4_IRQHandler
                0x08008f18                TIM1_CC_IRQHandler
                0x08008f18                DMA2_Stream5_IRQHandler
                0x08008f18                DMA1_Stream5_IRQHandler
                0x08008f18                PVD_IRQHandler
                0x08008f18                SDIO_IRQHandler
                0x08008f18                TAMP_STAMP_IRQHandler
                0x08008f18                CAN2_RX1_IRQHandler
                0x08008f18                EXTI3_IRQHandler
                0x08008f18                TIM8_TRG_COM_TIM14_IRQHandler
                0x08008f18                TIM1_UP_TIM10_IRQHandler
                0x08008f18                TIM8_UP_TIM13_IRQHandler
                0x08008f18                I2C3_ER_IRQHandler
                0x08008f18                EXTI0_IRQHandler
                0x08008f18                I2C2_EV_IRQHandler
                0x08008f18                DMA1_Stream2_IRQHandler
                0x08008f18                FPU_IRQHandler
                0x08008f18                OTG_HS_WKUP_IRQHandler
                0x08008f18                CAN2_SCE_IRQHandler
                0x08008f18                DMA2_Stream2_IRQHandler
                0x08008f18                SPI1_IRQHandler
                0x08008f18                TIM6_DAC_IRQHandler
                0x08008f18                TIM1_BRK_TIM9_IRQHandler
                0x08008f18                DCMI_IRQHandler
                0x08008f18                DMA2_Stream3_IRQHandler
                0x08008f18                USART6_IRQHandler
                0x08008f18                USART3_IRQHandler
                0x08008f18                CAN1_RX1_IRQHandler
                0x08008f18                UART5_IRQHandler
                0x08008f18                DMA2_Stream0_IRQHandler
                0x08008f18                TIM4_IRQHandler
                0x08008f18                I2C1_EV_IRQHandler
                0x08008f18                DMA1_Stream6_IRQHandler
                0x08008f18                UART4_IRQHandler
                0x08008f18                TIM3_IRQHandler
                0x08008f18                RCC_IRQHandler
                0x08008f18                TIM8_BRK_TIM12_IRQHandler
                0x08008f18                Default_Handler
                0x08008f18                EXTI15_10_IRQHandler
                0x08008f18                ADC_IRQHandler
                0x08008f18                DMA1_Stream7_IRQHandler
                0x08008f18                SPI5_IRQHandler
                0x08008f18                CAN2_TX_IRQHandler
                0x08008f18                DMA2_Stream7_IRQHandler
                0x08008f18                I2C3_EV_IRQHandler
                0x08008f18                EXTI9_5_IRQHandler
                0x08008f18                RTC_WKUP_IRQHandler
                0x08008f18                ETH_WKUP_IRQHandler
                0x08008f18                SPI2_IRQHandler
                0x08008f18                OTG_HS_EP1_IN_IRQHandler
                0x08008f18                DMA1_Stream0_IRQHandler
                0x08008f18                CAN1_TX_IRQHandler
                0x08008f18                EXTI4_IRQHandler
                0x08008f18                ETH_IRQHandler
                0x08008f18                OTG_HS_EP1_OUT_IRQHandler
                0x08008f18                WWDG_IRQHandler
                0x08008f18                SPI6_IRQHandler
                0x08008f18                TIM2_IRQHandler
                0x08008f18                OTG_FS_WKUP_IRQHandler
                0x08008f18                TIM1_TRG_COM_TIM11_IRQHandler
                0x08008f18                OTG_HS_IRQHandler
                0x08008f18                DMA2D_IRQHandler
                0x08008f18                EXTI1_IRQHandler
                0x08008f18                UART7_IRQHandler
                0x08008f18                USART2_IRQHandler
                0x08008f18                I2C2_ER_IRQHandler
                0x08008f18                CAN1_SCE_IRQHandler
                0x08008f18                FLASH_IRQHandler
                0x08008f18                DMA2_Stream4_IRQHandler
                0x08008f18                USART1_IRQHandler
                0x08008f18                OTG_FS_IRQHandler
                0x08008f18                SPI3_IRQHandler
                0x08008f18                DMA1_Stream4_IRQHandler
                0x08008f18                I2C1_ER_IRQHandler
                0x08008f18                FMC_IRQHandler
                0x08008f18                DMA2_Stream6_IRQHandler
                0x08008f18                SAI1_IRQHandler
 *fill*         0x08008f1a        0x2 
 .text.fmod     0x08008f1c       0x58 C:/Users/Ganbo/.eide/tools/gcc_arm/bin/../lib/gcc/arm-none-eabi/14.3.1/../../../../arm-none-eabi/lib/thumb/v7e-m+fp/softfp\libm.a(libm_a-w_fmod.o)
                0x08008f1c                fmod
 .text.acosf    0x08008f74       0x58 C:/Users/Ganbo/.eide/tools/gcc_arm/bin/../lib/gcc/arm-none-eabi/14.3.1/../../../../arm-none-eabi/lib/thumb/v7e-m+fp/softfp\libm.a(libm_a-wf_acos.o)
                0x08008f74                acosf
 .text.cosf     0x08008fcc       0x6c C:/Users/Ganbo/.eide/tools/gcc_arm/bin/../lib/gcc/arm-none-eabi/14.3.1/../../../../arm-none-eabi/lib/thumb/v7e-m+fp/softfp\libm.a(libm_a-sf_cos.o)
                0x08008fcc                cosf
 .text.fabsf    0x08009038        0x8 C:/Users/Ganbo/.eide/tools/gcc_arm/bin/../lib/gcc/arm-none-eabi/14.3.1/../../../../arm-none-eabi/lib/thumb/v7e-m+fp/softfp\libm.a(libm_a-sf_fabs.o)
                0x08009038                fabsf
 .text.sinf     0x08009040       0x70 C:/Users/Ganbo/.eide/tools/gcc_arm/bin/../lib/gcc/arm-none-eabi/14.3.1/../../../../arm-none-eabi/lib/thumb/v7e-m+fp/softfp\libm.a(libm_a-sf_sin.o)
                0x08009040                sinf
 .text.nanf     0x080090b0        0x8 C:/Users/Ganbo/.eide/tools/gcc_arm/bin/../lib/gcc/arm-none-eabi/14.3.1/../../../../arm-none-eabi/lib/thumb/v7e-m+fp/softfp\libm.a(libm_a-sf_nan.o)
                0x080090b0                nanf
 .text.fmaxf    0x080090b8       0x48 C:/Users/Ganbo/.eide/tools/gcc_arm/bin/../lib/gcc/arm-none-eabi/14.3.1/../../../../arm-none-eabi/lib/thumb/v7e-m+fp/softfp\libm.a(libm_a-sf_fmax.o)
                0x080090b8                fmaxf
 .text.fminf    0x08009100       0x48 C:/Users/Ganbo/.eide/tools/gcc_arm/bin/../lib/gcc/arm-none-eabi/14.3.1/../../../../arm-none-eabi/lib/thumb/v7e-m+fp/softfp\libm.a(libm_a-sf_fmin.o)
                0x08009100                fminf
 .text.__fpclassifyf
                0x08009148       0x34 C:/Users/Ganbo/.eide/tools/gcc_arm/bin/../lib/gcc/arm-none-eabi/14.3.1/../../../../arm-none-eabi/lib/thumb/v7e-m+fp/softfp\libm.a(libm_a-sf_fpclassify.o)
                0x08009148                __fpclassifyf
 .text.__ieee754_fmod
                0x0800917c      0x38c C:/Users/Ganbo/.eide/tools/gcc_arm/bin/../lib/gcc/arm-none-eabi/14.3.1/../../../../arm-none-eabi/lib/thumb/v7e-m+fp/softfp\libm.a(libm_a-e_fmod.o)
                0x0800917c                __ieee754_fmod
 .text.__kernel_cosf
                0x08009508      0x110 C:/Users/Ganbo/.eide/tools/gcc_arm/bin/../lib/gcc/arm-none-eabi/14.3.1/../../../../arm-none-eabi/lib/thumb/v7e-m+fp/softfp\libm.a(libm_a-kf_cos.o)
                0x08009508                __kernel_cosf
 .text.__kernel_sinf
                0x08009618       0x9c C:/Users/Ganbo/.eide/tools/gcc_arm/bin/../lib/gcc/arm-none-eabi/14.3.1/../../../../arm-none-eabi/lib/thumb/v7e-m+fp/softfp\libm.a(libm_a-kf_sin.o)
                0x08009618                __kernel_sinf
 .text.__ieee754_acosf
                0x080096b4      0x248 C:/Users/Ganbo/.eide/tools/gcc_arm/bin/../lib/gcc/arm-none-eabi/14.3.1/../../../../arm-none-eabi/lib/thumb/v7e-m+fp/softfp\libm.a(libm_a-ef_acos.o)
                0x080096b4                __ieee754_acosf
 .text.__ieee754_rem_pio2f
                0x080098fc      0x270 C:/Users/Ganbo/.eide/tools/gcc_arm/bin/../lib/gcc/arm-none-eabi/14.3.1/../../../../arm-none-eabi/lib/thumb/v7e-m+fp/softfp\libm.a(libm_a-ef_rem_pio2.o)
                0x080098fc                __ieee754_rem_pio2f
 .text.__ieee754_sqrtf
                0x08009b6c       0x10 C:/Users/Ganbo/.eide/tools/gcc_arm/bin/../lib/gcc/arm-none-eabi/14.3.1/../../../../arm-none-eabi/lib/thumb/v7e-m+fp/softfp\libm.a(libm_a-ef_sqrt.o)
                0x08009b6c                __ieee754_sqrtf
 .text.__kernel_rem_pio2f
                0x08009b7c      0x69c C:/Users/Ganbo/.eide/tools/gcc_arm/bin/../lib/gcc/arm-none-eabi/14.3.1/../../../../arm-none-eabi/lib/thumb/v7e-m+fp/softfp\libm.a(libm_a-kf_rem_pio2.o)
                0x08009b7c                __kernel_rem_pio2f
 .text.scalbnf  0x0800a218       0xf0 C:/Users/Ganbo/.eide/tools/gcc_arm/bin/../lib/gcc/arm-none-eabi/14.3.1/../../../../arm-none-eabi/lib/thumb/v7e-m+fp/softfp\libm.a(libm_a-sf_scalbn.o)
                0x0800a218                scalbnf
 .text.floorf   0x0800a308       0x8c C:/Users/Ganbo/.eide/tools/gcc_arm/bin/../lib/gcc/arm-none-eabi/14.3.1/../../../../arm-none-eabi/lib/thumb/v7e-m+fp/softfp\libm.a(libm_a-sf_floor.o)
                0x0800a308                floorf
 .text.__udivmoddi4
                0x0800a394      0x2f8 C:/Users/Ganbo/.eide/tools/gcc_arm/bin/../lib/gcc/arm-none-eabi/14.3.1/thumb/v7e-m+fp/softfp\libgcc.a(_udivmoddi4.o)
                0x0800a394                __udivmoddi4
 .text.malloc   0x0800a68c       0x10 C:/Users/Ganbo/.eide/tools/gcc_arm/bin/../lib/gcc/arm-none-eabi/14.3.1/../../../../arm-none-eabi/lib/thumb/v7e-m+fp/softfp\libc_nano.a(libc_a-malloc.o)
                0x0800a68c                malloc
 .text.sbrk_aligned
                0x0800a69c       0x44 C:/Users/Ganbo/.eide/tools/gcc_arm/bin/../lib/gcc/arm-none-eabi/14.3.1/../../../../arm-none-eabi/lib/thumb/v7e-m+fp/softfp\libc_nano.a(libc_a-mallocr.o)
 .text._malloc_r
                0x0800a6e0      0x100 C:/Users/Ganbo/.eide/tools/gcc_arm/bin/../lib/gcc/arm-none-eabi/14.3.1/../../../../arm-none-eabi/lib/thumb/v7e-m+fp/softfp\libc_nano.a(libc_a-mallocr.o)
                0x0800a6e0                _malloc_r
 .text.__malloc_lock
                0x0800a7e0        0xc C:/Users/Ganbo/.eide/tools/gcc_arm/bin/../lib/gcc/arm-none-eabi/14.3.1/../../../../arm-none-eabi/lib/thumb/v7e-m+fp/softfp\libc_nano.a(libc_a-mlock.o)
                0x0800a7e0                __malloc_lock
 .text.__malloc_unlock
                0x0800a7ec        0xc C:/Users/Ganbo/.eide/tools/gcc_arm/bin/../lib/gcc/arm-none-eabi/14.3.1/../../../../arm-none-eabi/lib/thumb/v7e-m+fp/softfp\libc_nano.a(libc_a-mlock.o)
                0x0800a7ec                __malloc_unlock
 .text.__cvt    0x0800a7f8       0xc8 C:/Users/Ganbo/.eide/tools/gcc_arm/bin/../lib/gcc/arm-none-eabi/14.3.1/../../../../arm-none-eabi/lib/thumb/v7e-m+fp/softfp\libc_nano.a(libc_a-nano-vfprintf_float.o)
                0x0800a7f8                __cvt
 .text.__exponent
                0x0800a8c0       0x74 C:/Users/Ganbo/.eide/tools/gcc_arm/bin/../lib/gcc/arm-none-eabi/14.3.1/../../../../arm-none-eabi/lib/thumb/v7e-m+fp/softfp\libc_nano.a(libc_a-nano-vfprintf_float.o)
                0x0800a8c0                __exponent
 .text._printf_float
                0x0800a934      0x454 C:/Users/Ganbo/.eide/tools/gcc_arm/bin/../lib/gcc/arm-none-eabi/14.3.1/../../../../arm-none-eabi/lib/thumb/v7e-m+fp/softfp\libc_nano.a(libc_a-nano-vfprintf_float.o)
                0x0800a934                _printf_float
 .text._printf_common
                0x0800ad88       0xda C:/Users/Ganbo/.eide/tools/gcc_arm/bin/../lib/gcc/arm-none-eabi/14.3.1/../../../../arm-none-eabi/lib/thumb/v7e-m+fp/softfp\libc_nano.a(libc_a-nano-vfprintf_i.o)
                0x0800ad88                _printf_common
 *fill*         0x0800ae62        0x2 
 .text._printf_i
                0x0800ae64      0x24c C:/Users/Ganbo/.eide/tools/gcc_arm/bin/../lib/gcc/arm-none-eabi/14.3.1/../../../../arm-none-eabi/lib/thumb/v7e-m+fp/softfp\libc_nano.a(libc_a-nano-vfprintf_i.o)
                0x0800ae64                _printf_i
 .text.std      0x0800b0b0       0x6c C:/Users/Ganbo/.eide/tools/gcc_arm/bin/../lib/gcc/arm-none-eabi/14.3.1/../../../../arm-none-eabi/lib/thumb/v7e-m+fp/softfp\libc_nano.a(libc_a-findfp.o)
 .text.stdio_exit_handler
                0x0800b11c       0x18 C:/Users/Ganbo/.eide/tools/gcc_arm/bin/../lib/gcc/arm-none-eabi/14.3.1/../../../../arm-none-eabi/lib/thumb/v7e-m+fp/softfp\libc_nano.a(libc_a-findfp.o)
 .text.cleanup_stdio
                0x0800b134       0x40 C:/Users/Ganbo/.eide/tools/gcc_arm/bin/../lib/gcc/arm-none-eabi/14.3.1/../../../../arm-none-eabi/lib/thumb/v7e-m+fp/softfp\libc_nano.a(libc_a-findfp.o)
 .text.global_stdio_init.part.0
                0x0800b174       0x40 C:/Users/Ganbo/.eide/tools/gcc_arm/bin/../lib/gcc/arm-none-eabi/14.3.1/../../../../arm-none-eabi/lib/thumb/v7e-m+fp/softfp\libc_nano.a(libc_a-findfp.o)
 .text.__sfp_lock_acquire
                0x0800b1b4        0xc C:/Users/Ganbo/.eide/tools/gcc_arm/bin/../lib/gcc/arm-none-eabi/14.3.1/../../../../arm-none-eabi/lib/thumb/v7e-m+fp/softfp\libc_nano.a(libc_a-findfp.o)
                0x0800b1b4                __sfp_lock_acquire
 .text.__sfp_lock_release
                0x0800b1c0        0xc C:/Users/Ganbo/.eide/tools/gcc_arm/bin/../lib/gcc/arm-none-eabi/14.3.1/../../../../arm-none-eabi/lib/thumb/v7e-m+fp/softfp\libc_nano.a(libc_a-findfp.o)
                0x0800b1c0                __sfp_lock_release
 .text.__sinit  0x0800b1cc       0x30 C:/Users/Ganbo/.eide/tools/gcc_arm/bin/../lib/gcc/arm-none-eabi/14.3.1/../../../../arm-none-eabi/lib/thumb/v7e-m+fp/softfp\libc_nano.a(libc_a-findfp.o)
                0x0800b1cc                __sinit
 .text._fwalk_sglue
                0x0800b1fc       0x3c C:/Users/Ganbo/.eide/tools/gcc_arm/bin/../lib/gcc/arm-none-eabi/14.3.1/../../../../arm-none-eabi/lib/thumb/v7e-m+fp/softfp\libc_nano.a(libc_a-fwalk.o)
                0x0800b1fc                _fwalk_sglue
 .text.__sread  0x0800b238       0x22 C:/Users/Ganbo/.eide/tools/gcc_arm/bin/../lib/gcc/arm-none-eabi/14.3.1/../../../../arm-none-eabi/lib/thumb/v7e-m+fp/softfp\libc_nano.a(libc_a-stdio.o)
                0x0800b238                __sread
 .text.__swrite
                0x0800b25a       0x38 C:/Users/Ganbo/.eide/tools/gcc_arm/bin/../lib/gcc/arm-none-eabi/14.3.1/../../../../arm-none-eabi/lib/thumb/v7e-m+fp/softfp\libc_nano.a(libc_a-stdio.o)
                0x0800b25a                __swrite
 .text.__sseek  0x0800b292       0x26 C:/Users/Ganbo/.eide/tools/gcc_arm/bin/../lib/gcc/arm-none-eabi/14.3.1/../../../../arm-none-eabi/lib/thumb/v7e-m+fp/softfp\libc_nano.a(libc_a-stdio.o)
                0x0800b292                __sseek
 .text.__sclose
                0x0800b2b8        0x8 C:/Users/Ganbo/.eide/tools/gcc_arm/bin/../lib/gcc/arm-none-eabi/14.3.1/../../../../arm-none-eabi/lib/thumb/v7e-m+fp/softfp\libc_nano.a(libc_a-stdio.o)
                0x0800b2b8                __sclose
 .text.__swbuf_r
                0x0800b2c0       0x7c C:/Users/Ganbo/.eide/tools/gcc_arm/bin/../lib/gcc/arm-none-eabi/14.3.1/../../../../arm-none-eabi/lib/thumb/v7e-m+fp/softfp\libc_nano.a(libc_a-wbuf.o)
                0x0800b2c0                __swbuf_r
 .text.__swsetup_r
                0x0800b33c       0xa8 C:/Users/Ganbo/.eide/tools/gcc_arm/bin/../lib/gcc/arm-none-eabi/14.3.1/../../../../arm-none-eabi/lib/thumb/v7e-m+fp/softfp\libc_nano.a(libc_a-wsetup.o)
                0x0800b33c                __swsetup_r
 .text.memset   0x0800b3e4       0x10 C:/Users/Ganbo/.eide/tools/gcc_arm/bin/../lib/gcc/arm-none-eabi/14.3.1/../../../../arm-none-eabi/lib/thumb/v7e-m+fp/softfp\libc_nano.a(libc_a-memset.o)
                0x0800b3e4                memset
 .text._localeconv_r
                0x0800b3f4        0x8 C:/Users/Ganbo/.eide/tools/gcc_arm/bin/../lib/gcc/arm-none-eabi/14.3.1/../../../../arm-none-eabi/lib/thumb/v7e-m+fp/softfp\libc_nano.a(libc_a-localeconv.o)
                0x0800b3f4                _localeconv_r
 .text._close_r
                0x0800b3fc       0x20 C:/Users/Ganbo/.eide/tools/gcc_arm/bin/../lib/gcc/arm-none-eabi/14.3.1/../../../../arm-none-eabi/lib/thumb/v7e-m+fp/softfp\libc_nano.a(libc_a-closer.o)
                0x0800b3fc                _close_r
 .text._lseek_r
                0x0800b41c       0x24 C:/Users/Ganbo/.eide/tools/gcc_arm/bin/../lib/gcc/arm-none-eabi/14.3.1/../../../../arm-none-eabi/lib/thumb/v7e-m+fp/softfp\libc_nano.a(libc_a-lseekr.o)
                0x0800b41c                _lseek_r
 .text._read_r  0x0800b440       0x24 C:/Users/Ganbo/.eide/tools/gcc_arm/bin/../lib/gcc/arm-none-eabi/14.3.1/../../../../arm-none-eabi/lib/thumb/v7e-m+fp/softfp\libc_nano.a(libc_a-readr.o)
                0x0800b440                _read_r
 .text._sbrk_r  0x0800b464       0x20 C:/Users/Ganbo/.eide/tools/gcc_arm/bin/../lib/gcc/arm-none-eabi/14.3.1/../../../../arm-none-eabi/lib/thumb/v7e-m+fp/softfp\libc_nano.a(libc_a-sbrkr.o)
                0x0800b464                _sbrk_r
 .text._write_r
                0x0800b484       0x24 C:/Users/Ganbo/.eide/tools/gcc_arm/bin/../lib/gcc/arm-none-eabi/14.3.1/../../../../arm-none-eabi/lib/thumb/v7e-m+fp/softfp\libc_nano.a(libc_a-writer.o)
                0x0800b484                _write_r
 .text.__errno  0x0800b4a8        0xc C:/Users/Ganbo/.eide/tools/gcc_arm/bin/../lib/gcc/arm-none-eabi/14.3.1/../../../../arm-none-eabi/lib/thumb/v7e-m+fp/softfp\libc_nano.a(libc_a-errno.o)
                0x0800b4a8                __errno
 .text.__libc_init_array
                0x0800b4b4       0x48 C:/Users/Ganbo/.eide/tools/gcc_arm/bin/../lib/gcc/arm-none-eabi/14.3.1/../../../../arm-none-eabi/lib/thumb/v7e-m+fp/softfp\libc_nano.a(libc_a-init.o)
                0x0800b4b4                __libc_init_array
 .text.__retarget_lock_init_recursive
                0x0800b4fc        0x2 C:/Users/Ganbo/.eide/tools/gcc_arm/bin/../lib/gcc/arm-none-eabi/14.3.1/../../../../arm-none-eabi/lib/thumb/v7e-m+fp/softfp\libc_nano.a(libc_a-lock.o)
                0x0800b4fc                __retarget_lock_init_recursive
 .text.__retarget_lock_acquire_recursive
                0x0800b4fe        0x2 C:/Users/Ganbo/.eide/tools/gcc_arm/bin/../lib/gcc/arm-none-eabi/14.3.1/../../../../arm-none-eabi/lib/thumb/v7e-m+fp/softfp\libc_nano.a(libc_a-lock.o)
                0x0800b4fe                __retarget_lock_acquire_recursive
 .text.__retarget_lock_release_recursive
                0x0800b500        0x2 C:/Users/Ganbo/.eide/tools/gcc_arm/bin/../lib/gcc/arm-none-eabi/14.3.1/../../../../arm-none-eabi/lib/thumb/v7e-m+fp/softfp\libc_nano.a(libc_a-lock.o)
                0x0800b500                __retarget_lock_release_recursive
 .text.memcpy   0x0800b502       0x1c C:/Users/Ganbo/.eide/tools/gcc_arm/bin/../lib/gcc/arm-none-eabi/14.3.1/../../../../arm-none-eabi/lib/thumb/v7e-m+fp/softfp\libc_nano.a(libc_a-memcpy-stub.o)
                0x0800b502                memcpy
 .text.quorem   0x0800b51e      0x110 C:/Users/Ganbo/.eide/tools/gcc_arm/bin/../lib/gcc/arm-none-eabi/14.3.1/../../../../arm-none-eabi/lib/thumb/v7e-m+fp/softfp\libc_nano.a(libc_a-dtoa.o)
 *fill*         0x0800b62e        0x2 
 .text._dtoa_r  0x0800b630      0xbb8 C:/Users/Ganbo/.eide/tools/gcc_arm/bin/../lib/gcc/arm-none-eabi/14.3.1/../../../../arm-none-eabi/lib/thumb/v7e-m+fp/softfp\libc_nano.a(libc_a-dtoa.o)
                0x0800b630                _dtoa_r
 .text._free_r  0x0800c1e8       0x94 C:/Users/Ganbo/.eide/tools/gcc_arm/bin/../lib/gcc/arm-none-eabi/14.3.1/../../../../arm-none-eabi/lib/thumb/v7e-m+fp/softfp\libc_nano.a(libc_a-freer.o)
                0x0800c1e8                _free_r
 .text._Balloc  0x0800c27c       0x7c C:/Users/Ganbo/.eide/tools/gcc_arm/bin/../lib/gcc/arm-none-eabi/14.3.1/../../../../arm-none-eabi/lib/thumb/v7e-m+fp/softfp\libc_nano.a(libc_a-mprec.o)
                0x0800c27c                _Balloc
 .text._Bfree   0x0800c2f8       0x44 C:/Users/Ganbo/.eide/tools/gcc_arm/bin/../lib/gcc/arm-none-eabi/14.3.1/../../../../arm-none-eabi/lib/thumb/v7e-m+fp/softfp\libc_nano.a(libc_a-mprec.o)
                0x0800c2f8                _Bfree
 .text.__multadd
                0x0800c33c       0x8c C:/Users/Ganbo/.eide/tools/gcc_arm/bin/../lib/gcc/arm-none-eabi/14.3.1/../../../../arm-none-eabi/lib/thumb/v7e-m+fp/softfp\libc_nano.a(libc_a-mprec.o)
                0x0800c33c                __multadd
 .text.__hi0bits
                0x0800c3c8       0x3e C:/Users/Ganbo/.eide/tools/gcc_arm/bin/../lib/gcc/arm-none-eabi/14.3.1/../../../../arm-none-eabi/lib/thumb/v7e-m+fp/softfp\libc_nano.a(libc_a-mprec.o)
                0x0800c3c8                __hi0bits
 .text.__lo0bits
                0x0800c406       0x5a C:/Users/Ganbo/.eide/tools/gcc_arm/bin/../lib/gcc/arm-none-eabi/14.3.1/../../../../arm-none-eabi/lib/thumb/v7e-m+fp/softfp\libc_nano.a(libc_a-mprec.o)
                0x0800c406                __lo0bits
 .text.__i2b    0x0800c460       0x2c C:/Users/Ganbo/.eide/tools/gcc_arm/bin/../lib/gcc/arm-none-eabi/14.3.1/../../../../arm-none-eabi/lib/thumb/v7e-m+fp/softfp\libc_nano.a(libc_a-mprec.o)
                0x0800c460                __i2b
 .text.__multiply
                0x0800c48c      0x154 C:/Users/Ganbo/.eide/tools/gcc_arm/bin/../lib/gcc/arm-none-eabi/14.3.1/../../../../arm-none-eabi/lib/thumb/v7e-m+fp/softfp\libc_nano.a(libc_a-mprec.o)
                0x0800c48c                __multiply
 .text.__pow5mult
                0x0800c5e0       0xb8 C:/Users/Ganbo/.eide/tools/gcc_arm/bin/../lib/gcc/arm-none-eabi/14.3.1/../../../../arm-none-eabi/lib/thumb/v7e-m+fp/softfp\libc_nano.a(libc_a-mprec.o)
                0x0800c5e0                __pow5mult
 .text.__lshift
                0x0800c698       0xdc C:/Users/Ganbo/.eide/tools/gcc_arm/bin/../lib/gcc/arm-none-eabi/14.3.1/../../../../arm-none-eabi/lib/thumb/v7e-m+fp/softfp\libc_nano.a(libc_a-mprec.o)
                0x0800c698                __lshift
 .text.__mcmp   0x0800c774       0x36 C:/Users/Ganbo/.eide/tools/gcc_arm/bin/../lib/gcc/arm-none-eabi/14.3.1/../../../../arm-none-eabi/lib/thumb/v7e-m+fp/softfp\libc_nano.a(libc_a-mprec.o)
                0x0800c774                __mcmp
 *fill*         0x0800c7aa        0x2 
 .text.__mdiff  0x0800c7ac      0x130 C:/Users/Ganbo/.eide/tools/gcc_arm/bin/../lib/gcc/arm-none-eabi/14.3.1/../../../../arm-none-eabi/lib/thumb/v7e-m+fp/softfp\libc_nano.a(libc_a-mprec.o)
                0x0800c7ac                __mdiff
 .text.__d2b    0x0800c8dc       0xb0 C:/Users/Ganbo/.eide/tools/gcc_arm/bin/../lib/gcc/arm-none-eabi/14.3.1/../../../../arm-none-eabi/lib/thumb/v7e-m+fp/softfp\libc_nano.a(libc_a-mprec.o)
                0x0800c8dc                __d2b
 .text.__sflush_r
                0x0800c98c      0x104 C:/Users/Ganbo/.eide/tools/gcc_arm/bin/../lib/gcc/arm-none-eabi/14.3.1/../../../../arm-none-eabi/lib/thumb/v7e-m+fp/softfp\libc_nano.a(libc_a-fflush.o)
                0x0800c98c                __sflush_r
 .text._fflush_r
                0x0800ca90       0x50 C:/Users/Ganbo/.eide/tools/gcc_arm/bin/../lib/gcc/arm-none-eabi/14.3.1/../../../../arm-none-eabi/lib/thumb/v7e-m+fp/softfp\libc_nano.a(libc_a-fflush.o)
                0x0800ca90                _fflush_r
 .text.__swhatbuf_r
                0x0800cae0       0x48 C:/Users/Ganbo/.eide/tools/gcc_arm/bin/../lib/gcc/arm-none-eabi/14.3.1/../../../../arm-none-eabi/lib/thumb/v7e-m+fp/softfp\libc_nano.a(libc_a-makebuf.o)
                0x0800cae0                __swhatbuf_r
 .text.__smakebuf_r
                0x0800cb28       0x72 C:/Users/Ganbo/.eide/tools/gcc_arm/bin/../lib/gcc/arm-none-eabi/14.3.1/../../../../arm-none-eabi/lib/thumb/v7e-m+fp/softfp\libc_nano.a(libc_a-makebuf.o)
                0x0800cb28                __smakebuf_r
 *fill*         0x0800cb9a        0x2 
 .text._fstat_r
                0x0800cb9c       0x24 C:/Users/Ganbo/.eide/tools/gcc_arm/bin/../lib/gcc/arm-none-eabi/14.3.1/../../../../arm-none-eabi/lib/thumb/v7e-m+fp/softfp\libc_nano.a(libc_a-fstatr.o)
                0x0800cb9c                _fstat_r
 .text._isatty_r
                0x0800cbc0       0x20 C:/Users/Ganbo/.eide/tools/gcc_arm/bin/../lib/gcc/arm-none-eabi/14.3.1/../../../../arm-none-eabi/lib/thumb/v7e-m+fp/softfp\libc_nano.a(libc_a-isattyr.o)
                0x0800cbc0                _isatty_r
 .text.__assert_func
                0x0800cbe0       0x3c C:/Users/Ganbo/.eide/tools/gcc_arm/bin/../lib/gcc/arm-none-eabi/14.3.1/../../../../arm-none-eabi/lib/thumb/v7e-m+fp/softfp\libc_nano.a(libc_a-assert.o)
                0x0800cbe0                __assert_func
 .text._calloc_r
                0x0800cc1c       0x28 C:/Users/Ganbo/.eide/tools/gcc_arm/bin/../lib/gcc/arm-none-eabi/14.3.1/../../../../arm-none-eabi/lib/thumb/v7e-m+fp/softfp\libc_nano.a(libc_a-callocr.o)
                0x0800cc1c                _calloc_r
 .text.__ascii_mbtowc
                0x0800cc44       0x24 C:/Users/Ganbo/.eide/tools/gcc_arm/bin/../lib/gcc/arm-none-eabi/14.3.1/../../../../arm-none-eabi/lib/thumb/v7e-m+fp/softfp\libc_nano.a(libc_a-mbtowc_r.o)
                0x0800cc44                __ascii_mbtowc
 .text.__ascii_wctomb
                0x0800cc68       0x1a C:/Users/Ganbo/.eide/tools/gcc_arm/bin/../lib/gcc/arm-none-eabi/14.3.1/../../../../arm-none-eabi/lib/thumb/v7e-m+fp/softfp\libc_nano.a(libc_a-wctomb_r.o)
                0x0800cc68                __ascii_wctomb
 *fill*         0x0800cc82        0x2 
 .text.fprintf  0x0800cc84       0x24 C:/Users/Ganbo/.eide/tools/gcc_arm/bin/../lib/gcc/arm-none-eabi/14.3.1/../../../../arm-none-eabi/lib/thumb/v7e-m+fp/softfp\libc_nano.a(libc_a-fprintf.o)
                0x0800cc84                fiprintf
                0x0800cc84                fprintf
 .text.abort    0x0800cca8        0xe C:/Users/Ganbo/.eide/tools/gcc_arm/bin/../lib/gcc/arm-none-eabi/14.3.1/../../../../arm-none-eabi/lib/thumb/v7e-m+fp/softfp\libc_nano.a(libc_a-abort.o)
                0x0800cca8                abort
 .text.__sfputc_r
                0x0800ccb6       0x2e C:/Users/Ganbo/.eide/tools/gcc_arm/bin/../lib/gcc/arm-none-eabi/14.3.1/../../../../arm-none-eabi/lib/thumb/v7e-m+fp/softfp\libc_nano.a(libc_a-nano-vfprintf.o)
 .text.__sfputs_r
                0x0800cce4       0x24 C:/Users/Ganbo/.eide/tools/gcc_arm/bin/../lib/gcc/arm-none-eabi/14.3.1/../../../../arm-none-eabi/lib/thumb/v7e-m+fp/softfp\libc_nano.a(libc_a-nano-vfprintf.o)
                0x0800cce4                __sfputs_r
 .text._vfprintf_r
                0x0800cd08      0x228 C:/Users/Ganbo/.eide/tools/gcc_arm/bin/../lib/gcc/arm-none-eabi/14.3.1/../../../../arm-none-eabi/lib/thumb/v7e-m+fp/softfp\libc_nano.a(libc_a-nano-vfprintf.o)
                0x0800cd08                _vfprintf_r
                0x0800cd08                _vfiprintf_r
 .text._raise_r
                0x0800cf30       0x50 C:/Users/Ganbo/.eide/tools/gcc_arm/bin/../lib/gcc/arm-none-eabi/14.3.1/../../../../arm-none-eabi/lib/thumb/v7e-m+fp/softfp\libc_nano.a(libc_a-signal.o)
                0x0800cf30                _raise_r
 .text.raise    0x0800cf80       0x10 C:/Users/Ganbo/.eide/tools/gcc_arm/bin/../lib/gcc/arm-none-eabi/14.3.1/../../../../arm-none-eabi/lib/thumb/v7e-m+fp/softfp\libc_nano.a(libc_a-signal.o)
                0x0800cf80                raise
 .text._kill_r  0x0800cf90       0x24 C:/Users/Ganbo/.eide/tools/gcc_arm/bin/../lib/gcc/arm-none-eabi/14.3.1/../../../../arm-none-eabi/lib/thumb/v7e-m+fp/softfp\libc_nano.a(libc_a-signalr.o)
                0x0800cf90                _kill_r
 .text._getpid_r
                0x0800cfb4        0x4 C:/Users/Ganbo/.eide/tools/gcc_arm/bin/../lib/gcc/arm-none-eabi/14.3.1/../../../../arm-none-eabi/lib/thumb/v7e-m+fp/softfp\libc_nano.a(libc_a-signalr.o)
                0x0800cfb4                _getpid_r
 *(.glue_7)
 .glue_7        0x0800cfb8        0x0 linker stubs
 *(.glue_7t)
 .glue_7t       0x0800cfb8        0x0 linker stubs
 *(.eh_frame)
 .eh_frame      0x0800cfb8        0x0 C:/Users/Ganbo/.eide/tools/gcc_arm/bin/../lib/gcc/arm-none-eabi/14.3.1/thumb/v7e-m+fp/softfp/crtbegin.o
 *(.init)
 .init          0x0800cfb8        0x4 C:/Users/Ganbo/.eide/tools/gcc_arm/bin/../lib/gcc/arm-none-eabi/14.3.1/thumb/v7e-m+fp/softfp/crti.o
                0x0800cfb8                _init
 .init          0x0800cfbc        0x8 C:/Users/Ganbo/.eide/tools/gcc_arm/bin/../lib/gcc/arm-none-eabi/14.3.1/thumb/v7e-m+fp/softfp/crtn.o
 *(.fini)
 .fini          0x0800cfc4        0x4 C:/Users/Ganbo/.eide/tools/gcc_arm/bin/../lib/gcc/arm-none-eabi/14.3.1/thumb/v7e-m+fp/softfp/crti.o
                0x0800cfc4                _fini
 .fini          0x0800cfc8        0x8 C:/Users/Ganbo/.eide/tools/gcc_arm/bin/../lib/gcc/arm-none-eabi/14.3.1/thumb/v7e-m+fp/softfp/crtn.o
                0x0800cfd0                        . = ALIGN (0x4)
                0x0800cfd0                        _etext = .

.vfp11_veneer   0x0800cfd0        0x0
 .vfp11_veneer  0x0800cfd0        0x0 linker stubs

.v4_bx          0x0800cfd0        0x0
 .v4_bx         0x0800cfd0        0x0 linker stubs

.iplt           0x0800cfd0        0x0
 .iplt          0x0800cfd0        0x0 C:/Users/Ganbo/.eide/tools/gcc_arm/bin/../lib/gcc/arm-none-eabi/14.3.1/thumb/v7e-m+fp/softfp/crtbegin.o

.rodata         0x0800cfd0      0x864
                0x0800cfd0                        . = ALIGN (0x4)
 *(.rodata)
 *(.rodata*)
 .rodata.str1.4
                0x0800cfd0       0x5c ./build/Debug/.obj/Core/Src/freertos.o
                                 0x44 (size before relaxing)
 .rodata.ScaraMoveDone_attributes
                0x0800d02c       0x10 ./build/Debug/.obj/Core/Src/freertos.o
                0x0800d02c                ScaraMoveDone_attributes
 .rodata.ChassisMoveDone_attributes
                0x0800d03c       0x10 ./build/Debug/.obj/Core/Src/freertos.o
                0x0800d03c                ChassisMoveDone_attributes
 .rodata.MainTask_attributes
                0x0800d04c       0x24 ./build/Debug/.obj/Core/Src/freertos.o
                0x0800d04c                MainTask_attributes
 .rodata.ScaraTask_attributes