[2026-06-10 20:57:24]	[info] incremental build: 6 source files changed
These source files will be recompiled
---
'd:\Programs\GrainGrabber\GrainGrabber\Core\APP\app.c': source file has been changed.
'd:\Programs\GrainGrabber\GrainGrabber\Core\APP\car.c': dependence 'd:\Programs\GrainGrabber\GrainGrabber\Core\APP\scara.h' has been changed.
'd:\Programs\GrainGrabber\GrainGrabber\Core\APP\scara.c': source file has been changed.
'd:\Programs\GrainGrabber\GrainGrabber\Core\Src\freertos.c': dependence 'd:\Programs\GrainGrabber\GrainGrabber\Core\APP\scara.h' has been changed.
'd:\Programs\GrainGrabber\GrainGrabber\Core\Src\main.c': dependence 'd:\Programs\GrainGrabber\GrainGrabber\Core\APP\scara.h' has been changed.
'd:\Programs\GrainGrabber\GrainGrabber\Core\Src\my_task.c': dependence 'd:\Programs\GrainGrabber\GrainGrabber\Core\APP\scara.h' has been changed.

[2026-06-10 20:57:25]	[done]
	build successfully !

[2026-06-10 20:57:58]	[done]
	build successfully !

[2026-06-10 21:01:54]	[info] incremental build: 2 source files changed
These source files will be recompiled
---
'd:\Programs\GrainGrabber\GrainGrabber\Core\APP\app.c': source file has been changed.
'd:\Programs\GrainGrabber\GrainGrabber\Core\APP\scara.c': source file has been changed.

[2026-06-10 21:01:55]	[done]
	build successfully !

[2026-06-10 21:05:36]	[info] incremental build: 1 source files changed
These source files will be recompiled
---
'd:\Programs\GrainGrabber\GrainGrabber\Core\APP\scara.c': source file has been changed.

[2026-06-10 21:05:36]	[done]
	build successfully !

[2026-06-10 21:08:45]	[info] incremental build: 2 source files changed
These source files will be recompiled
---
'd:\Programs\GrainGrabber\GrainGrabber\Core\APP\app.c': source file has been changed.
'd:\Programs\GrainGrabber\GrainGrabber\Core\APP\scara.c': source file has been changed.

[2026-06-10 21:08:45]	[done]
	build successfully !

[2026-06-10 21:09:51]	[info] incremental build: 1 source files changed
These source files will be recompiled
---
'd:\Programs\GrainGrabber\GrainGrabber\Core\APP\app.c': source file has been changed.

[2026-06-10 21:09:52]	[done]
	build successfully !

[2026-06-10 21:18:29]	[info] incremental build: 1 source files changed
These source files will be recompiled
---
'd:\Programs\GrainGrabber\GrainGrabber\Core\APP\app.c': source file has been changed.

[2026-06-10 21:18:30]	[done]
	build successfully !

[2026-06-10 21:20:07]	[info] incremental build: 1 source files changed
These source files will be recompiled
---
'd:\Programs\GrainGrabber\GrainGrabber\Core\APP\scara.c': source file has been changed.

[2026-06-10 21:20:08]	[done]
	build successfully !

[2026-06-10 21:22:26]	[info] incremental build: 1 source files changed
These source files will be recompiled
---
'd:\Programs\GrainGrabber\GrainGrabber\Core\APP\scara.c': source file has been changed.

[2026-06-10 21:22:27]	[done]
	build successfully !

[2026-06-10 21:47:11]	[info] incremental build: 6 source files changed
These source files will be recompiled
---
'd:\Programs\GrainGrabber\GrainGrabber\Core\APP\app.c': source file has been changed.
'd:\Programs\GrainGrabber\GrainGrabber\Core\APP\car.c': dependence 'd:\Programs\GrainGrabber\GrainGrabber\Core\APP\scara.h' has been changed.
'd:\Programs\GrainGrabber\GrainGrabber\Core\APP\scara.c': dependence 'd:\Programs\GrainGrabber\GrainGrabber\Core\APP\scara.h' has been changed.
'd:\Programs\GrainGrabber\GrainGrabber\Core\Src\freertos.c': dependence 'd:\Programs\GrainGrabber\GrainGrabber\Core\APP\scara.h' has been changed.
'd:\Programs\GrainGrabber\GrainGrabber\Core\Src\main.c': dependence 'd:\Programs\GrainGrabber\GrainGrabber\Core\APP\scara.h' has been changed.
'd:\Programs\GrainGrabber\GrainGrabber\Core\Src\my_task.c': dependence 'd:\Programs\GrainGrabber\GrainGrabber\Core\APP\scara.h' has been changed.

[2026-06-10 21:47:14]	[done]
	build successfully !

[2026-06-10 22:12:57]	[info] incremental build: 5 source files changed
These source files will be recompiled
---
'd:\Programs\GrainGrabber\GrainGrabber\Core\APP\app.c': source file has been changed.
'd:\Programs\GrainGrabber\GrainGrabber\Core\APP\car.c': dependence 'd:\Programs\GrainGrabber\GrainGrabber\Core\APP\app.h' has been changed.
'd:\Programs\GrainGrabber\GrainGrabber\Core\Src\freertos.c': source file has been changed.
'd:\Programs\GrainGrabber\GrainGrabber\Core\Src\main.c': dependence 'd:\Programs\GrainGrabber\GrainGrabber\Core\APP\app.h' has been changed.
'd:\Programs\GrainGrabber\GrainGrabber\Core\Src\my_task.c': source file has been changed.

[2026-06-10 22:12:58]	[done]
	build successfully !

[2026-06-10 22:37:33]	[info] incremental build: 1 source files changed
These source files will be recompiled
---
'd:\Programs\GrainGrabber\GrainGrabber\Core\Src\my_task.c': source file has been changed.

[2026-06-10 22:37:35]	[done]
	build successfully !

[2026-06-10 22:45:08]	[info] incremental build: 1 source files changed
These source files will be recompiled
---
'd:\Programs\GrainGrabber\GrainGrabber\Core\Src\my_task.c': source file has been changed.

[2026-06-10 22:45:09]	[done]
	build successfully !

[2026-06-10 22:51:51]	[info] incremental build: 3 source files changed
These source files will be recompiled
---
'd:\Programs\GrainGrabber\GrainGrabber\Core\APP\app.c': source file has been changed.
'd:\Programs\GrainGrabber\GrainGrabber\Core\Src\freertos.c': source file has been changed.
'd:\Programs\GrainGrabber\GrainGrabber\Core\Src\my_task.c': source file has been changed.

[2026-06-10 22:51:51]	[done]
	build successfully !

[2026-06-10 22:54:58]	[info] incremental build: 10 source files changed
These source files will be recompiled
---
'd:\Programs\GrainGrabber\GrainGrabber\Core\APP\app.c': dependence 'd:\Programs\GrainGrabber\GrainGrabber\Core\BSP\filter.h' has been changed.
'd:\Programs\GrainGrabber\GrainGrabber\Core\APP\car.c': dependence 'd:\Programs\GrainGrabber\GrainGrabber\Core\BSP\filter.h' has been changed.
'd:\Programs\GrainGrabber\GrainGrabber\Core\APP\push.c': dependence 'd:\Programs\GrainGrabber\GrainGrabber\Core\BSP\filter.h' has been changed.
'd:\Programs\GrainGrabber\GrainGrabber\Core\APP\raspi.c': dependence 'd:\Programs\GrainGrabber\GrainGrabber\Core\BSP\filter.h' has been changed.
'd:\Programs\GrainGrabber\GrainGrabber\Core\APP\scara.c': dependence 'd:\Programs\GrainGrabber\GrainGrabber\Core\BSP\filter.h' has been changed.
'd:\Programs\GrainGrabber\GrainGrabber\Core\BSP\bsp.c': dependence 'd:\Programs\GrainGrabber\GrainGrabber\Core\BSP\filter.h' has been changed.
'd:\Programs\GrainGrabber\GrainGrabber\Core\BSP\filter.c': dependence 'd:\Programs\GrainGrabber\GrainGrabber\Core\BSP\filter.h' has been changed.
'd:\Programs\GrainGrabber\GrainGrabber\Core\Src\freertos.c': dependence 'd:\Programs\GrainGrabber\GrainGrabber\Core\BSP\filter.h' has been changed.
'd:\Programs\GrainGrabber\GrainGrabber\Core\Src\main.c': dependence 'd:\Programs\GrainGrabber\GrainGrabber\Core\BSP\filter.h' has been changed.
'd:\Programs\GrainGrabber\GrainGrabber\Core\Src\my_task.c': dependence 'd:\Programs\GrainGrabber\GrainGrabber\Core\BSP\filter.h' has been changed.

[2026-06-10 22:54:59]	[done]
	build successfully !

[2026-06-10 22:55:52]	[info] incremental build: 10 source files changed
These source files will be recompiled
---
'd:\Programs\GrainGrabber\GrainGrabber\Core\APP\app.c': dependence 'd:\Programs\GrainGrabber\GrainGrabber\Core\BSP\filter.h' has been changed.
'd:\Programs\GrainGrabber\GrainGrabber\Core\APP\car.c': dependence 'd:\Programs\GrainGrabber\GrainGrabber\Core\BSP\filter.h' has been changed.
'd:\Programs\GrainGrabber\GrainGrabber\Core\APP\push.c': dependence 'd:\Programs\GrainGrabber\GrainGrabber\Core\BSP\filter.h' has been changed.
'd:\Programs\GrainGrabber\GrainGrabber\Core\APP\raspi.c': dependence 'd:\Programs\GrainGrabber\GrainGrabber\Core\BSP\filter.h' has been changed.
'd:\Programs\GrainGrabber\GrainGrabber\Core\APP\scara.c': dependence 'd:\Programs\GrainGrabber\GrainGrabber\Core\BSP\filter.h' has been changed.
'd:\Programs\GrainGrabber\GrainGrabber\Core\BSP\bsp.c': dependence 'd:\Programs\GrainGrabber\GrainGrabber\Core\BSP\filter.h' has been changed.
'd:\Programs\GrainGrabber\GrainGrabber\Core\BSP\filter.c': dependence 'd:\Programs\GrainGrabber\GrainGrabber\Core\BSP\filter.h' has been changed.
'd:\Programs\GrainGrabber\GrainGrabber\Core\Src\freertos.c': dependence 'd:\Programs\GrainGrabber\GrainGrabber\Core\BSP\filter.h' has been changed.
'd:\Programs\GrainGrabber\GrainGrabber\Core\Src\main.c': dependence 'd:\Programs\GrainGrabber\GrainGrabber\Core\BSP\filter.h' has been changed.
'd:\Programs\GrainGrabber\GrainGrabber\Core\Src\my_task.c': dependence 'd:\Programs\GrainGrabber\GrainGrabber\Core\BSP\filter.h' has been changed.

[2026-06-10 22:55:52]	[done]
	build successfully !

[2026-06-10 22:58:36]	[info] incremental build: 10 source files changed
These source files will be recompiled
---
'd:\Programs\GrainGrabber\GrainGrabber\Core\APP\app.c': dependence 'd:\Programs\GrainGrabber\GrainGrabber\Core\BSP\filter.h' has been changed.
'd:\Programs\GrainGrabber\GrainGrabber\Core\APP\car.c': dependence 'd:\Programs\GrainGrabber\GrainGrabber\Core\BSP\filter.h' has been changed.
'd:\Programs\GrainGrabber\GrainGrabber\Core\APP\push.c': dependence 'd:\Programs\GrainGrabber\GrainGrabber\Core\BSP\filter.h' has been changed.
'd:\Programs\GrainGrabber\GrainGrabber\Core\APP\raspi.c': dependence 'd:\Programs\GrainGrabber\GrainGrabber\Core\BSP\filter.h' has been changed.
'd:\Programs\GrainGrabber\GrainGrabber\Core\APP\scara.c': source file has been changed.
'd:\Programs\GrainGrabber\GrainGrabber\Core\BSP\bsp.c': dependence 'd:\Programs\GrainGrabber\GrainGrabber\Core\BSP\filter.h' has been changed.
'd:\Programs\GrainGrabber\GrainGrabber\Core\BSP\filter.c': dependence 'd:\Programs\GrainGrabber\GrainGrabber\Core\BSP\filter.h' has been changed.
'd:\Programs\GrainGrabber\GrainGrabber\Core\Src\freertos.c': dependence 'd:\Programs\GrainGrabber\GrainGrabber\Core\BSP\filter.h' has been changed.
'd:\Programs\GrainGrabber\GrainGrabber\Core\Src\main.c': dependence 'd:\Programs\GrainGrabber\GrainGrabber\Core\BSP\filter.h' has been changed.
'd:\Programs\GrainGrabber\GrainGrabber\Core\Src\my_task.c': dependence 'd:\Programs\GrainGrabber\GrainGrabber\Core\BSP\filter.h' has been changed.

[2026-06-10 22:58:36]	[done]
	build successfully !

[2026-06-10 22:59:35]	[info] incremental build: 10 source files changed
These source files will be recompiled
---
'd:\Programs\GrainGrabber\GrainGrabber\Core\APP\app.c': dependence 'd:\Programs\GrainGrabber\GrainGrabber\Core\BSP\filter.h' has been changed.
'd:\Programs\GrainGrabber\GrainGrabber\Core\APP\car.c': dependence 'd:\Programs\GrainGrabber\GrainGrabber\Core\BSP\filter.h' has been changed.
'd:\Programs\GrainGrabber\GrainGrabber\Core\APP\push.c': dependence 'd:\Programs\GrainGrabber\GrainGrabber\Core\BSP\filter.h' has been changed.
'd:\Programs\GrainGrabber\GrainGrabber\Core\APP\raspi.c': dependence 'd:\Programs\GrainGrabber\GrainGrabber\Core\BSP\filter.h' has been changed.
'd:\Programs\GrainGrabber\GrainGrabber\Core\APP\scara.c': dependence 'd:\Programs\GrainGrabber\GrainGrabber\Core\BSP\filter.h' has been changed.
'd:\Programs\GrainGrabber\GrainGrabber\Core\BSP\bsp.c': dependence 'd:\Programs\GrainGrabber\GrainGrabber\Core\BSP\filter.h' has been changed.
'd:\Programs\GrainGrabber\GrainGrabber\Core\BSP\filter.c': dependence 'd:\Programs\GrainGrabber\GrainGrabber\Core\BSP\filter.h' has been changed.
'd:\Programs\GrainGrabber\GrainGrabber\Core\Src\freertos.c': dependence 'd:\Programs\GrainGrabber\GrainGrabber\Core\BSP\filter.h' has been changed.
'd:\Programs\GrainGrabber\GrainGrabber\Core\Src\main.c': dependence 'd:\Programs\GrainGrabber\GrainGrabber\Core\BSP\filter.h' has been changed.
'd:\Programs\GrainGrabber\GrainGrabber\Core\Src\my_task.c': dependence 'd:\Programs\GrainGrabber\GrainGrabber\Core\BSP\filter.h' has been changed.

[2026-06-10 22:59:35]	[done]
	build successfully !

[2026-06-10 23:03:21]	[info] incremental build: 10 source files changed
These source files will be recompiled
---
'd:\Programs\GrainGrabber\GrainGrabber\Core\APP\app.c': dependence 'd:\Programs\GrainGrabber\GrainGrabber\Core\BSP\filter.h' has been changed.
'd:\Programs\GrainGrabber\GrainGrabber\Core\APP\car.c': dependence 'd:\Programs\GrainGrabber\GrainGrabber\Core\BSP\filter.h' has been changed.
'd:\Programs\GrainGrabber\GrainGrabber\Core\APP\push.c': dependence 'd:\Programs\GrainGrabber\GrainGrabber\Core\BSP\filter.h' has been changed.
'd:\Programs\GrainGrabber\GrainGrabber\Core\APP\raspi.c': dependence 'd:\Programs\GrainGrabber\GrainGrabber\Core\BSP\filter.h' has been changed.
'd:\Programs\GrainGrabber\GrainGrabber\Core\APP\scara.c': source file has been changed.
'd:\Programs\GrainGrabber\GrainGrabber\Core\BSP\bsp.c': dependence 'd:\Programs\GrainGrabber\GrainGrabber\Core\BSP\filter.h' has been changed.
'd:\Programs\GrainGrabber\GrainGrabber\Core\BSP\filter.c': dependence 'd:\Programs\GrainGrabber\GrainGrabber\Core\BSP\filter.h' has been changed.
'd:\Programs\GrainGrabber\GrainGrabber\Core\Src\freertos.c': dependence 'd:\Programs\GrainGrabber\GrainGrabber\Core\BSP\filter.h' has been changed.
'd:\Programs\GrainGrabber\GrainGrabber\Core\Src\main.c': dependence 'd:\Programs\GrainGrabber\GrainGrabber\Core\BSP\filter.h' has been changed.
'd:\Programs\GrainGrabber\GrainGrabber\Core\Src\my_task.c': dependence 'd:\Programs\GrainGrabber\GrainGrabber\Core\BSP\filter.h' has been changed.

[2026-06-10 23:03:22]	[done]
	build successfully !

[2026-06-10 23:07:11]	[info] incremental build: 1 source files changed
These source files will be recompiled
---
'd:\Programs\GrainGrabber\GrainGrabber\Core\Src\freertos.c': source file has been changed.

[2026-06-10 23:07:11]	[done]
	build successfully !

[2026-06-10 23:25:02]	[info] incremental build: 1 source files changed
These source files will be recompiled
---
'd:\Programs\GrainGrabber\GrainGrabber\Core\APP\app.c': source file has been changed.

[2026-06-10 23:25:03]	[done]
	build successfully !

[2026-06-11 11:49:33]	[info] incremental build: 6 source files changed
These source files will be recompiled
---
'd:\Programs\GrainGrabber\GrainGrabber\Core\APP\app.c': source file has been changed.
'd:\Programs\GrainGrabber\GrainGrabber\Core\APP\car.c': dependence 'd:\Programs\GrainGrabber\GrainGrabber\Core\APP\scara.h' has been changed.
'd:\Programs\GrainGrabber\GrainGrabber\Core\APP\scara.c': source file has been changed.
'd:\Programs\GrainGrabber\GrainGrabber\Core\Src\freertos.c': dependence 'd:\Programs\GrainGrabber\GrainGrabber\Core\APP\scara.h' has been changed.
'd:\Programs\GrainGrabber\GrainGrabber\Core\Src\main.c': source file has been changed.
'd:\Programs\GrainGrabber\GrainGrabber\Core\Src\my_task.c': dependence 'd:\Programs\GrainGrabber\GrainGrabber\Core\APP\scara.h' has been changed.

[2026-06-11 11:49:35]	compilation failed at : "d:\Programs\GrainGrabber\GrainGrabber\Core\APP\scara.c", exit code: 1
command: 
  "C:\Users\Ganbo\.eide\tools\gcc_arm\bin\arm-none-eabi-gcc.exe" -c -xc -std=c11 -I. -ICore -ICore/Inc -IDrivers -IDrivers/CMSIS -IDrivers/STM32F4xx_HAL_Driver -IDrivers/CMSIS/Device -IDrivers/CMSIS/Include -IDrivers/CMSIS/Device/ST -IDrivers/CMSIS/Device/ST/STM32F4xx -IDrivers/CMSIS/Device/ST/STM32F4xx/Include -IDrivers/CMSIS/Device/ST/STM32F4xx/Source -IDrivers/CMSIS/Device/ST/STM32F4xx/Source/Templates -IDrivers/STM32F4xx_HAL_Driver/Inc -IDrivers/STM32F4xx_HAL_Driver/Src -IDrivers/STM32F4xx_HAL_Driver/Inc/Legacy -IMiddlewares -IMiddlewares/Third_Party -IMiddlewares/Third_Party/FreeRTOS -IMiddlewares/Third_Party/FreeRTOS/Source -IMiddlewares/Third_Party/FreeRTOS/Source/CMSIS_RTOS_V2 -IMiddlewares/Third_Party/FreeRTOS/Source/include -IMiddlewares/Third_Party/FreeRTOS/Source/portable -IMiddlewares/Third_Party/FreeRTOS/Source/portable/GCC -IMiddlewares/Third_Party/FreeRTOS/Source/portable/MemMang -IMiddlewares/Third_Party/FreeRTOS/Source/portable/GCC/ARM_CM4F -ICore/BSP -ICore/APP -ICore/Src -D"USE_HAL_DRIVER" -D"STM32F427xx" -mcpu=cortex-m4 -mfpu=fpv4-sp-d16 -mfloat-abi=softfp -mthumb -Og -Wall -g -ffunction-sections -fdata-sections -funsigned-char --specs=nosys.specs --specs=nano.specs -o ./build/Debug/.obj/Core/APP/scara.o -MMD ./Core/APP/scara.c
   at unify_builder.Program.Main(String[] args_)
---
./Core/APP/scara.c: In function 'Grab_Off':
./Core/APP/scara.c:242:7: warning: statement with no effect [-Wunused-value]
  242 |   hand.grab_target_angle GRAB_OPEN;
      |   ~~~~^~~~~~~~~~~~~~~~~~
./Core/APP/scara.c:242:25: error: expected ';' before numeric constant
  242 |   hand.grab_target_angle GRAB_OPEN;
      |                         ^
      |                         ;

[2026-06-11 11:50:21]	[info] incremental build: 4 source files changed
These source files will be recompiled
---
'd:\Programs\GrainGrabber\GrainGrabber\Core\APP\scara.c': source file has been changed.
'd:\Programs\GrainGrabber\GrainGrabber\Core\Src\freertos.c': dependence 'd:\Programs\GrainGrabber\GrainGrabber\Core\APP\scara.h' has been changed.
'd:\Programs\GrainGrabber\GrainGrabber\Core\Src\main.c': source file has been changed.
'd:\Programs\GrainGrabber\GrainGrabber\Core\Src\my_task.c': dependence 'd:\Programs\GrainGrabber\GrainGrabber\Core\APP\scara.h' has been changed.

[2026-06-11 11:50:25]	[done]
	build successfully !

[2026-06-11 11:51:09]	[info] incremental build: 1 source files changed
These source files will be recompiled
---
'd:\Programs\GrainGrabber\GrainGrabber\Core\Src\freertos.c': source file has been changed.

[2026-06-11 11:51:09]	[done]
	build successfully !

[2026-06-11 19:33:43]	[info] incremental build: 2 source files changed
These source files will be recompiled
---
'd:\Programs\GrainGrabber\GrainGrabber\Core\APP\scara.c': source file has been changed.
'd:\Programs\GrainGrabber\GrainGrabber\Core\Src\my_task.c': source file has been changed.

[2026-06-11 19:33:48]	[done]
	build successfully !

[2026-06-11 19:42:03]	[info] incremental build: 1 source files changed
These source files will be recompiled
---
'd:\Programs\GrainGrabber\GrainGrabber\Core\APP\app.c': source file has been changed.

[2026-06-11 19:42:04]	[done]
	build successfully !

[2026-06-11 19:46:56]	[info] incremental build: 1 source files changed
These source files will be recompiled
---
'd:\Programs\GrainGrabber\GrainGrabber\Core\APP\app.c': source file has been changed.

[2026-06-11 19:46:57]	[done]
	build successfully !

[2026-06-11 19:48:52]	[info] incremental build: 6 source files changed
These source files will be recompiled
---
'd:\Programs\GrainGrabber\GrainGrabber\Core\APP\app.c': dependence 'd:\Programs\GrainGrabber\GrainGrabber\Core\APP\scara.h' has been changed.
'd:\Programs\GrainGrabber\GrainGrabber\Core\APP\car.c': dependence 'd:\Programs\GrainGrabber\GrainGrabber\Core\APP\scara.h' has been changed.
'd:\Programs\GrainGrabber\GrainGrabber\Core\APP\scara.c': dependence 'd:\Programs\GrainGrabber\GrainGrabber\Core\APP\scara.h' has been changed.
'd:\Programs\GrainGrabber\GrainGrabber\Core\Src\freertos.c': dependence 'd:\Programs\GrainGrabber\GrainGrabber\Core\APP\scara.h' has been changed.
'd:\Programs\GrainGrabber\GrainGrabber\Core\Src\main.c': dependence 'd:\Programs\GrainGrabber\GrainGrabber\Core\APP\scara.h' has been changed.
'd:\Programs\GrainGrabber\GrainGrabber\Core\Src\my_task.c': dependence 'd:\Programs\GrainGrabber\GrainGrabber\Core\APP\scara.h' has been changed.

[2026-06-11 19:48:54]	[done]
	build successfully !

[2026-06-11 19:53:19]	[info] incremental build: 1 source files changed
These source files will be recompiled
---
'd:\Programs\GrainGrabber\GrainGrabber\Core\APP\app.c': source file has been changed.

[2026-06-11 19:53:20]	[done]
	build successfully !

[2026-06-11 20:13:44]	[info] incremental build: 1 source files changed
These source files will be recompiled
---
'd:\Programs\GrainGrabber\GrainGrabber\Core\APP\app.c': source file has been changed.

[2026-06-11 20:13:45]	[done]
	build successfully !

[2026-06-11 20:14:25]	[info] incremental build: 1 source files changed
These source files will be recompiled
---
'd:\Programs\GrainGrabber\GrainGrabber\Core\APP\scara.c': source file has been changed.

[2026-06-11 20:14:25]	[done]
	build successfully !

[2026-06-11 21:26:02]	[info] incremental build: 1 source files changed
These source files will be recompiled
---
'd:\Programs\GrainGrabber\GrainGrabber\Core\APP\app.c': source file has been changed.

[2026-06-11 21:26:04]	[done]
	build successfully !

[2026-06-11 21:26:18]	[done]
	build successfully !

[2026-06-11 21:27:34]	[info] incremental build: 1 source files changed
These source files will be recompiled
---
'd:\Programs\GrainGrabber\GrainGrabber\Core\Src\my_task.c': source file has been changed.

[2026-06-11 21:27:35]	[done]
	build successfully !

[2026-06-11 21:29:56]	[info] incremental build: 1 source files changed
These source files will be recompiled
---
'd:\Programs\GrainGrabber\GrainGrabber\Core\Src\freertos.c': source file has been changed.

[2026-06-11 21:29:57]	[done]
	build successfully !

[2026-06-11 21:34:26]	[info] incremental build: 1 source files changed
These source files will be recompiled
---
'd:\Programs\GrainGrabber\GrainGrabber\Core\Src\freertos.c': source file has been changed.

[2026-06-11 21:34:26]	[done]
	build successfully !

