ARM GAS  C:\Users\HZW\AppData\Local\Temp\ccOgf0zi.s 			page 1


   1              		.cpu cortex-m4
   2              		.arch armv7e-m
   3              		.fpu fpv4-sp-d16
   4              		.eabi_attribute 27, 1
   5              		.eabi_attribute 28, 1
   6              		.eabi_attribute 20, 1
   7              		.eabi_attribute 21, 1
   8              		.eabi_attribute 23, 3
   9              		.eabi_attribute 24, 1
  10              		.eabi_attribute 25, 1
  11              		.eabi_attribute 26, 1
  12              		.eabi_attribute 30, 1
  13              		.eabi_attribute 34, 1
  14              		.eabi_attribute 18, 4
  15              		.file	"app.c"
  16              		.text
  17              	.Ltext0:
  18              		.cfi_sections	.debug_frame
  19              		.file 1 "Core/APP/app.c"
  20              		.section	.text.app_init,"ax",%progbits
  21              		.align	1
  22              		.global	app_init
  23              		.syntax unified
  24              		.thumb
  25              		.thumb_func
  27              	app_init:
  28              	.LFB137:
   1:Core/APP/app.c **** #include "app.h"
   2:Core/APP/app.c **** void app_init(void)
   3:Core/APP/app.c **** {
  29              		.loc 1 3 1 view -0
  30              		.cfi_startproc
  31              		@ args = 0, pretend = 0, frame = 0
  32              		@ frame_needed = 0, uses_anonymous_args = 0
  33 0000 08B5     		push	{r3, lr}
  34              	.LCFI0:
  35              		.cfi_def_cfa_offset 8
  36              		.cfi_offset 3, -8
  37              		.cfi_offset 14, -4
   4:Core/APP/app.c ****     omega_zero();
  38              		.loc 1 4 5 view .LVU1
  39 0002 FFF7FEFF 		bl	omega_zero
  40              	.LVL0:
   5:Core/APP/app.c ****     Init_Car();
  41              		.loc 1 5 5 view .LVU2
  42 0006 FFF7FEFF 		bl	Init_Car
  43              	.LVL1:
   6:Core/APP/app.c ****     Init_Lift();
  44              		.loc 1 6 5 view .LVU3
  45 000a FFF7FEFF 		bl	Init_Lift
  46              	.LVL2:
   7:Core/APP/app.c **** }
  47              		.loc 1 7 1 is_stmt 0 view .LVU4
  48 000e 08BD     		pop	{r3, pc}
  49              		.cfi_endproc
  50              	.LFE137:
  52              		.text
ARM GAS  C:\Users\HZW\AppData\Local\Temp\ccOgf0zi.s 			page 2


  53              	.Letext0:
  54              		.file 2 "Core/APP/lift.h"
  55              		.file 3 "Core/APP/car.h"
ARM GAS  C:\Users\HZW\AppData\Local\Temp\ccOgf0zi.s 			page 3


DEFINED SYMBOLS
                            *ABS*:00000000 app.c
C:\Users\HZW\AppData\Local\Temp\ccOgf0zi.s:21     .text.app_init:00000000 $t
C:\Users\HZW\AppData\Local\Temp\ccOgf0zi.s:27     .text.app_init:00000000 app_init

UNDEFINED SYMBOLS
omega_zero
Init_Car
Init_Lift
