ARM GAS  C:\Users\HZW\AppData\Local\Temp\ccOCtblw.s 			page 1


   1              		.cpu cortex-m4
   2              		.arch armv7e-m
   3              		.fpu fpv4-sp-d16
   4              		.eabi_attribute 27, 1
   5              		.eabi_attribute 28, 1
   6              		.eabi_attribute 20, 1
   7              		.eabi_attribute 21, 1
   8              		.eabi_attribute 23, 3
   9              		.eabi_attribute 24, 1
  10              		.eabi_attribute 25, 1
  11              		.eabi_attribute 26, 1
  12              		.eabi_attribute 30, 1
  13              		.eabi_attribute 34, 1
  14              		.eabi_attribute 18, 4
  15              		.file	"gpio.c"
  16              		.text
  17              	.Ltext0:
  18              		.cfi_sections	.debug_frame
  19              		.file 1 "Core/Src/gpio.c"
  20              		.section	.text.MX_GPIO_Init,"ax",%progbits
  21              		.align	1
  22              		.global	MX_GPIO_Init
  23              		.syntax unified
  24              		.thumb
  25              		.thumb_func
  27              	MX_GPIO_Init:
  28              	.LFB137:
   1:Core/Src/gpio.c **** /* USER CODE BEGIN Header */
   2:Core/Src/gpio.c **** /**
   3:Core/Src/gpio.c ****   ******************************************************************************
   4:Core/Src/gpio.c ****   * @file    gpio.c
   5:Core/Src/gpio.c ****   * @brief   This file provides code for the configuration
   6:Core/Src/gpio.c ****   *          of all used GPIO pins.
   7:Core/Src/gpio.c ****   ******************************************************************************
   8:Core/Src/gpio.c ****   * @attention
   9:Core/Src/gpio.c ****   *
  10:Core/Src/gpio.c ****   * Copyright (c) 2025 STMicroelectronics.
  11:Core/Src/gpio.c ****   * All rights reserved.
  12:Core/Src/gpio.c ****   *
  13:Core/Src/gpio.c ****   * This software is licensed under terms that can be found in the LICENSE file
  14:Core/Src/gpio.c ****   * in the root directory of this software component.
  15:Core/Src/gpio.c ****   * If no LICENSE file comes with this software, it is provided AS-IS.
  16:Core/Src/gpio.c ****   *
  17:Core/Src/gpio.c ****   ******************************************************************************
  18:Core/Src/gpio.c ****   */
  19:Core/Src/gpio.c **** /* USER CODE END Header */
  20:Core/Src/gpio.c **** 
  21:Core/Src/gpio.c **** /* Includes ------------------------------------------------------------------*/
  22:Core/Src/gpio.c **** #include "gpio.h"
  23:Core/Src/gpio.c **** 
  24:Core/Src/gpio.c **** /* USER CODE BEGIN 0 */
  25:Core/Src/gpio.c **** 
  26:Core/Src/gpio.c **** /* USER CODE END 0 */
  27:Core/Src/gpio.c **** 
  28:Core/Src/gpio.c **** /*----------------------------------------------------------------------------*/
  29:Core/Src/gpio.c **** /* Configure GPIO                                                             */
  30:Core/Src/gpio.c **** /*----------------------------------------------------------------------------*/
ARM GAS  C:\Users\HZW\AppData\Local\Temp\ccOCtblw.s 			page 2


  31:Core/Src/gpio.c **** /* USER CODE BEGIN 1 */
  32:Core/Src/gpio.c **** 
  33:Core/Src/gpio.c **** /* USER CODE END 1 */
  34:Core/Src/gpio.c **** 
  35:Core/Src/gpio.c **** /** Configure pins as
  36:Core/Src/gpio.c ****         * Analog
  37:Core/Src/gpio.c ****         * Input
  38:Core/Src/gpio.c ****         * Output
  39:Core/Src/gpio.c ****         * EVENT_OUT
  40:Core/Src/gpio.c ****         * EXTI
  41:Core/Src/gpio.c **** */
  42:Core/Src/gpio.c **** void MX_GPIO_Init(void)
  43:Core/Src/gpio.c **** {
  29              		.loc 1 43 1 view -0
  30              		.cfi_startproc
  31              		@ args = 0, pretend = 0, frame = 56
  32              		@ frame_needed = 0, uses_anonymous_args = 0
  33 0000 2DE9F041 		push	{r4, r5, r6, r7, r8, lr}
  34              	.LCFI0:
  35              		.cfi_def_cfa_offset 24
  36              		.cfi_offset 4, -24
  37              		.cfi_offset 5, -20
  38              		.cfi_offset 6, -16
  39              		.cfi_offset 7, -12
  40              		.cfi_offset 8, -8
  41              		.cfi_offset 14, -4
  42 0004 8EB0     		sub	sp, sp, #56
  43              	.LCFI1:
  44              		.cfi_def_cfa_offset 80
  44:Core/Src/gpio.c **** 
  45:Core/Src/gpio.c ****   GPIO_InitTypeDef GPIO_InitStruct = {0};
  45              		.loc 1 45 3 view .LVU1
  46              		.loc 1 45 20 is_stmt 0 view .LVU2
  47 0006 0024     		movs	r4, #0
  48 0008 0994     		str	r4, [sp, #36]
  49 000a 0A94     		str	r4, [sp, #40]
  50 000c 0B94     		str	r4, [sp, #44]
  51 000e 0C94     		str	r4, [sp, #48]
  52 0010 0D94     		str	r4, [sp, #52]
  46:Core/Src/gpio.c **** 
  47:Core/Src/gpio.c ****   /* GPIO Ports Clock Enable */
  48:Core/Src/gpio.c ****   __HAL_RCC_GPIOE_CLK_ENABLE();
  53              		.loc 1 48 3 is_stmt 1 view .LVU3
  54              	.LBB2:
  55              		.loc 1 48 3 view .LVU4
  56 0012 0194     		str	r4, [sp, #4]
  57              		.loc 1 48 3 view .LVU5
  58 0014 454B     		ldr	r3, .L3
  59 0016 1A6B     		ldr	r2, [r3, #48]
  60 0018 42F01002 		orr	r2, r2, #16
  61 001c 1A63     		str	r2, [r3, #48]
  62              		.loc 1 48 3 view .LVU6
  63 001e 1A6B     		ldr	r2, [r3, #48]
  64 0020 02F01002 		and	r2, r2, #16
  65 0024 0192     		str	r2, [sp, #4]
  66              		.loc 1 48 3 view .LVU7
  67 0026 019A     		ldr	r2, [sp, #4]
ARM GAS  C:\Users\HZW\AppData\Local\Temp\ccOCtblw.s 			page 3


  68              	.LBE2:
  69              		.loc 1 48 3 view .LVU8
  49:Core/Src/gpio.c ****   __HAL_RCC_GPIOG_CLK_ENABLE();
  70              		.loc 1 49 3 view .LVU9
  71              	.LBB3:
  72              		.loc 1 49 3 view .LVU10
  73 0028 0294     		str	r4, [sp, #8]
  74              		.loc 1 49 3 view .LVU11
  75 002a 1A6B     		ldr	r2, [r3, #48]
  76 002c 42F04002 		orr	r2, r2, #64
  77 0030 1A63     		str	r2, [r3, #48]
  78              		.loc 1 49 3 view .LVU12
  79 0032 1A6B     		ldr	r2, [r3, #48]
  80 0034 02F04002 		and	r2, r2, #64
  81 0038 0292     		str	r2, [sp, #8]
  82              		.loc 1 49 3 view .LVU13
  83 003a 029A     		ldr	r2, [sp, #8]
  84              	.LBE3:
  85              		.loc 1 49 3 view .LVU14
  50:Core/Src/gpio.c ****   __HAL_RCC_GPIOA_CLK_ENABLE();
  86              		.loc 1 50 3 view .LVU15
  87              	.LBB4:
  88              		.loc 1 50 3 view .LVU16
  89 003c 0394     		str	r4, [sp, #12]
  90              		.loc 1 50 3 view .LVU17
  91 003e 1A6B     		ldr	r2, [r3, #48]
  92 0040 42F00102 		orr	r2, r2, #1
  93 0044 1A63     		str	r2, [r3, #48]
  94              		.loc 1 50 3 view .LVU18
  95 0046 1A6B     		ldr	r2, [r3, #48]
  96 0048 02F00102 		and	r2, r2, #1
  97 004c 0392     		str	r2, [sp, #12]
  98              		.loc 1 50 3 view .LVU19
  99 004e 039A     		ldr	r2, [sp, #12]
 100              	.LBE4:
 101              		.loc 1 50 3 view .LVU20
  51:Core/Src/gpio.c ****   __HAL_RCC_GPIOB_CLK_ENABLE();
 102              		.loc 1 51 3 view .LVU21
 103              	.LBB5:
 104              		.loc 1 51 3 view .LVU22
 105 0050 0494     		str	r4, [sp, #16]
 106              		.loc 1 51 3 view .LVU23
 107 0052 1A6B     		ldr	r2, [r3, #48]
 108 0054 42F00202 		orr	r2, r2, #2
 109 0058 1A63     		str	r2, [r3, #48]
 110              		.loc 1 51 3 view .LVU24
 111 005a 1A6B     		ldr	r2, [r3, #48]
 112 005c 02F00202 		and	r2, r2, #2
 113 0060 0492     		str	r2, [sp, #16]
 114              		.loc 1 51 3 view .LVU25
 115 0062 049A     		ldr	r2, [sp, #16]
 116              	.LBE5:
 117              		.loc 1 51 3 view .LVU26
  52:Core/Src/gpio.c ****   __HAL_RCC_GPIOD_CLK_ENABLE();
 118              		.loc 1 52 3 view .LVU27
 119              	.LBB6:
 120              		.loc 1 52 3 view .LVU28
ARM GAS  C:\Users\HZW\AppData\Local\Temp\ccOCtblw.s 			page 4


 121 0064 0594     		str	r4, [sp, #20]
 122              		.loc 1 52 3 view .LVU29
 123 0066 1A6B     		ldr	r2, [r3, #48]
 124 0068 42F00802 		orr	r2, r2, #8
 125 006c 1A63     		str	r2, [r3, #48]
 126              		.loc 1 52 3 view .LVU30
 127 006e 1A6B     		ldr	r2, [r3, #48]
 128 0070 02F00802 		and	r2, r2, #8
 129 0074 0592     		str	r2, [sp, #20]
 130              		.loc 1 52 3 view .LVU31
 131 0076 059A     		ldr	r2, [sp, #20]
 132              	.LBE6:
 133              		.loc 1 52 3 view .LVU32
  53:Core/Src/gpio.c ****   __HAL_RCC_GPIOC_CLK_ENABLE();
 134              		.loc 1 53 3 view .LVU33
 135              	.LBB7:
 136              		.loc 1 53 3 view .LVU34
 137 0078 0694     		str	r4, [sp, #24]
 138              		.loc 1 53 3 view .LVU35
 139 007a 1A6B     		ldr	r2, [r3, #48]
 140 007c 42F00402 		orr	r2, r2, #4
 141 0080 1A63     		str	r2, [r3, #48]
 142              		.loc 1 53 3 view .LVU36
 143 0082 1A6B     		ldr	r2, [r3, #48]
 144 0084 02F00402 		and	r2, r2, #4
 145 0088 0692     		str	r2, [sp, #24]
 146              		.loc 1 53 3 view .LVU37
 147 008a 069A     		ldr	r2, [sp, #24]
 148              	.LBE7:
 149              		.loc 1 53 3 view .LVU38
  54:Core/Src/gpio.c ****   __HAL_RCC_GPIOF_CLK_ENABLE();
 150              		.loc 1 54 3 view .LVU39
 151              	.LBB8:
 152              		.loc 1 54 3 view .LVU40
 153 008c 0794     		str	r4, [sp, #28]
 154              		.loc 1 54 3 view .LVU41
 155 008e 1A6B     		ldr	r2, [r3, #48]
 156 0090 42F02002 		orr	r2, r2, #32
 157 0094 1A63     		str	r2, [r3, #48]
 158              		.loc 1 54 3 view .LVU42
 159 0096 1A6B     		ldr	r2, [r3, #48]
 160 0098 02F02002 		and	r2, r2, #32
 161 009c 0792     		str	r2, [sp, #28]
 162              		.loc 1 54 3 view .LVU43
 163 009e 079A     		ldr	r2, [sp, #28]
 164              	.LBE8:
 165              		.loc 1 54 3 view .LVU44
  55:Core/Src/gpio.c ****   __HAL_RCC_GPIOH_CLK_ENABLE();
 166              		.loc 1 55 3 view .LVU45
 167              	.LBB9:
 168              		.loc 1 55 3 view .LVU46
 169 00a0 0894     		str	r4, [sp, #32]
 170              		.loc 1 55 3 view .LVU47
 171 00a2 1A6B     		ldr	r2, [r3, #48]
 172 00a4 42F08002 		orr	r2, r2, #128
 173 00a8 1A63     		str	r2, [r3, #48]
 174              		.loc 1 55 3 view .LVU48
ARM GAS  C:\Users\HZW\AppData\Local\Temp\ccOCtblw.s 			page 5


 175 00aa 1B6B     		ldr	r3, [r3, #48]
 176 00ac 03F08003 		and	r3, r3, #128
 177 00b0 0893     		str	r3, [sp, #32]
 178              		.loc 1 55 3 view .LVU49
 179 00b2 089B     		ldr	r3, [sp, #32]
 180              	.LBE9:
 181              		.loc 1 55 3 view .LVU50
  56:Core/Src/gpio.c **** 
  57:Core/Src/gpio.c ****   /*Configure GPIO pin Output Level */
  58:Core/Src/gpio.c ****   HAL_GPIO_WritePin(GPIOF, GPIO_PIN_0, GPIO_PIN_RESET);
 182              		.loc 1 58 3 view .LVU51
 183 00b4 1E4E     		ldr	r6, .L3+4
 184 00b6 2246     		mov	r2, r4
 185 00b8 0121     		movs	r1, #1
 186 00ba 3046     		mov	r0, r6
 187 00bc FFF7FEFF 		bl	HAL_GPIO_WritePin
 188              	.LVL0:
  59:Core/Src/gpio.c **** 
  60:Core/Src/gpio.c ****   /*Configure GPIO pin Output Level */
  61:Core/Src/gpio.c ****   HAL_GPIO_WritePin(GPIOH, GPIO_PIN_6, GPIO_PIN_RESET);
 189              		.loc 1 61 3 view .LVU52
 190 00c0 DFF87480 		ldr	r8, .L3+12
 191 00c4 2246     		mov	r2, r4
 192 00c6 4021     		movs	r1, #64
 193 00c8 4046     		mov	r0, r8
 194 00ca FFF7FEFF 		bl	HAL_GPIO_WritePin
 195              	.LVL1:
  62:Core/Src/gpio.c **** 
  63:Core/Src/gpio.c ****   /*Configure GPIO pin Output Level */
  64:Core/Src/gpio.c ****   HAL_GPIO_WritePin(GPIOE, GPIO_PIN_11, GPIO_PIN_SET);
 196              		.loc 1 64 3 view .LVU53
 197 00ce 194F     		ldr	r7, .L3+8
 198 00d0 0122     		movs	r2, #1
 199 00d2 4FF40061 		mov	r1, #2048
 200 00d6 3846     		mov	r0, r7
 201 00d8 FFF7FEFF 		bl	HAL_GPIO_WritePin
 202              	.LVL2:
  65:Core/Src/gpio.c **** 
  66:Core/Src/gpio.c ****   /*Configure GPIO pin Output Level */
  67:Core/Src/gpio.c ****   HAL_GPIO_WritePin(GPIOF, GPIO_PIN_14, GPIO_PIN_SET);
 203              		.loc 1 67 3 view .LVU54
 204 00dc 0122     		movs	r2, #1
 205 00de 4FF48041 		mov	r1, #16384
 206 00e2 3046     		mov	r0, r6
 207 00e4 FFF7FEFF 		bl	HAL_GPIO_WritePin
 208              	.LVL3:
  68:Core/Src/gpio.c **** 
  69:Core/Src/gpio.c ****   /*Configure GPIO pins : PF0 PF14 */
  70:Core/Src/gpio.c ****   GPIO_InitStruct.Pin = GPIO_PIN_0|GPIO_PIN_14;
 209              		.loc 1 70 3 view .LVU55
 210              		.loc 1 70 23 is_stmt 0 view .LVU56
 211 00e8 44F20103 		movw	r3, #16385
 212 00ec 0993     		str	r3, [sp, #36]
  71:Core/Src/gpio.c ****   GPIO_InitStruct.Mode = GPIO_MODE_OUTPUT_PP;
 213              		.loc 1 71 3 is_stmt 1 view .LVU57
 214              		.loc 1 71 24 is_stmt 0 view .LVU58
 215 00ee 0125     		movs	r5, #1
ARM GAS  C:\Users\HZW\AppData\Local\Temp\ccOCtblw.s 			page 6


 216 00f0 0A95     		str	r5, [sp, #40]
  72:Core/Src/gpio.c ****   GPIO_InitStruct.Pull = GPIO_NOPULL;
 217              		.loc 1 72 3 is_stmt 1 view .LVU59
 218              		.loc 1 72 24 is_stmt 0 view .LVU60
 219 00f2 0B94     		str	r4, [sp, #44]
  73:Core/Src/gpio.c ****   GPIO_InitStruct.Speed = GPIO_SPEED_FREQ_LOW;
 220              		.loc 1 73 3 is_stmt 1 view .LVU61
 221              		.loc 1 73 25 is_stmt 0 view .LVU62
 222 00f4 0C94     		str	r4, [sp, #48]
  74:Core/Src/gpio.c ****   HAL_GPIO_Init(GPIOF, &GPIO_InitStruct);
 223              		.loc 1 74 3 is_stmt 1 view .LVU63
 224 00f6 09A9     		add	r1, sp, #36
 225 00f8 3046     		mov	r0, r6
 226 00fa FFF7FEFF 		bl	HAL_GPIO_Init
 227              	.LVL4:
  75:Core/Src/gpio.c **** 
  76:Core/Src/gpio.c ****   /*Configure GPIO pin : PH6 */
  77:Core/Src/gpio.c ****   GPIO_InitStruct.Pin = GPIO_PIN_6;
 228              		.loc 1 77 3 view .LVU64
 229              		.loc 1 77 23 is_stmt 0 view .LVU65
 230 00fe 4023     		movs	r3, #64
 231 0100 0993     		str	r3, [sp, #36]
  78:Core/Src/gpio.c ****   GPIO_InitStruct.Mode = GPIO_MODE_OUTPUT_PP;
 232              		.loc 1 78 3 is_stmt 1 view .LVU66
 233              		.loc 1 78 24 is_stmt 0 view .LVU67
 234 0102 0A95     		str	r5, [sp, #40]
  79:Core/Src/gpio.c ****   GPIO_InitStruct.Pull = GPIO_NOPULL;
 235              		.loc 1 79 3 is_stmt 1 view .LVU68
 236              		.loc 1 79 24 is_stmt 0 view .LVU69
 237 0104 0B94     		str	r4, [sp, #44]
  80:Core/Src/gpio.c ****   GPIO_InitStruct.Speed = GPIO_SPEED_FREQ_LOW;
 238              		.loc 1 80 3 is_stmt 1 view .LVU70
 239              		.loc 1 80 25 is_stmt 0 view .LVU71
 240 0106 0C94     		str	r4, [sp, #48]
  81:Core/Src/gpio.c ****   HAL_GPIO_Init(GPIOH, &GPIO_InitStruct);
 241              		.loc 1 81 3 is_stmt 1 view .LVU72
 242 0108 09A9     		add	r1, sp, #36
 243 010a 4046     		mov	r0, r8
 244 010c FFF7FEFF 		bl	HAL_GPIO_Init
 245              	.LVL5:
  82:Core/Src/gpio.c **** 
  83:Core/Src/gpio.c ****   /*Configure GPIO pin : PE11 */
  84:Core/Src/gpio.c ****   GPIO_InitStruct.Pin = GPIO_PIN_11;
 246              		.loc 1 84 3 view .LVU73
 247              		.loc 1 84 23 is_stmt 0 view .LVU74
 248 0110 4FF40063 		mov	r3, #2048
 249 0114 0993     		str	r3, [sp, #36]
  85:Core/Src/gpio.c ****   GPIO_InitStruct.Mode = GPIO_MODE_OUTPUT_PP;
 250              		.loc 1 85 3 is_stmt 1 view .LVU75
 251              		.loc 1 85 24 is_stmt 0 view .LVU76
 252 0116 0A95     		str	r5, [sp, #40]
  86:Core/Src/gpio.c ****   GPIO_InitStruct.Pull = GPIO_NOPULL;
 253              		.loc 1 86 3 is_stmt 1 view .LVU77
 254              		.loc 1 86 24 is_stmt 0 view .LVU78
 255 0118 0B94     		str	r4, [sp, #44]
  87:Core/Src/gpio.c ****   GPIO_InitStruct.Speed = GPIO_SPEED_FREQ_LOW;
 256              		.loc 1 87 3 is_stmt 1 view .LVU79
ARM GAS  C:\Users\HZW\AppData\Local\Temp\ccOCtblw.s 			page 7


 257              		.loc 1 87 25 is_stmt 0 view .LVU80
 258 011a 0C94     		str	r4, [sp, #48]
  88:Core/Src/gpio.c ****   HAL_GPIO_Init(GPIOE, &GPIO_InitStruct);
 259              		.loc 1 88 3 is_stmt 1 view .LVU81
 260 011c 09A9     		add	r1, sp, #36
 261 011e 3846     		mov	r0, r7
 262 0120 FFF7FEFF 		bl	HAL_GPIO_Init
 263              	.LVL6:
  89:Core/Src/gpio.c **** 
  90:Core/Src/gpio.c **** }
 264              		.loc 1 90 1 is_stmt 0 view .LVU82
 265 0124 0EB0     		add	sp, sp, #56
 266              	.LCFI2:
 267              		.cfi_def_cfa_offset 24
 268              		@ sp needed
 269 0126 BDE8F081 		pop	{r4, r5, r6, r7, r8, pc}
 270              	.L4:
 271 012a 00BF     		.align	2
 272              	.L3:
 273 012c 00380240 		.word	1073887232
 274 0130 00140240 		.word	1073878016
 275 0134 00100240 		.word	1073876992
 276 0138 001C0240 		.word	1073880064
 277              		.cfi_endproc
 278              	.LFE137:
 280              		.text
 281              	.Letext0:
 282              		.file 2 "c:/Users/HZW/.eide/tools/13.2 Rel1/arm-none-eabi/include/machine/_default_types.h"
 283              		.file 3 "c:/Users/HZW/.eide/tools/13.2 Rel1/arm-none-eabi/include/sys/_stdint.h"
 284              		.file 4 "Drivers/CMSIS/Device/ST/STM32F4xx/Include/stm32f427xx.h"
 285              		.file 5 "Drivers/STM32F4xx_HAL_Driver/Inc/stm32f4xx_hal_gpio.h"
ARM GAS  C:\Users\HZW\AppData\Local\Temp\ccOCtblw.s 			page 8


DEFINED SYMBOLS
                            *ABS*:00000000 gpio.c
C:\Users\HZW\AppData\Local\Temp\ccOCtblw.s:21     .text.MX_GPIO_Init:00000000 $t
C:\Users\HZW\AppData\Local\Temp\ccOCtblw.s:27     .text.MX_GPIO_Init:00000000 MX_GPIO_Init
C:\Users\HZW\AppData\Local\Temp\ccOCtblw.s:273    .text.MX_GPIO_Init:0000012c $d

UNDEFINED SYMBOLS
HAL_GPIO_WritePin
HAL_GPIO_Init
