Archive member included to satisfy reference by file (symbol)

c:/Users/HZW/.eide/tools/13.2 Rel1/bin/../lib/gcc/arm-none-eabi/13.2.1/thumb/v7e-m+fp/hard\libc_nano.a(libc_a-exit.o)
                              c:/Users/HZW/.eide/tools/13.2 Rel1/bin/../lib/gcc/arm-none-eabi/13.2.1/thumb/v7e-m+fp/hard/crt0.o (exit)
c:/Users/HZW/.eide/tools/13.2 Rel1/bin/../lib/gcc/arm-none-eabi/13.2.1/thumb/v7e-m+fp/hard\libc_nano.a(libc_a-malloc.o)
                              build/car.o (malloc)
c:/Users/HZW/.eide/tools/13.2 Rel1/bin/../lib/gcc/arm-none-eabi/13.2.1/thumb/v7e-m+fp/hard\libc_nano.a(libc_a-mallocr.o)
                              c:/Users/HZW/.eide/tools/13.2 Rel1/bin/../lib/gcc/arm-none-eabi/13.2.1/thumb/v7e-m+fp/hard\libc_nano.a(libc_a-malloc.o) (_malloc_r)
c:/Users/HZW/.eide/tools/13.2 Rel1/bin/../lib/gcc/arm-none-eabi/13.2.1/thumb/v7e-m+fp/hard\libc_nano.a(libc_a-mlock.o)
                              c:/Users/HZW/.eide/tools/13.2 Rel1/bin/../lib/gcc/arm-none-eabi/13.2.1/thumb/v7e-m+fp/hard\libc_nano.a(libc_a-mallocr.o) (__malloc_lock)
c:/Users/HZW/.eide/tools/13.2 Rel1/bin/../lib/gcc/arm-none-eabi/13.2.1/thumb/v7e-m+fp/hard\libc_nano.a(libc_a-findfp.o)
                              c:/Users/HZW/.eide/tools/13.2 Rel1/bin/../lib/gcc/arm-none-eabi/13.2.1/thumb/v7e-m+fp/hard\libc_nano.a(libc_a-exit.o) (__stdio_exit_handler)
c:/Users/HZW/.eide/tools/13.2 Rel1/bin/../lib/gcc/arm-none-eabi/13.2.1/thumb/v7e-m+fp/hard\libc_nano.a(libc_a-fwalk.o)
                              c:/Users/HZW/.eide/tools/13.2 Rel1/bin/../lib/gcc/arm-none-eabi/13.2.1/thumb/v7e-m+fp/hard\libc_nano.a(libc_a-findfp.o) (_fwalk_sglue)
c:/Users/HZW/.eide/tools/13.2 Rel1/bin/../lib/gcc/arm-none-eabi/13.2.1/thumb/v7e-m+fp/hard\libc_nano.a(libc_a-printf.o)
                              build/lift.o (printf)
c:/Users/HZW/.eide/tools/13.2 Rel1/bin/../lib/gcc/arm-none-eabi/13.2.1/thumb/v7e-m+fp/hard\libc_nano.a(libc_a-puts.o)
                              build/main.o (puts)
c:/Users/HZW/.eide/tools/13.2 Rel1/bin/../lib/gcc/arm-none-eabi/13.2.1/thumb/v7e-m+fp/hard\libc_nano.a(libc_a-stdio.o)
                              c:/Users/HZW/.eide/tools/13.2 Rel1/bin/../lib/gcc/arm-none-eabi/13.2.1/thumb/v7e-m+fp/hard\libc_nano.a(libc_a-findfp.o) (__sread)
c:/Users/HZW/.eide/tools/13.2 Rel1/bin/../lib/gcc/arm-none-eabi/13.2.1/thumb/v7e-m+fp/hard\libc_nano.a(libc_a-wbuf.o)
                              c:/Users/HZW/.eide/tools/13.2 Rel1/bin/../lib/gcc/arm-none-eabi/13.2.1/thumb/v7e-m+fp/hard\libc_nano.a(libc_a-puts.o) (__swbuf_r)
c:/Users/HZW/.eide/tools/13.2 Rel1/bin/../lib/gcc/arm-none-eabi/13.2.1/thumb/v7e-m+fp/hard\libc_nano.a(libc_a-wsetup.o)
                              c:/Users/HZW/.eide/tools/13.2 Rel1/bin/../lib/gcc/arm-none-eabi/13.2.1/thumb/v7e-m+fp/hard\libc_nano.a(libc_a-puts.o) (__swsetup_r)
c:/Users/HZW/.eide/tools/13.2 Rel1/bin/../lib/gcc/arm-none-eabi/13.2.1/thumb/v7e-m+fp/hard\libc_nano.a(libc_a-memset.o)
                              c:/Users/HZW/.eide/tools/13.2 Rel1/bin/../lib/gcc/arm-none-eabi/13.2.1/thumb/v7e-m+fp/hard/crt0.o (memset)
c:/Users/HZW/.eide/tools/13.2 Rel1/bin/../lib/gcc/arm-none-eabi/13.2.1/thumb/v7e-m+fp/hard\libc_nano.a(libc_a-closer.o)
                              c:/Users/HZW/.eide/tools/13.2 Rel1/bin/../lib/gcc/arm-none-eabi/13.2.1/thumb/v7e-m+fp/hard\libc_nano.a(libc_a-stdio.o) (_close_r)
c:/Users/HZW/.eide/tools/13.2 Rel1/bin/../lib/gcc/arm-none-eabi/13.2.1/thumb/v7e-m+fp/hard\libc_nano.a(libc_a-reent.o)
                              c:/Users/HZW/.eide/tools/13.2 Rel1/bin/../lib/gcc/arm-none-eabi/13.2.1/thumb/v7e-m+fp/hard\libc_nano.a(libc_a-closer.o) (errno)
c:/Users/HZW/.eide/tools/13.2 Rel1/bin/../lib/gcc/arm-none-eabi/13.2.1/thumb/v7e-m+fp/hard\libc_nano.a(libc_a-impure.o)
                              c:/Users/HZW/.eide/tools/13.2 Rel1/bin/../lib/gcc/arm-none-eabi/13.2.1/thumb/v7e-m+fp/hard\libc_nano.a(libc_a-malloc.o) (_impure_ptr)
c:/Users/HZW/.eide/tools/13.2 Rel1/bin/../lib/gcc/arm-none-eabi/13.2.1/thumb/v7e-m+fp/hard\libc_nano.a(libc_a-lseekr.o)
                              c:/Users/HZW/.eide/tools/13.2 Rel1/bin/../lib/gcc/arm-none-eabi/13.2.1/thumb/v7e-m+fp/hard\libc_nano.a(libc_a-stdio.o) (_lseek_r)
c:/Users/HZW/.eide/tools/13.2 Rel1/bin/../lib/gcc/arm-none-eabi/13.2.1/thumb/v7e-m+fp/hard\libc_nano.a(libc_a-readr.o)
                              c:/Users/HZW/.eide/tools/13.2 Rel1/bin/../lib/gcc/arm-none-eabi/13.2.1/thumb/v7e-m+fp/hard\libc_nano.a(libc_a-stdio.o) (_read_r)
c:/Users/HZW/.eide/tools/13.2 Rel1/bin/../lib/gcc/arm-none-eabi/13.2.1/thumb/v7e-m+fp/hard\libc_nano.a(libc_a-sbrkr.o)
                              c:/Users/HZW/.eide/tools/13.2 Rel1/bin/../lib/gcc/arm-none-eabi/13.2.1/thumb/v7e-m+fp/hard\libc_nano.a(libc_a-mallocr.o) (_sbrk_r)
c:/Users/HZW/.eide/tools/13.2 Rel1/bin/../lib/gcc/arm-none-eabi/13.2.1/thumb/v7e-m+fp/hard\libc_nano.a(libc_a-writer.o)
[...]
Memory Configuration

Name             Origin             Length             Attributes
RAM              0x20000000         0x00030000         xrw
CCMRAM           0x10000000         0x00010000         xrw
FLASH            0x08000000         0x00200000         xr
*default*        0x00000000         0xffffffff

Linker script and memory map

LOAD c:/Users/HZW/.eide/tools/13.2 Rel1/bin/../lib/gcc/arm-none-eabi/13.2.1/thumb/v7e-m+fp/hard/crti.o
LOAD c:/Users/HZW/.eide/tools/13.2 Rel1/bin/../lib/gcc/arm-none-eabi/13.2.1/thumb/v7e-m+fp/hard/crtbegin.o
LOAD c:/Users/HZW/.eide/tools/13.2 Rel1/bin/../lib/gcc/arm-none-eabi/13.2.1/thumb/v7e-m+fp/hard/crt0.o
LOAD build/main.o
LOAD build/gpio.o
LOAD build/can.o
LOAD build/dma.o
LOAD build/usart.o
LOAD build/tim.o
LOAD build/stm32f4xx_it.o
LOAD build/stm32f4xx_hal_msp.o
LOAD build/stm32f4xx_hal_timebase_tim.o
LOAD build/app.o
LOAD build/car.o
LOAD build/MI_motor_dev.o
LOAD build/pid.o
LOAD build/bsp.o
LOAD build/lift.o
LOAD build/scara.o
LOAD build/stm32f4xx_hal_tim.o
LOAD build/stm32f4xx_hal_tim_ex.o
LOAD build/stm32f4xx_hal_can.o
LOAD build/stm32f4xx_hal_rcc.o
LOAD build/stm32f4xx_hal_rcc_ex.o
LOAD build/stm32f4xx_hal_flash.o
LOAD build/stm32f4xx_hal_flash_ex.o
LOAD build/stm32f4xx_hal_flash_ramfunc.o
LOAD build/stm32f4xx_hal_gpio.o
LOAD build/stm32f4xx_hal_dma_ex.o
LOAD build/stm32f4xx_hal_dma.o
LOAD build/stm32f4xx_hal_pwr.o
LOAD build/stm32f4xx_hal_pwr_ex.o
LOAD build/stm32f4xx_hal_cortex.o
LOAD build/stm32f4xx_hal.o
LOAD build/stm32f4xx_hal_exti.o
LOAD build/stm32f4xx_hal_uart.o
LOAD build/system_stm32f4xx.o
LOAD build/startup_stm32f427xx.o
LOAD c:/Users/HZW/.eide/tools/13.2 Rel1/bin/../lib/gcc/arm-none-eabi/13.2.1/thumb/v7e-m+fp/hard\libc_nano.a
LOAD c:/Users/HZW/.eide/tools/13.2 Rel1/bin/../lib/gcc/arm-none-eabi/13.2.1/thumb/v7e-m+fp/hard\libm.a
LOAD c:/Users/HZW/.eide/tools/13.2 Rel1/bin/../lib/gcc/arm-none-eabi/13.2.1/thumb/v7e-m+fp/hard\libnosys.a
START GROUP
LOAD c:/Users/HZW/.eide/tools/13.2 Rel1/bin/../lib/gcc/arm-none-eabi/13.2.1/thumb/v7e-m+fp/hard\libgcc.a
LOAD c:/Users/HZW/.eide/tools/13.2 Rel1/bin/../lib/gcc/arm-none-eabi/13.2.1/thumb/v7e-m+fp/hard\libc_nano.a
END GROUP
START GROUP
LOAD c:/Users/HZW/.eide/tools/13.2 Rel1/bin/../lib/gcc/arm-none-eabi/13.2.1/thumb/v7e-m+fp/hard\libgcc.a
LOAD c:/Users/HZW/.eide/tools/13.2 Rel1/bin/../lib/gcc/arm-none-eabi/13.2.1/thumb/v7e-m+fp/hard\libc_nano.a
END GROUP
LOAD c:/Users/HZW/.eide/tools/13.2 Rel1/bin/../lib/gcc/arm-none-eabi/13.2.1/thumb/v7e-m+fp/hard/crtend.o
LOAD c:/Users/HZW/.eide/tools/13.2 Rel1/bin/../lib/gcc/arm-none-eabi/13.2.1/thumb/v7e-m+fp/hard/crtn.o
                0x20030000                        _estack = (ORIGIN (RAM) + LENGTH (RAM))
                0x00000200                        _Min_Heap_Size = 0x200
                0x00000400                        _Min_Stack_Size = 0x400

.isr_vector     0x08000000      0x1ac
                0x08000000                        . = ALIGN (0x4)
 *(.isr_vector)
 .isr_vector    0x08000000      0x1ac build/startup_stm32f427xx.o
                0x08000000                g_pfnVectors
                0x080001ac                        . = ALIGN (0x4)

.text           0x080001b0     0x5c6c
                0x080001b0                        . = ALIGN (0x4)
 *(.text)
 .text          0x080001b0       0xa0 c:/Users/HZW/.eide/tools/13.2 Rel1/bin/../lib/gcc/arm-none-eabi/13.2.1/thumb/v7e-m+fp/hard\libc_nano.a(libc_a-memchr.o)
                0x080001b0                memchr
 .text          0x08000250      0x378 c:/Users/HZW/.eide/tools/13.2 Rel1/bin/../lib/gcc/arm-none-eabi/13.2.1/thumb/v7e-m+fp/hard\libgcc.a(_arm_addsubdf3.o)
                0x08000250                __aeabi_drsub
                0x08000258                __aeabi_dsub
                0x08000258                __subdf3
                0x0800025c                __aeabi_dadd
                0x0800025c                __adddf3
                0x080004d4                __floatunsidf
                0x080004d4                __aeabi_ui2d
                0x080004f4                __floatsidf
                0x080004f4                __aeabi_i2d
                0x08000518                __aeabi_f2d
                0x08000518                __extendsfdf2
                0x0800055c                __floatundidf
                0x0800055c                __aeabi_ul2d
                0x0800056c                __floatdidf
                0x0800056c                __aeabi_l2d
 .text          0x080005c8      0x424 c:/Users/HZW/.eide/tools/13.2 Rel1/bin/../lib/gcc/arm-none-eabi/13.2.1/thumb/v7e-m+fp/hard\libgcc.a(_arm_muldivdf3.o)
                0x080005c8                __aeabi_dmul
                0x080005c8                __muldf3
                0x0800081c                __divdf3
                0x0800081c                __aeabi_ddiv
 .text          0x080009ec       0xa0 c:/Users/HZW/.eide/tools/13.2 Rel1/bin/../lib/gcc/arm-none-eabi/13.2.1/thumb/v7e-m+fp/hard\libgcc.a(_arm_truncdfsf2.o)
                0x080009ec                __truncdfsf2
                0x080009ec                __aeabi_d2f
 .text          0x08000a8c       0x30 c:/Users/HZW/.eide/tools/13.2 Rel1/bin/../lib/gcc/arm-none-eabi/13.2.1/thumb/v7e-m+fp/hard\libgcc.a(_aeabi_uldivmod.o)
                0x08000a8c                __aeabi_uldivmod
 .text          0x08000abc        0x4 c:/Users/HZW/.eide/tools/13.2 Rel1/bin/../lib/gcc/arm-none-eabi/13.2.1/thumb/v7e-m+fp/hard\libgcc.a(_dvmd_tls.o)
                0x08000abc                __aeabi_idiv0
                0x08000abc                __aeabi_ldiv0
 *(.text*)
 .text.deregister_tm_clones
                0x08000ac0       0x1c c:/Users/HZW/.eide/tools/13.2 Rel1/bin/../lib/gcc/arm-none-eabi/13.2.1/thumb/v7e-m+fp/hard/crtbegin.o
 .text.register_tm_clones
                0x08000adc       0x24 c:/Users/HZW/.eide/tools/13.2 Rel1/bin/../lib/gcc/arm-none-eabi/13.2.1/thumb/v7e-m+fp/hard/crtbegin.o
 .text.__do_global_dtors_aux
                0x08000b00       0x28 c:/Users/HZW/.eide/tools/13.2 Rel1/bin/../lib/gcc/arm-none-eabi/13.2.1/thumb/v7e-m+fp/hard/crtbegin.o
 .text.frame_dummy
                0x08000b28       0x24 c:/Users/HZW/.eide/tools/13.2 Rel1/bin/../lib/gcc/arm-none-eabi/13.2.1/thumb/v7e-m+fp/hard/crtbegin.o
 .text.HAL_CAN_RxFifo0MsgPendingCallback
                0x08000b4c       0x34 build/main.o
                0x08000b4c                HAL_CAN_RxFifo0MsgPendingCallback
 .text.HAL_UART_RxCpltCallback
                0x08000b80      0x238 build/main.o
                0x08000b80                HAL_UART_RxCpltCallback
 .text.HAL_TIM_PeriodElapsedCallback
                0x08000db8       0x18 build/main.o
                0x08000db8                HAL_TIM_PeriodElapsedCallback
 .text.Error_Handler
                0x08000dd0        0x4 build/main.o
                0x08000dd0                Error_Handler
 .text.SystemClock_Config
                0x08000dd4       0xb4 build/main.o
                0x08000dd4                SystemClock_Config
 .text.main     0x08000e88       0xc8 build/main.o
                0x08000e88                main
 .text.MX_GPIO_Init
                0x08000f50      0x13c build/gpio.o
                0x08000f50                MX_GPIO_Init
 .text.MX_CAN1_Init
                0x0800108c       0x3c build/can.o
                0x0800108c                MX_CAN1_Init
 .text.HAL_CAN_MspInit
                0x080010c8       0x7c build/can.o
                0x080010c8                HAL_CAN_MspInit
 .text.CAN_Filter_Config
                0x08001144       0x2c build/can.o
                0x08001144                CAN_Filter_Config
 .text.MX_DMA_Init
                0x08001170       0x34 build/dma.o
                0x08001170                MX_DMA_Init
 .text.__io_putchar
                0x080011a4       0x20 build/usart.o
                0x080011a4                __io_putchar
 .text._write   0x080011c4       0x1c build/usart.o
                0x080011c4                _write
 .text.MX_UART7_Init
                0x080011e0       0x34 build/usart.o
                0x080011e0                MX_UART7_Init
 .text.MX_UART8_Init
                0x08001214       0x34 build/usart.o
                0x08001214                MX_UART8_Init
 .text.MX_USART1_UART_Init
                0x08001248       0x34 build/usart.o
                0x08001248                MX_USART1_UART_Init
 .text.MX_USART2_UART_Init
                0x0800127c       0x34 build/usart.o
                0x0800127c                MX_USART2_UART_Init
 .text.MX_USART3_UART_Init
                0x080012b0       0x34 build/usart.o
                0x080012b0                MX_USART3_UART_Init
 .text.MX_USART6_UART_Init
                0x080012e4       0x34 build/usart.o
                0x080012e4                MX_USART6_UART_Init
 .text.HAL_UART_MspInit
                0x08001318      0x274 build/usart.o
                0x08001318                HAL_UART_MspInit
 .text.MX_TIM12_Init
                0x0800158c       0xa8 build/tim.o
                0x0800158c                MX_TIM12_Init
 .text.HAL_TIM_Base_MspInit
                0x08001634       0x6c build/tim.o
                0x08001634                HAL_TIM_Base_MspInit
 .text.Buzzer_Set_Volume
                0x080016a0       0x24 build/tim.o
                0x080016a0                Buzzer_Set_Volume
 .text.Buzzer_On
                0x080016c4       0x18 build/tim.o
                0x080016c4                Buzzer_On
 .text.Buzzer_Off
                0x080016dc       0x10 build/tim.o
                0x080016dc                Buzzer_Off
 .text.NMI_Handler
                0x080016ec        0x2 build/stm32f4xx_it.o
                0x080016ec                NMI_Handler
 .text.HardFault_Handler
                0x080016ee        0x2 build/stm32f4xx_it.o
                0x080016ee                HardFault_Handler
 .text.MemManage_Handler
                0x080016f0        0x2 build/stm32f4xx_it.o
                0x080016f0                MemManage_Handler
 .text.BusFault_Handler
                0x080016f2        0x2 build/stm32f4xx_it.o
                0x080016f2                BusFault_Handler
 .text.UsageFault_Handler
                0x080016f4        0x2 build/stm32f4xx_it.o
                0x080016f4                UsageFault_Handler
 .text.SVC_Handler
                0x080016f6        0x2 build/stm32f4xx_it.o
                0x080016f6                SVC_Handler
 .text.DebugMon_Handler
                0x080016f8        0x2 build/stm32f4xx_it.o
                0x080016f8                DebugMon_Handler
 .text.PendSV_Handler
                0x080016fa        0x2 build/stm32f4xx_it.o
                0x080016fa                PendSV_Handler
 .text.SysTick_Handler
                0x080016fc        0x2 build/stm32f4xx_it.o
                0x080016fc                SysTick_Handler
 *fill*         0x080016fe        0x2 
 .text.CAN1_RX0_IRQHandler
                0x08001700       0x10 build/stm32f4xx_it.o
                0x08001700                CAN1_RX0_IRQHandler
 .text.USART2_IRQHandler
                0x08001710       0x10 build/stm32f4xx_it.o
                0x08001710                USART2_IRQHandler
 .text.USART3_IRQHandler
                0x08001720       0x10 build/stm32f4xx_it.o
                0x08001720                USART3_IRQHandler
 .text.TIM7_IRQHandler
                0x08001730       0x10 build/stm32f4xx_it.o
                0x08001730                TIM7_IRQHandler
 .text.DMA2_Stream1_IRQHandler
                0x08001740       0x10 build/stm32f4xx_it.o
                0x08001740                DMA2_Stream1_IRQHandler
 .text.HAL_MspInit
                0x08001750       0x38 build/stm32f4xx_hal_msp.o
                0x08001750                HAL_MspInit
 .text.HAL_InitTick
                0x08001788       0xa4 build/stm32f4xx_hal_timebase_tim.o
                0x08001788                HAL_InitTick
 .text.app_init
                0x0800182c       0x10 build/app.o
                0x0800182c                app_init
 .text.omega_zero
                0x0800183c       0x34 build/car.o
                0x0800183c                omega_zero
 .text.Init_Car
                0x08001870       0x5c build/car.o
                0x08001870                Init_Car
 .text.float_to_bytes
                0x080018cc       0x20 build/MI_motor_dev.o
                0x080018cc                float_to_bytes
 .text.MI_Motor_CanTx
                0x080018ec       0x58 build/MI_motor_dev.o
                0x080018ec                MI_Motor_CanTx
 .text.MI_motor_init
                0x08001944       0x24 build/MI_motor_dev.o
                0x08001944                MI_motor_init
 .text.MI_motor_enable
                0x08001968       0x40 build/MI_motor_dev.o
                0x08001968                MI_motor_enable
 .text.MI_motor_setMode
                0x080019a8       0x4c build/MI_motor_dev.o
                0x080019a8                MI_motor_setMode
 .text.MI_motor_stop
                0x080019f4       0x40 build/MI_motor_dev.o
                0x080019f4                MI_motor_stop
 .text.MI_motor_setMechPosition2Zero
                0x08001a34       0x40 build/MI_motor_dev.o
                0x08001a34                MI_motor_setMechPosition2Zero
 .text.MI_motor_Write_One_Para
                0x08001a74       0x38 build/MI_motor_dev.o
                0x08001a74                MI_motor_Write_One_Para
 .text.MI_motor_Read_One_Para
                0x08001aac       0x40 build/MI_motor_dev.o
                0x08001aac                MI_motor_Read_One_Para
 .text.MI_motor_get_mechPos
                0x08001aec       0x12 build/MI_motor_dev.o
                0x08001aec                MI_motor_get_mechPos
 .text.MI_motor_PosCtrl
                0x08001afe       0x22 build/MI_motor_dev.o
                0x08001afe                MI_motor_PosCtrl
 .text.MI_motor_SetSpdLim
                0x08001b20       0x22 build/MI_motor_dev.o
                0x08001b20                MI_motor_SetSpdLim
 .text.MI_motor_SetCurrLim
                0x08001b42       0x22 build/MI_motor_dev.o
                0x08001b42                MI_motor_SetCurrLim
 .text.MI_motor_onePara_decode
                0x08001b64       0xc0 build/MI_motor_dev.o
                0x08001b64                MI_motor_onePara_decode
 *fill*         0x08001c24        0x4 
 .text.MI_motor_decode
                0x08001c28      0x150 build/MI_motor_dev.o
                0x08001c28                MI_motor_decode
 .text.MIMotor_MotorDataDecode
                0x08001d78       0x8c build/MI_motor_dev.o
                0x08001d78                MIMotor_MotorDataDecode
 .text.En_Chassis_Motor
                0x08001e04       0x20 build/bsp.o
                0x08001e04                En_Chassis_Motor
 .text.Dis_Chassis_Motor
                0x08001e24       0x20 build/bsp.o
                0x08001e24                Dis_Chassis_Motor
 .text.Reset_Chassis_Motor_MechPosition
                0x08001e44       0x30 build/bsp.o
                0x08001e44                Reset_Chassis_Motor_MechPosition
 .text.Init_Chassis_Motor
                0x08001e74       0x6c build/bsp.o
                0x08001e74                Init_Chassis_Motor
 .text.Change_Scara_Motor_Mode
                0x08001ee0       0x24 build/bsp.o
                0x08001ee0                Change_Scara_Motor_Mode
 .text.En_Scara_Motor
                0x08001f04       0x20 build/bsp.o
                0x08001f04                En_Scara_Motor
 .text.Dis_Scara_Motor
                0x08001f24       0x20 build/bsp.o
                0x08001f24                Dis_Scara_Motor
 .text.Reset_Scara_Motor_MechPosition
                0x08001f44       0x20 build/bsp.o
                0x08001f44                Reset_Scara_Motor_MechPosition
 .text.Init_Scara_Motor
                0x08001f64       0x64 build/bsp.o
                0x08001f64                Init_Scara_Motor
 .text.Change_Lifting_Motor_Mode
                0x08001fc8       0x14 build/bsp.o
                0x08001fc8                Change_Lifting_Motor_Mode
 .text.Init_Lifting_Motor
                0x08001fdc       0x38 build/bsp.o
                0x08001fdc                Init_Lifting_Motor
 .text.bsp_init
                0x08002014       0x18 build/bsp.o
                0x08002014                bsp_init
 .text.Init_Lift
                0x0800202c       0x2c build/lift.o
                0x0800202c                Init_Lift
 .text.Lift_Move_To_Height
                0x08002058       0x3c build/lift.o
                0x08002058                Lift_Move_To_Height
 .text.Lift_Is_Reached
                0x08002094       0x64 build/lift.o
                0x08002094                Lift_Is_Reached
 .text.TIM_OC1_SetConfig
                0x080020f8       0x70 build/stm32f4xx_hal_tim.o
 .text.TIM_OC3_SetConfig
                0x08002168       0x70 build/stm32f4xx_hal_tim.o
 .text.TIM_OC4_SetConfig
                0x080021d8       0x50 build/stm32f4xx_hal_tim.o
 .text.TIM_TI1_ConfigInputStage
                0x08002228       0x26 build/stm32f4xx_hal_tim.o
 .text.TIM_TI2_ConfigInputStage
                0x0800224e       0x28 build/stm32f4xx_hal_tim.o
 .text.TIM_ITRx_SetConfig
                0x08002276       0x10 build/stm32f4xx_hal_tim.o
 *fill*         0x08002286        0x2 
 .text.HAL_TIM_Base_Start_IT
                0x08002288       0x88 build/stm32f4xx_hal_tim.o
                0x08002288                HAL_TIM_Base_Start_IT
 .text.HAL_TIM_PWM_MspInit
                0x08002310        0x2 build/stm32f4xx_hal_tim.o
                0x08002310                HAL_TIM_PWM_MspInit
 .text.HAL_TIM_OC_DelayElapsedCallback
                0x08002312        0x2 build/stm32f4xx_hal_tim.o
                0x08002312                HAL_TIM_OC_DelayElapsedCallback
 .text.HAL_TIM_IC_CaptureCallback
                0x08002314        0x2 build/stm32f4xx_hal_tim.o
                0x08002314                HAL_TIM_IC_CaptureCallback
 .text.HAL_TIM_PWM_PulseFinishedCallback
                0x08002316        0x2 build/stm32f4xx_hal_tim.o
                0x08002316                HAL_TIM_PWM_PulseFinishedCallback
 .text.HAL_TIM_TriggerCallback
                0x08002318        0x2 build/stm32f4xx_hal_tim.o
                0x08002318                HAL_TIM_TriggerCallback
 .text.HAL_TIM_IRQHandler
                0x0800231a      0x15e build/stm32f4xx_hal_tim.o
                0x0800231a                HAL_TIM_IRQHandler
 .text.TIM_Base_SetConfig
                0x08002478       0xd8 build/stm32f4xx_hal_tim.o
                0x08002478                TIM_Base_SetConfig
 .text.HAL_TIM_Base_Init
                0x08002550       0x58 build/stm32f4xx_hal_tim.o
                0x08002550                HAL_TIM_Base_Init
 .text.HAL_TIM_PWM_Init
                0x080025a8       0x58 build/stm32f4xx_hal_tim.o
                0x080025a8                HAL_TIM_PWM_Init
 .text.TIM_OC2_SetConfig
                0x08002600       0x70 build/stm32f4xx_hal_tim.o
                0x08002600                TIM_OC2_SetConfig
 .text.HAL_TIM_PWM_ConfigChannel
                0x08002670       0xdc build/stm32f4xx_hal_tim.o
                0x08002670                HAL_TIM_PWM_ConfigChannel
 .text.TIM_ETR_SetConfig
                0x0800274c       0x1a build/stm32f4xx_hal_tim.o
                0x0800274c                TIM_ETR_SetConfig
 .text.HAL_TIM_ConfigClockSource
                0x08002766       0xfe build/stm32f4xx_hal_tim.o
                0x08002766                HAL_TIM_ConfigClockSource
 .text.TIM_CCxChannelCmd
                0x08002864       0x1e build/stm32f4xx_hal_tim.o
                0x08002864                TIM_CCxChannelCmd
 *fill*         0x08002882        0x2 
 .text.HAL_TIM_PWM_Start
                0x08002884      0x104 build/stm32f4xx_hal_tim.o
                0x08002884                HAL_TIM_PWM_Start
 .text.HAL_TIM_PWM_Stop
                0x08002988       0x8c build/stm32f4xx_hal_tim.o
                0x08002988                HAL_TIM_PWM_Stop
 .text.HAL_TIMEx_MasterConfigSynchronization
                0x08002a14       0x8c build/stm32f4xx_hal_tim_ex.o
                0x08002a14                HAL_TIMEx_MasterConfigSynchronization
 .text.HAL_TIMEx_CommutCallback
                0x08002aa0        0x2 build/stm32f4xx_hal_tim_ex.o
                0x08002aa0                HAL_TIMEx_CommutCallback
 .text.HAL_TIMEx_BreakCallback
                0x08002aa2        0x2 build/stm32f4xx_hal_tim_ex.o
                0x08002aa2                HAL_TIMEx_BreakCallback
 .text.HAL_CAN_Init
                0x08002aa4      0x14c build/stm32f4xx_hal_can.o
                0x08002aa4                HAL_CAN_Init
 .text.HAL_CAN_ConfigFilter
                0x08002bf0      0x138 build/stm32f4xx_hal_can.o
                0x08002bf0                HAL_CAN_ConfigFilter
 .text.HAL_CAN_Start
                0x08002d28       0x5c build/stm32f4xx_hal_can.o
                0x08002d28                HAL_CAN_Start
 .text.HAL_CAN_AddTxMessage
                0x08002d84       0xea build/stm32f4xx_hal_can.o
                0x08002d84                HAL_CAN_AddTxMessage
 .text.HAL_CAN_GetRxMessage
                0x08002e6e      0x16a build/stm32f4xx_hal_can.o
                0x08002e6e                HAL_CAN_GetRxMessage
 .text.HAL_CAN_ActivateNotification
                0x08002fd8       0x24 build/stm32f4xx_hal_can.o
                0x08002fd8                HAL_CAN_ActivateNotification
 .text.HAL_CAN_TxMailbox0CompleteCallback
                0x08002ffc        0x2 build/stm32f4xx_hal_can.o
                0x08002ffc                HAL_CAN_TxMailbox0CompleteCallback
 .text.HAL_CAN_TxMailbox1CompleteCallback
                0x08002ffe        0x2 build/stm32f4xx_hal_can.o
                0x08002ffe                HAL_CAN_TxMailbox1CompleteCallback
 .text.HAL_CAN_TxMailbox2CompleteCallback
                0x08003000        0x2 build/stm32f4xx_hal_can.o
                0x08003000                HAL_CAN_TxMailbox2CompleteCallback
 .text.HAL_CAN_TxMailbox0AbortCallback
                0x08003002        0x2 build/stm32f4xx_hal_can.o
                0x08003002                HAL_CAN_TxMailbox0AbortCallback
 .text.HAL_CAN_TxMailbox1AbortCallback
                0x08003004        0x2 build/stm32f4xx_hal_can.o
                0x08003004                HAL_CAN_TxMailbox1AbortCallback
 .text.HAL_CAN_TxMailbox2AbortCallback
                0x08003006        0x2 build/stm32f4xx_hal_can.o
                0x08003006                HAL_CAN_TxMailbox2AbortCallback
 .text.HAL_CAN_RxFifo0FullCallback
                0x08003008        0x2 build/stm32f4xx_hal_can.o
                0x08003008                HAL_CAN_RxFifo0FullCallback
 .text.HAL_CAN_RxFifo1MsgPendingCallback
                0x0800300a        0x2 build/stm32f4xx_hal_can.o
                0x0800300a                HAL_CAN_RxFifo1MsgPendingCallback
 .text.HAL_CAN_RxFifo1FullCallback
                0x0800300c        0x2 build/stm32f4xx_hal_can.o
                0x0800300c                HAL_CAN_RxFifo1FullCallback
 .text.HAL_CAN_SleepCallback
                0x0800300e        0x2 build/stm32f4xx_hal_can.o
                0x0800300e                HAL_CAN_SleepCallback
 .text.HAL_CAN_WakeUpFromRxMsgCallback
                0x08003010        0x2 build/stm32f4xx_hal_can.o
                0x08003010                HAL_CAN_WakeUpFromRxMsgCallback
 .text.HAL_CAN_ErrorCallback
                0x08003012        0x2 build/stm32f4xx_hal_can.o
                0x08003012                HAL_CAN_ErrorCallback
 .text.HAL_CAN_IRQHandler
                0x08003014      0x250 build/stm32f4xx_hal_can.o
                0x08003014                HAL_CAN_IRQHandler
 .text.HAL_RCC_OscConfig
                0x08003264      0x3f8 build/stm32f4xx_hal_rcc.o
                0x08003264                HAL_RCC_OscConfig
 .text.HAL_RCC_GetSysClockFreq
                0x0800365c       0xa8 build/stm32f4xx_hal_rcc.o
                0x0800365c                HAL_RCC_GetSysClockFreq
 .text.HAL_RCC_ClockConfig
                0x08003704      0x160 build/stm32f4xx_hal_rcc.o
                0x08003704                HAL_RCC_ClockConfig
 .text.HAL_RCC_GetHCLKFreq
                0x08003864        0xc build/stm32f4xx_hal_rcc.o
                0x08003864                HAL_RCC_GetHCLKFreq
 .text.HAL_RCC_GetPCLK1Freq
                0x08003870       0x20 build/stm32f4xx_hal_rcc.o
                0x08003870                HAL_RCC_GetPCLK1Freq
 .text.HAL_RCC_GetPCLK2Freq
                0x08003890       0x20 build/stm32f4xx_hal_rcc.o
                0x08003890                HAL_RCC_GetPCLK2Freq
 .text.HAL_RCC_GetClockConfig
                0x080038b0       0x3c build/stm32f4xx_hal_rcc.o
                0x080038b0                HAL_RCC_GetClockConfig
 .text.HAL_GPIO_Init
                0x080038ec      0x208 build/stm32f4xx_hal_gpio.o
                0x080038ec                HAL_GPIO_Init
 .text.HAL_GPIO_WritePin
                0x08003af4        0xc build/stm32f4xx_hal_gpio.o
                0x08003af4                HAL_GPIO_WritePin
 .text.DMA_SetConfig
                0x08003b00       0x2c build/stm32f4xx_hal_dma.o
 .text.DMA_CalcBaseAndBitshift
                0x08003b2c       0x3c build/stm32f4xx_hal_dma.o
 .text.DMA_CheckFifoParam
                0x08003b68       0x8e build/stm32f4xx_hal_dma.o
 *fill*         0x08003bf6        0x2 
 .text.HAL_DMA_Init
                0x08003bf8       0xcc build/stm32f4xx_hal_dma.o
                0x08003bf8                HAL_DMA_Init
 .text.HAL_DMA_Start_IT
                0x08003cc4       0x6a build/stm32f4xx_hal_dma.o
                0x08003cc4                HAL_DMA_Start_IT
 .text.HAL_DMA_Abort
                0x08003d2e       0x94 build/stm32f4xx_hal_dma.o
                0x08003d2e                HAL_DMA_Abort
 .text.HAL_DMA_Abort_IT
                0x08003dc2       0x26 build/stm32f4xx_hal_dma.o
                0x08003dc2                HAL_DMA_Abort_IT
 .text.HAL_DMA_IRQHandler
                0x08003de8      0x1dc build/stm32f4xx_hal_dma.o
                0x08003de8                HAL_DMA_IRQHandler
 .text.HAL_PWREx_EnableOverDrive
                0x08003fc4       0x7c build/stm32f4xx_hal_pwr_ex.o
                0x08003fc4                HAL_PWREx_EnableOverDrive
 .text.__NVIC_EnableIRQ
                0x08004040       0x1c build/stm32f4xx_hal_cortex.o
 .text.__NVIC_SetPriority
                0x0800405c       0x28 build/stm32f4xx_hal_cortex.o
 .text.NVIC_EncodePriority
                0x08004084       0x3e build/stm32f4xx_hal_cortex.o
 *fill*         0x080040c2        0x2 
 .text.HAL_NVIC_SetPriorityGrouping
                0x080040c4       0x24 build/stm32f4xx_hal_cortex.o
                0x080040c4                HAL_NVIC_SetPriorityGrouping
 .text.HAL_NVIC_SetPriority
                0x080040e8       0x20 build/stm32f4xx_hal_cortex.o
                0x080040e8                HAL_NVIC_SetPriority
 .text.HAL_NVIC_EnableIRQ
                0x08004108        0x8 build/stm32f4xx_hal_cortex.o
                0x08004108                HAL_NVIC_EnableIRQ
 .text.HAL_Init
                0x08004110       0x34 build/stm32f4xx_hal.o
                0x08004110                HAL_Init
 .text.HAL_IncTick
                0x08004144       0x18 build/stm32f4xx_hal.o
                0x08004144                HAL_IncTick
 .text.HAL_GetTick
                0x0800415c        0xc build/stm32f4xx_hal.o
                0x0800415c                HAL_GetTick
 .text.HAL_Delay
                0x08004168       0x28 build/stm32f4xx_hal.o
                0x08004168                HAL_Delay
 .text.UART_EndTxTransfer
                0x08004190       0x20 build/stm32f4xx_hal_uart.o
 .text.UART_EndRxTransfer
                0x080041b0       0x5c build/stm32f4xx_hal_uart.o
 .text.UART_Transmit_IT
                0x0800420c       0x60 build/stm32f4xx_hal_uart.o
 .text.UART_SetConfig
                0x0800426c      0x110 build/stm32f4xx_hal_uart.o
 .text.UART_WaitOnFlagUntilTimeout
                0x0800437c       0x86 build/stm32f4xx_hal_uart.o
 .text.HAL_UART_Init
                0x08004402       0x60 build/stm32f4xx_hal_uart.o
                0x08004402                HAL_UART_Init
 .text.HAL_UART_Transmit
                0x08004462       0xcc build/stm32f4xx_hal_uart.o
                0x08004462                HAL_UART_Transmit
 .text.HAL_UART_TxCpltCallback
                0x0800452e        0x2 build/stm32f4xx_hal_uart.o
                0x0800452e                HAL_UART_TxCpltCallback
 .text.UART_EndTransmit_IT
                0x08004530       0x1a build/stm32f4xx_hal_uart.o
 .text.HAL_UART_RxHalfCpltCallback
                0x0800454a        0x2 build/stm32f4xx_hal_uart.o
                0x0800454a                HAL_UART_RxHalfCpltCallback
 .text.HAL_UART_ErrorCallback
                0x0800454c        0x2 build/stm32f4xx_hal_uart.o
                0x0800454c                HAL_UART_ErrorCallback
 .text.UART_DMAError
                0x0800454e       0x58 build/stm32f4xx_hal_uart.o
 .text.UART_DMAAbortOnError
                0x080045a6       0x10 build/stm32f4xx_hal_uart.o
 .text.HAL_UARTEx_RxEventCallback
                0x080045b6        0x2 build/stm32f4xx_hal_uart.o
                0x080045b6                HAL_UARTEx_RxEventCallback
 .text.UART_Receive_IT
                0x080045b8       0xe6 build/stm32f4xx_hal_uart.o
 *fill*         0x0800469e        0x2 
 .text.HAL_UART_IRQHandler
                0x080046a0      0x284 build/stm32f4xx_hal_uart.o
                0x080046a0                HAL_UART_IRQHandler
 .text.UART_DMARxHalfCplt
                0x08004924       0x1e build/stm32f4xx_hal_uart.o
 .text.UART_DMAReceiveCplt
                0x08004942       0x9a build/stm32f4xx_hal_uart.o
 .text.UART_Start_Receive_DMA
                0x080049dc       0xa4 build/stm32f4xx_hal_uart.o
                0x080049dc                UART_Start_Receive_DMA
 .text.HAL_UART_Receive_DMA
                0x08004a80       0x26 build/stm32f4xx_hal_uart.o
                0x08004a80                HAL_UART_Receive_DMA
 *fill*         0x08004aa6        0x2 
 .text.SystemInit
                0x08004aa8       0x14 build/system_stm32f4xx.o
                0x08004aa8                SystemInit
 .text.Reset_Handler
                0x08004abc       0x50 build/startup_stm32f427xx.o
                0x08004abc                Reset_Handler
 .text.Default_Handler
                0x08004b0c        0x2 build/startup_stm32f427xx.o
                0x08004b0c                RTC_Alarm_IRQHandler
                0x08004b0c                HASH_RNG_IRQHandler
                0x08004b0c                EXTI2_IRQHandler
                0x08004b0c                TIM8_CC_IRQHandler
                0x08004b0c                UART8_IRQHandler
                0x08004b0c                SPI4_IRQHandler
                0x08004b0c                TIM1_CC_IRQHandler
                0x08004b0c                DMA2_Stream5_IRQHandler
                0x08004b0c                DMA1_Stream5_IRQHandler
                0x08004b0c                PVD_IRQHandler
                0x08004b0c                SDIO_IRQHandler
                0x08004b0c                TAMP_STAMP_IRQHandler
                0x08004b0c                CAN2_RX1_IRQHandler
                0x08004b0c                EXTI3_IRQHandler
                0x08004b0c                TIM8_TRG_COM_TIM14_IRQHandler
                0x08004b0c                TIM1_UP_TIM10_IRQHandler
                0x08004b0c                TIM8_UP_TIM13_IRQHandler
                0x08004b0c                I2C3_ER_IRQHandler
                0x08004b0c                EXTI0_IRQHandler
                0x08004b0c                I2C2_EV_IRQHandler
                0x08004b0c                DMA1_Stream2_IRQHandler
                0x08004b0c                FPU_IRQHandler
                0x08004b0c                OTG_HS_WKUP_IRQHandler
                0x08004b0c                CAN2_SCE_IRQHandler
                0x08004b0c                DMA2_Stream2_IRQHandler
                0x08004b0c                SPI1_IRQHandler
                0x08004b0c                TIM6_DAC_IRQHandler
                0x08004b0c                TIM1_BRK_TIM9_IRQHandler
                0x08004b0c                DCMI_IRQHandler
                0x08004b0c                CAN2_RX0_IRQHandler
                0x08004b0c                DMA2_Stream3_IRQHandler
                0x08004b0c                USART6_IRQHandler
                0x08004b0c                CAN1_RX1_IRQHandler
                0x08004b0c                UART5_IRQHandler
                0x08004b0c                DMA2_Stream0_IRQHandler
                0x08004b0c                TIM4_IRQHandler
                0x08004b0c                I2C1_EV_IRQHandler
                0x08004b0c                DMA1_Stream6_IRQHandler
                0x08004b0c                DMA1_Stream1_IRQHandler
                0x08004b0c                UART4_IRQHandler
                0x08004b0c                TIM3_IRQHandler
                0x08004b0c                RCC_IRQHandler
                0x08004b0c                TIM8_BRK_TIM12_IRQHandler
                0x08004b0c                Default_Handler
                0x08004b0c                EXTI15_10_IRQHandler
                0x08004b0c                ADC_IRQHandler
                0x08004b0c                DMA1_Stream7_IRQHandler
                0x08004b0c                SPI5_IRQHandler
                0x08004b0c                CAN2_TX_IRQHandler
                0x08004b0c                TIM5_IRQHandler
                0x08004b0c                DMA2_Stream7_IRQHandler
                0x08004b0c                I2C3_EV_IRQHandler
                0x08004b0c                EXTI9_5_IRQHandler
                0x08004b0c                RTC_WKUP_IRQHandler
                0x08004b0c                ETH_WKUP_IRQHandler
                0x08004b0c                SPI2_IRQHandler
                0x08004b0c                OTG_HS_EP1_IN_IRQHandler
                0x08004b0c                DMA1_Stream0_IRQHandler
                0x08004b0c                CAN1_TX_IRQHandler
                0x08004b0c                EXTI4_IRQHandler
                0x08004b0c                ETH_IRQHandler
                0x08004b0c                OTG_HS_EP1_OUT_IRQHandler
                0x08004b0c                WWDG_IRQHandler
                0x08004b0c                SPI6_IRQHandler
                0x08004b0c                TIM2_IRQHandler
                0x08004b0c                OTG_FS_WKUP_IRQHandler
                0x08004b0c                TIM1_TRG_COM_TIM11_IRQHandler
                0x08004b0c                OTG_HS_IRQHandler
                0x08004b0c                DMA2D_IRQHandler
                0x08004b0c                EXTI1_IRQHandler
                0x08004b0c                UART7_IRQHandler
                0x08004b0c                I2C2_ER_IRQHandler
                0x08004b0c                CAN1_SCE_IRQHandler
                0x08004b0c                FLASH_IRQHandler
                0x08004b0c                DMA2_Stream4_IRQHandler
                0x08004b0c                USART1_IRQHandler
                0x08004b0c                OTG_FS_IRQHandler
                0x08004b0c                SPI3_IRQHandler
                0x08004b0c                DMA1_Stream4_IRQHandler
                0x08004b0c                I2C1_ER_IRQHandler
                0x08004b0c                FMC_IRQHandler
                0x08004b0c                DMA2_Stream6_IRQHandler
                0x08004b0c                SAI1_IRQHandler
                0x08004b0c                DMA1_Stream3_IRQHandler
 *fill*         0x08004b0e        0x2 
 .text.malloc   0x08004b10       0x10 c:/Users/HZW/.eide/tools/13.2 Rel1/bin/../lib/gcc/arm-none-eabi/13.2.1/thumb/v7e-m+fp/hard\libc_nano.a(libc_a-malloc.o)
                0x08004b10                malloc
 .text.sbrk_aligned
                0x08004b20       0x44 c:/Users/HZW/.eide/tools/13.2 Rel1/bin/../lib/gcc/arm-none-eabi/13.2.1/thumb/v7e-m+fp/hard\libc_nano.a(libc_a-mallocr.o)
 .text._malloc_r
                0x08004b64      0x100 c:/Users/HZW/.eide/tools/13.2 Rel1/bin/../lib/gcc/arm-none-eabi/13.2.1/thumb/v7e-m+fp/hard\libc_nano.a(libc_a-mallocr.o)
                0x08004b64                _malloc_r
 .text.__malloc_lock
                0x08004c64        0xc c:/Users/HZW/.eide/tools/13.2 Rel1/bin/../lib/gcc/arm-none-eabi/13.2.1/thumb/v7e-m+fp/hard\libc_nano.a(libc_a-mlock.o)
                0x08004c64                __malloc_lock
 .text.__malloc_unlock
                0x08004c70        0xc c:/Users/HZW/.eide/tools/13.2 Rel1/bin/../lib/gcc/arm-none-eabi/13.2.1/thumb/v7e-m+fp/hard\libc_nano.a(libc_a-mlock.o)
                0x08004c70                __malloc_unlock
 .text.std      0x08004c7c       0x6c c:/Users/HZW/.eide/tools/13.2 Rel1/bin/../lib/gcc/arm-none-eabi/13.2.1/thumb/v7e-m+fp/hard\libc_nano.a(libc_a-findfp.o)
 .text.stdio_exit_handler
                0x08004ce8       0x18 c:/Users/HZW/.eide/tools/13.2 Rel1/bin/../lib/gcc/arm-none-eabi/13.2.1/thumb/v7e-m+fp/hard\libc_nano.a(libc_a-findfp.o)
 .text.cleanup_stdio
                0x08004d00       0x40 c:/Users/HZW/.eide/tools/13.2 Rel1/bin/../lib/gcc/arm-none-eabi/13.2.1/thumb/v7e-m+fp/hard\libc_nano.a(libc_a-findfp.o)
 .text.global_stdio_init.part.0
                0x08004d40       0x3c c:/Users/HZW/.eide/tools/13.2 Rel1/bin/../lib/gcc/arm-none-eabi/13.2.1/thumb/v7e-m+fp/hard\libc_nano.a(libc_a-findfp.o)
 .text.__sfp_lock_acquire
                0x08004d7c        0xc c:/Users/HZW/.eide/tools/13.2 Rel1/bin/../lib/gcc/arm-none-eabi/13.2.1/thumb/v7e-m+fp/hard\libc_nano.a(libc_a-findfp.o)
                0x08004d7c                __sfp_lock_acquire
 .text.__sfp_lock_release
                0x08004d88        0xc c:/Users/HZW/.eide/tools/13.2 Rel1/bin/../lib/gcc/arm-none-eabi/13.2.1/thumb/v7e-m+fp/hard\libc_nano.a(libc_a-findfp.o)
                0x08004d88                __sfp_lock_release
 .text.__sinit  0x08004d94       0x30 c:/Users/HZW/.eide/tools/13.2 Rel1/bin/../lib/gcc/arm-none-eabi/13.2.1/thumb/v7e-m+fp/hard\libc_nano.a(libc_a-findfp.o)
                0x08004d94                __sinit
 .text._fwalk_sglue
                0x08004dc4       0x3c c:/Users/HZW/.eide/tools/13.2 Rel1/bin/../lib/gcc/arm-none-eabi/13.2.1/thumb/v7e-m+fp/hard\libc_nano.a(libc_a-fwalk.o)
                0x08004dc4                _fwalk_sglue
 .text.printf   0x08004e00       0x24 c:/Users/HZW/.eide/tools/13.2 Rel1/bin/../lib/gcc/arm-none-eabi/13.2.1/thumb/v7e-m+fp/hard\libc_nano.a(libc_a-printf.o)
                0x08004e00                iprintf
                0x08004e00                printf
 .text._puts_r  0x08004e24       0xaa c:/Users/HZW/.eide/tools/13.2 Rel1/bin/../lib/gcc/arm-none-eabi/13.2.1/thumb/v7e-m+fp/hard\libc_nano.a(libc_a-puts.o)
                0x08004e24                _puts_r
 *fill*         0x08004ece        0x2 
 .text.puts     0x08004ed0       0x10 c:/Users/HZW/.eide/tools/13.2 Rel1/bin/../lib/gcc/arm-none-eabi/13.2.1/thumb/v7e-m+fp/hard\libc_nano.a(libc_a-puts.o)
                0x08004ed0                puts
 .text.__sread  0x08004ee0       0x22 c:/Users/HZW/.eide/tools/13.2 Rel1/bin/../lib/gcc/arm-none-eabi/13.2.1/thumb/v7e-m+fp/hard\libc_nano.a(libc_a-stdio.o)
                0x08004ee0                __sread
 .text.__swrite
                0x08004f02       0x38 c:/Users/HZW/.eide/tools/13.2 Rel1/bin/../lib/gcc/arm-none-eabi/13.2.1/thumb/v7e-m+fp/hard\libc_nano.a(libc_a-stdio.o)
                0x08004f02                __swrite
 .text.__sseek  0x08004f3a       0x24 c:/Users/HZW/.eide/tools/13.2 Rel1/bin/../lib/gcc/arm-none-eabi/13.2.1/thumb/v7e-m+fp/hard\libc_nano.a(libc_a-stdio.o)
                0x08004f3a                __sseek
 .text.__sclose
                0x08004f5e        0x8 c:/Users/HZW/.eide/tools/13.2 Rel1/bin/../lib/gcc/arm-none-eabi/13.2.1/thumb/v7e-m+fp/hard\libc_nano.a(libc_a-stdio.o)
                0x08004f5e                __sclose
 .text.__swbuf_r
                0x08004f66       0x7c c:/Users/HZW/.eide/tools/13.2 Rel1/bin/../lib/gcc/arm-none-eabi/13.2.1/thumb/v7e-m+fp/hard\libc_nano.a(libc_a-wbuf.o)
                0x08004f66                __swbuf_r
 *fill*         0x08004fe2        0x2 
 .text.__swsetup_r
                0x08004fe4       0xac c:/Users/HZW/.eide/tools/13.2 Rel1/bin/../lib/gcc/arm-none-eabi/13.2.1/thumb/v7e-m+fp/hard\libc_nano.a(libc_a-wsetup.o)
                0x08004fe4                __swsetup_r
 .text.memset   0x08005090       0x10 c:/Users/HZW/.eide/tools/13.2 Rel1/bin/../lib/gcc/arm-none-eabi/13.2.1/thumb/v7e-m+fp/hard\libc_nano.a(libc_a-memset.o)
                0x08005090                memset
 .text._close_r
                0x080050a0       0x20 c:/Users/HZW/.eide/tools/13.2 Rel1/bin/../lib/gcc/arm-none-eabi/13.2.1/thumb/v7e-m+fp/hard\libc_nano.a(libc_a-closer.o)
                0x080050a0                _close_r
 .text._lseek_r
                0x080050c0       0x24 c:/Users/HZW/.eide/tools/13.2 Rel1/bin/../lib/gcc/arm-none-eabi/13.2.1/thumb/v7e-m+fp/hard\libc_nano.a(libc_a-lseekr.o)
                0x080050c0                _lseek_r
 .text._read_r  0x080050e4       0x24 c:/Users/HZW/.eide/tools/13.2 Rel1/bin/../lib/gcc/arm-none-eabi/13.2.1/thumb/v7e-m+fp/hard\libc_nano.a(libc_a-readr.o)
                0x080050e4                _read_r
 .text._sbrk_r  0x08005108       0x20 c:/Users/HZW/.eide/tools/13.2 Rel1/bin/../lib/gcc/arm-none-eabi/13.2.1/thumb/v7e-m+fp/hard\libc_nano.a(libc_a-sbrkr.o)
                0x08005108                _sbrk_r
 .text._write_r
                0x08005128       0x24 c:/Users/HZW/.eide/tools/13.2 Rel1/bin/../lib/gcc/arm-none-eabi/13.2.1/thumb/v7e-m+fp/hard\libc_nano.a(libc_a-writer.o)
                0x08005128                _write_r
 .text.__libc_init_array
                0x0800514c       0x48 c:/Users/HZW/.eide/tools/13.2 Rel1/bin/../lib/gcc/arm-none-eabi/13.2.1/thumb/v7e-m+fp/hard\libc_nano.a(libc_a-init.o)
                0x0800514c                __libc_init_array
 .text.__retarget_lock_init_recursive
                0x08005194        0x2 c:/Users/HZW/.eide/tools/13.2 Rel1/bin/../lib/gcc/arm-none-eabi/13.2.1/thumb/v7e-m+fp/hard\libc_nano.a(libc_a-lock.o)
                0x08005194                __retarget_lock_init_recursive
 .text.__retarget_lock_acquire_recursive
                0x08005196        0x2 c:/Users/HZW/.eide/tools/13.2 Rel1/bin/../lib/gcc/arm-none-eabi/13.2.1/thumb/v7e-m+fp/hard\libc_nano.a(libc_a-lock.o)
                0x08005196                __retarget_lock_acquire_recursive
 .text.__retarget_lock_release_recursive
                0x08005198        0x2 c:/Users/HZW/.eide/tools/13.2 Rel1/bin/../lib/gcc/arm-none-eabi/13.2.1/thumb/v7e-m+fp/hard\libc_nano.a(libc_a-lock.o)
                0x08005198                __retarget_lock_release_recursive
 *fill*         0x0800519a        0x2 
 .text._free_r  0x0800519c       0x94 c:/Users/HZW/.eide/tools/13.2 Rel1/bin/../lib/gcc/arm-none-eabi/13.2.1/thumb/v7e-m+fp/hard\libc_nano.a(libc_a-freer.o)
                0x0800519c                _free_r
 .text.__sfputc_r
                0x08005230       0x2e c:/Users/HZW/.eide/tools/13.2 Rel1/bin/../lib/gcc/arm-none-eabi/13.2.1/thumb/v7e-m+fp/hard\libc_nano.a(libc_a-nano-vfprintf.o)
 .text.__sfputs_r
                0x0800525e       0x24 c:/Users/HZW/.eide/tools/13.2 Rel1/bin/../lib/gcc/arm-none-eabi/13.2.1/thumb/v7e-m+fp/hard\libc_nano.a(libc_a-nano-vfprintf.o)
                0x0800525e                __sfputs_r
 *fill*         0x08005282        0x2 
 .text._vfprintf_r
                0x08005284      0x230 c:/Users/HZW/.eide/tools/13.2 Rel1/bin/../lib/gcc/arm-none-eabi/13.2.1/thumb/v7e-m+fp/hard\libc_nano.a(libc_a-nano-vfprintf.o)
                0x08005284                _vfprintf_r
                0x08005284                _vfiprintf_r
 .text._printf_common
                0x080054b4       0xda c:/Users/HZW/.eide/tools/13.2 Rel1/bin/../lib/gcc/arm-none-eabi/13.2.1/thumb/v7e-m+fp/hard\libc_nano.a(libc_a-nano-vfprintf_i.o)
                0x080054b4                _printf_common
 *fill*         0x0800558e        0x2 
 .text._printf_i
                0x08005590      0x23c c:/Users/HZW/.eide/tools/13.2 Rel1/bin/../lib/gcc/arm-none-eabi/13.2.1/thumb/v7e-m+fp/hard\libc_nano.a(libc_a-nano-vfprintf_i.o)
                0x08005590                _printf_i
 .text.__sflush_r
                0x080057cc      0x108 c:/Users/HZW/.eide/tools/13.2 Rel1/bin/../lib/gcc/arm-none-eabi/13.2.1/thumb/v7e-m+fp/hard\libc_nano.a(libc_a-fflush.o)
                0x080057cc                __sflush_r
 .text._fflush_r
                0x080058d4       0x50 c:/Users/HZW/.eide/tools/13.2 Rel1/bin/../lib/gcc/arm-none-eabi/13.2.1/thumb/v7e-m+fp/hard\libc_nano.a(libc_a-fflush.o)
                0x080058d4                _fflush_r
 .text.__swhatbuf_r
                0x08005924       0x4c c:/Users/HZW/.eide/tools/13.2 Rel1/bin/../lib/gcc/arm-none-eabi/13.2.1/thumb/v7e-m+fp/hard\libc_nano.a(libc_a-makebuf.o)
                0x08005924                __swhatbuf_r
 .text.__smakebuf_r
                0x08005970       0x78 c:/Users/HZW/.eide/tools/13.2 Rel1/bin/../lib/gcc/arm-none-eabi/13.2.1/thumb/v7e-m+fp/hard\libc_nano.a(libc_a-makebuf.o)
                0x08005970                __smakebuf_r
 .text._fstat_r
                0x080059e8       0x24 c:/Users/HZW/.eide/tools/13.2 Rel1/bin/../lib/gcc/arm-none-eabi/13.2.1/thumb/v7e-m+fp/hard\libc_nano.a(libc_a-fstatr.o)
                0x080059e8                _fstat_r
 .text._isatty_r
                0x08005a0c       0x20 c:/Users/HZW/.eide/tools/13.2 Rel1/bin/../lib/gcc/arm-none-eabi/13.2.1/thumb/v7e-m+fp/hard\libc_nano.a(libc_a-isattyr.o)
                0x08005a0c                _isatty_r
 .text.fmaxf    0x08005a2c       0x3c c:/Users/HZW/.eide/tools/13.2 Rel1/bin/../lib/gcc/arm-none-eabi/13.2.1/thumb/v7e-m+fp/hard\libm.a(libm_a-sf_fmax.o)
                0x08005a2c                fmaxf
 .text.fminf    0x08005a68       0x3c c:/Users/HZW/.eide/tools/13.2 Rel1/bin/../lib/gcc/arm-none-eabi/13.2.1/thumb/v7e-m+fp/hard\libm.a(libm_a-sf_fmin.o)
                0x08005a68                fminf
 .text.__fpclassifyf
                0x08005aa4       0x38 c:/Users/HZW/.eide/tools/13.2 Rel1/bin/../lib/gcc/arm-none-eabi/13.2.1/thumb/v7e-m+fp/hard\libm.a(libm_a-sf_fpclassify.o)
                0x08005aa4                __fpclassifyf
 .text._close   0x08005adc       0x10 c:/Users/HZW/.eide/tools/13.2 Rel1/bin/../lib/gcc/arm-none-eabi/13.2.1/thumb/v7e-m+fp/hard\libnosys.a(close.o)
                0x08005adc                _close
 .text._fstat   0x08005aec       0x10 c:/Users/HZW/.eide/tools/13.2 Rel1/bin/../lib/gcc/arm-none-eabi/13.2.1/thumb/v7e-m+fp/hard\libnosys.a(fstat.o)
                0x08005aec                _fstat
 .text._isatty  0x08005afc       0x10 c:/Users/HZW/.eide/tools/13.2 Rel1/bin/../lib/gcc/arm-none-eabi/13.2.1/thumb/v7e-m+fp/hard\libnosys.a(isatty.o)
                0x08005afc                _isatty
 .text._lseek   0x08005b0c       0x10 c:/Users/HZW/.eide/tools/13.2 Rel1/bin/../lib/gcc/arm-none-eabi/13.2.1/thumb/v7e-m+fp/hard\libnosys.a(lseek.o)
                0x08005b0c                _lseek
 .text._read    0x08005b1c       0x10 c:/Users/HZW/.eide/tools/13.2 Rel1/bin/../lib/gcc/arm-none-eabi/13.2.1/thumb/v7e-m+fp/hard\libnosys.a(read.o)
                0x08005b1c                _read
 .text._sbrk    0x08005b2c       0x1c c:/Users/HZW/.eide/tools/13.2 Rel1/bin/../lib/gcc/arm-none-eabi/13.2.1/thumb/v7e-m+fp/hard\libnosys.a(sbrk.o)
                0x08005b2c                _sbrk
 .text.__udivmoddi4
                0x08005b48      0x2bc c:/Users/HZW/.eide/tools/13.2 Rel1/bin/../lib/gcc/arm-none-eabi/13.2.1/thumb/v7e-m+fp/hard\libgcc.a(_udivmoddi4.o)
                0x08005b48                __udivmoddi4
 *(.glue_7)
 .glue_7        0x08005e04        0x0 linker stubs
 *(.glue_7t)
 .glue_7t       0x08005e04        0x0 linker stubs
 *(.eh_frame)
 .eh_frame      0x08005e04        0x0 c:/Users/HZW/.eide/tools/13.2 Rel1/bin/../lib/gcc/arm-none-eabi/13.2.1/thumb/v7e-m+fp/hard/crtbegin.o
 *(.init)
 .init          0x08005e04        0x4 c:/Users/HZW/.eide/tools/13.2 Rel1/bin/../lib/gcc/arm-none-eabi/13.2.1/thumb/v7e-m+fp/hard/crti.o
                0x08005e04                _init
 .init          0x08005e08        0x8 c:/Users/HZW/.eide/tools/13.2 Rel1/bin/../lib/gcc/arm-none-eabi/13.2.1/thumb/v7e-m+fp/hard/crtn.o
 *(.fini)
 .fini          0x08005e10        0x4 c:/Users/HZW/.eide/tools/13.2 Rel1/bin/../lib/gcc/arm-none-eabi/13.2.1/thumb/v7e-m+fp/hard/crti.o
                0x08005e10                _fini
 .fini          0x08005e14        0x8 c:/Users/HZW/.eide/tools/13.2 Rel1/bin/../lib/gcc/arm-none-eabi/13.2.1/thumb/v7e-m+fp/hard/crtn.o
                0x08005e1c                        . = ALIGN (0x4)
                0x08005e1c                        _etext = .

.vfp11_veneer   0x08005e1c        0x0
 .vfp11_veneer  0x08005e1c        0x0 linker stubs

.v4_bx          0x08005e1c        0x0
 .v4_bx         0x08005e1c        0x0 linker stubs

.iplt           0x08005e1c        0x0
 .iplt          0x08005e1c        0x0 c:/Users/HZW/.eide/tools/13.2 Rel1/bin/../lib/gcc/arm-none-eabi/13.2.1/thumb/v7e-m+fp/hard/crtbegin.o

.rodata         0x08005e1c       0x80
                0x08005e1c                        . = ALIGN (0x4)
 *(.rodata)
 *(.rodata*)
 .rodata.main.str1.4
                0x08005e1c       0x29 build/main.o
                                 0x11 (size before relaxing)
 .rodata.Lift_Is_Reached.str1.4
                0x08005e45       0x15 build/lift.o
 *fill*         0x08005e45        0x3 
 .rodata.flagBitshiftOffset.0
                0x08005e48        0x8 build/stm32f4xx_hal_dma.o
 .rodata.APBPrescTable
                0x08005e50        0x8 build/system_stm32f4xx.o
                0x08005e50                APBPrescTable
 .rodata.AHBPrescTable
                0x08005e58       0x10 build/system_stm32f4xx.o
                0x08005e58                AHBPrescTable
 .rodata._vfprintf_r.str1.1
                0x08005e68       0x33 c:/Users/HZW/.eide/tools/13.2 Rel1/bin/../lib/gcc/arm-none-eabi/13.2.1/thumb/v7e-m+fp/hard\libc_nano.a(libc_a-nano-vfprintf.o)
                                 0x11 (size before relaxing)
 .rodata._printf_i.str1.1
                0x08005e9b       0x22 c:/Users/HZW/.eide/tools/13.2 Rel1/bin/../lib/gcc/arm-none-eabi/13.2.1/thumb/v7e-m+fp/hard\libc_nano.a(libc_a-nano-vfprintf_i.o)
                0x08005ec0                        . = ALIGN (0x4)
 *fill*         0x08005e9b        0x1 

.ARM.extab      0x08005e9c        0x0
                0x08005e9c                        . = ALIGN (0x4)
 *(.ARM.extab* .gnu.linkonce.armextab.*)
                0x08005e9c                        . = ALIGN (0x4)

.ARM            0x08005e9c        0x8
                0x08005e9c                        . = ALIGN (0x4)
                0x08005e9c                        __exidx_start = .
 *(.ARM.exidx*)
 .ARM.exidx     0x08005e9c        0x8 c:/Users/HZW/.eide/tools/13.2 Rel1/bin/../lib/gcc/arm-none-eabi/13.2.1/thumb/v7e-m+fp/hard\libc_nano.a(libc_a-memchr.o)
 .ARM.exidx.text.__udivmoddi4
                0x08005ea4        0x0 c:/Users/HZW/.eide/tools/13.2 Rel1/bin/../lib/gcc/arm-none-eabi/13.2.1/thumb/v7e-m+fp/hard\libgcc.a(_udivmoddi4.o)
                                  0x8 (size before relaxing)
                0x08005ea4                        __exidx_end = .
                0x08005ea4                        . = ALIGN (0x4)

.rel.dyn        0x08005ea4        0x0
 .rel.iplt      0x08005ea4        0x0 c:/Users/HZW/.eide/tools/13.2 Rel1/bin/../lib/gcc/arm-none-eabi/13.2.1/thumb/v7e-m+fp/hard/crtbegin.o

.preinit_array  0x08005ea4        0x0
                0x08005ea4                        . = ALIGN (0x4)
                0x08005ea4                        PROVIDE (__preinit_array_start = .)
 *(.preinit_array*)
                0x08005ea4                        PROVIDE (__preinit_array_end = .)
                0x08005ea4                        . = ALIGN (0x4)

.init_array     0x08005ea4        0x4
                0x08005ea4                        . = ALIGN (0x4)
                0x08005ea4                        PROVIDE (__init_array_start = .)
 *(SORT_BY_NAME(.init_array.*))
 *(.init_array*)
 .init_array    0x08005ea4        0x4 c:/Users/HZW/.eide/tools/13.2 Rel1/bin/../lib/gcc/arm-none-eabi/13.2.1/thumb/v7e-m+fp/hard/crtbegin.o
                0x08005ea8                        PROVIDE (__init_array_end = .)
                0x08005ea8                        . = ALIGN (0x4)

.fini_array     0x08005ea8        0x4
                0x08005ea8                        . = ALIGN (0x4)
                [!provide]                        PROVIDE (__fini_array_start = .)
 *(SORT_BY_NAME(.fini_array.*))
 *(.fini_array*)
 .fini_array    0x08005ea8        0x4 c:/Users/HZW/.eide/tools/13.2 Rel1/bin/../lib/gcc/arm-none-eabi/13.2.1/thumb/v7e-m+fp/hard/crtbegin.o
                [!provide]                        PROVIDE (__fini_array_end = .)
                0x08005eac                        . = ALIGN (0x4)
                0x08005eac                        _sidata = LOADADDR (.data)

.data           0x20000000       0x70 load address 0x08005eac
                0x20000000                        . = ALIGN (0x4)
                0x20000000                        _sdata = .
 *(.data)
 *(.data*)
 .data.MI_MASTERID
                0x20000000        0x1 build/MI_motor_dev.o
                0x20000000                MI_MASTERID
 *fill*         0x20000001        0x3 
 .data.lift     0x20000004        0x4 build/lift.o
                0x20000004                lift
 .data.uwTickFreq
                0x20000008        0x1 build/stm32f4xx_hal.o
                0x20000008                uwTickFreq
 *fill*         0x20000009        0x3 
 .data.uwTickPrio
                0x2000000c        0x4 build/stm32f4xx_hal.o
                0x2000000c                uwTickPrio
 .data.SystemCoreClock
                0x20000010        0x4 build/system_stm32f4xx.o
                0x20000010                SystemCoreClock
 .data.__sglue  0x20000014        0xc c:/Users/HZW/.eide/tools/13.2 Rel1/bin/../lib/gcc/arm-none-eabi/13.2.1/thumb/v7e-m+fp/hard\libc_nano.a(libc_a-findfp.o)
                0x20000014                __sglue
 .data._impure_ptr
                0x20000020        0x4 c:/Users/HZW/.eide/tools/13.2 Rel1/bin/../lib/gcc/arm-none-eabi/13.2.1/thumb/v7e-m+fp/hard\libc_nano.a(libc_a-impure.o)
                0x20000020                _impure_ptr
 .data._impure_data
                0x20000024       0x4c c:/Users/HZW/.eide/tools/13.2 Rel1/bin/../lib/gcc/arm-none-eabi/13.2.1/thumb/v7e-m+fp/hard\libc_nano.a(libc_a-impure.o)
                0x20000024                _impure_data
 *(.RamFunc)
 *(.RamFunc*)
                0x20000070                        . = ALIGN (0x4)
                0x20000070                        _edata = .
                0x08005f1c                        _siccmram = LOADADDR (.ccmram)

.tm_clone_table
                0x20000070        0x0 load address 0x08005f1c
 .tm_clone_table
                0x20000070        0x0 c:/Users/HZW/.eide/tools/13.2 Rel1/bin/../lib/gcc/arm-none-eabi/13.2.1/thumb/v7e-m+fp/hard/crtbegin.o
 .tm_clone_table
                0x20000070        0x0 c:/Users/HZW/.eide/tools/13.2 Rel1/bin/../lib/gcc/arm-none-eabi/13.2.1/thumb/v7e-m+fp/hard/crtend.o

.igot.plt       0x20000070        0x0 load address 0x08005f1c
 .igot.plt      0x20000070        0x0 c:/Users/HZW/.eide/tools/13.2 Rel1/bin/../lib/gcc/arm-none-eabi/13.2.1/thumb/v7e-m+fp/hard/crtbegin.o

.ccmram         0x10000000        0x0 load address 0x08005f1c
                0x10000000                        . = ALIGN (0x4)
                0x10000000                        _sccmram = .
 *(.ccmram)
 *(.ccmram*)
                0x10000000                        . = ALIGN (0x4)
                0x10000000                        _eccmram = .
                0x10000000                        . = ALIGN (0x4)

.bss            0x20000070      0x758
                0x20000070                        _sbss = .
                0x20000070                        __bss_start__ = _sbss
 *(.bss)
 *(.bss*)
 .bss.completed.1
                0x20000070        0x1 c:/Users/HZW/.eide/tools/13.2 Rel1/bin/../lib/gcc/arm-none-eabi/13.2.1/thumb/v7e-m+fp/hard/crtbegin.o
 *fill*         0x20000071        0x3 
 .bss.object.0  0x20000074       0x18 c:/Users/HZW/.eide/tools/13.2 Rel1/bin/../lib/gcc/arm-none-eabi/13.2.1/thumb/v7e-m+fp/hard/crtbegin.o
 .bss.wrap_count.0
                0x2000008c        0x4 build/main.o
 .bss.prev_omega.1
                0x20000090        0x4 build/main.o
 .bss.last_receive_hwt_time
                0x20000094        0x4 build/main.o
                0x20000094                last_receive_hwt_time
 .bss.current_angle_speed
                0x20000098        0x4 build/main.o
                0x20000098                current_angle_speed
 .bss.omega     0x2000009c        0x4 build/main.o
                0x2000009c                omega
 .bss.omega_1   0x200000a0        0x4 build/main.o
                0x200000a0                omega_1
 .bss.rxcmd6_app
                0x200000a4       0x21 build/main.o
                0x200000a4                rxcmd6_app
 *fill*         0x200000c5        0x3 
 .bss.rxcmd6_dma
                0x200000c8       0x21 build/main.o
                0x200000c8                rxcmd6_dma
 .bss.uart7_rx_flag
                0x200000e9        0x1 build/main.o
                0x200000e9                uart7_rx_flag
 *fill*         0x200000ea        0x2 
 .bss.hcan1     0x200000ec       0x28 build/can.o
                0x200000ec                hcan1
 .bss.hdma_usart6_rx
                0x20000114       0x60 build/usart.o
                0x20000114                hdma_usart6_rx
 .bss.huart6    0x20000174       0x48 build/usart.o
                0x20000174                huart6
 .bss.huart3    0x200001bc       0x48 build/usart.o
                0x200001bc                huart3
 .bss.huart2    0x20000204       0x48 build/usart.o
                0x20000204                huart2
 .bss.huart1    0x2000024c       0x48 build/usart.o
                0x2000024c                huart1
 .bss.huart8    0x20000294       0x48 build/usart.o
                0x20000294                huart8
 .bss.huart7    0x200002dc       0x48 build/usart.o
                0x200002dc                huart7
 .bss.htim12    0x20000324       0x48 build/tim.o
                0x20000324                htim12
 .bss.htim7     0x2000036c       0x48 build/stm32f4xx_hal_timebase_tim.o
                0x2000036c                htim7
 .bss.car       0x200003b4        0x4 build/car.o
                0x200003b4                car
 .bss.EXT_ID_tmp
                0x200003b8        0x4 build/MI_motor_dev.o
                0x200003b8                EXT_ID_tmp
 .bss.CAN_TxHeader_MI
                0x200003bc       0x18 build/MI_motor_dev.o
                0x200003bc                CAN_TxHeader_MI
 .bss.motors    0x200003d4       0x20 build/MI_motor_dev.o
                0x200003d4                motors
 .bss.lifting_motor
                0x200003f4       0x58 build/MI_motor_dev.o
                0x200003f4                lifting_motor
 .bss.scara_motor
                0x2000044c       0xb0 build/MI_motor_dev.o
                0x2000044c                scara_motor
 .bss.chassis_motor
                0x200004fc      0x160 build/MI_motor_dev.o
                0x200004fc                chassis_motor
 .bss.lift_status
                0x2000065c       0x18 build/lift.o
 .bss.uwTick    0x20000674        0x4 build/stm32f4xx_hal.o
                0x20000674                uwTick
 .bss.__malloc_sbrk_start
                0x20000678        0x4 c:/Users/HZW/.eide/tools/13.2 Rel1/bin/../lib/gcc/arm-none-eabi/13.2.1/thumb/v7e-m+fp/hard\libc_nano.a(libc_a-mallocr.o)
                0x20000678                __malloc_sbrk_start
 .bss.__malloc_free_list
                0x2000067c        0x4 c:/Users/HZW/.eide/tools/13.2 Rel1/bin/../lib/gcc/arm-none-eabi/13.2.1/thumb/v7e-m+fp/hard\libc_nano.a(libc_a-mallocr.o)
                0x2000067c                __malloc_free_list
 .bss.__sf      0x20000680      0x138 c:/Users/HZW/.eide/tools/13.2 Rel1/bin/../lib/gcc/arm-none-eabi/13.2.1/thumb/v7e-m+fp/hard\libc_nano.a(libc_a-findfp.o)
                0x20000680                __sf
 .bss.__stdio_exit_handler
                0x200007b8        0x4 c:/Users/HZW/.eide/tools/13.2 Rel1/bin/../lib/gcc/arm-none-eabi/13.2.1/thumb/v7e-m+fp/hard\libc_nano.a(libc_a-findfp.o)
                0x200007b8                __stdio_exit_handler
 .bss.errno     0x200007bc        0x4 c:/Users/HZW/.eide/tools/13.2 Rel1/bin/../lib/gcc/arm-none-eabi/13.2.1/thumb/v7e-m+fp/hard\libc_nano.a(libc_a-reent.o)
                0x200007bc                errno
 .bss.__lock___malloc_recursive_mutex
                0x200007c0        0x1 c:/Users/HZW/.eide/tools/13.2 Rel1/bin/../lib/gcc/arm-none-eabi/13.2.1/thumb/v7e-m+fp/hard\libc_nano.a(libc_a-lock.o)
                0x200007c0                __lock___malloc_recursive_mutex
 .bss.__lock___sfp_recursive_mutex
                0x200007c1        0x1 c:/Users/HZW/.eide/tools/13.2 Rel1/bin/../lib/gcc/arm-none-eabi/13.2.1/thumb/v7e-m+fp/hard\libc_nano.a(libc_a-lock.o)
                0x200007c1                __lock___sfp_recursive_mutex
 *fill*         0x200007c2        0x2 
 .bss.heap_end.0
                0x200007c4        0x4 c:/Users/HZW/.eide/tools/13.2 Rel1/bin/../lib/gcc/arm-none-eabi/13.2.1/thumb/v7e-m+fp/hard\libnosys.a(sbrk.o)
 *(COMMON)
                0x200007c8                        . = ALIGN (0x4)
                0x200007c8                        _ebss = .
                0x200007c8                        __bss_end__ = _ebss

._user_heap_stack
                0x200007c8      0x600
                0x200007c8                        . = ALIGN (0x8)
                0x200007c8                        PROVIDE (end = .)
                [!provide]                        PROVIDE (_end = .)
                0x200009c8                        . = (. + _Min_Heap_Size)
 *fill*         0x200007c8      0x200 
                0x20000dc8                        . = (. + _Min_Stack_Size)
 *fill*         0x200009c8      0x400 
                0x20000dc8                        . = ALIGN (0x8)

/DISCARD/
 libc.a(*)
 libm.a(*)
 libgcc.a(*)
OUTPUT(build/lifting.elf elf32-littlearm)
LOAD linker stubs
LOAD c:/Users/HZW/.eide/tools/13.2 Rel1/bin/../lib/gcc/arm-none-eabi/13.2.1/thumb/v7e-m+fp/hard\libc.a
LOAD c:/Users/HZW/.eide/tools/13.2 Rel1/bin/../lib/gcc/arm-none-eabi/13.2.1/thumb/v7e-m+fp/hard\libm.a
LOAD c:/Users/HZW/.eide/tools/13.2 Rel1/bin/../lib/gcc/arm-none-eabi/13.2.1/thumb/v7e-m+fp/hard\libgcc.a

.ARM.attributes
                0x00000000       0x30
 .ARM.attributes
                0x00000000       0x22 c:/Users/HZW/.eide/tools/13.2 Rel1/bin/../lib/gcc/arm-none-eabi/13.2.1/thumb/v7e-m+fp/hard/crti.o
 .ARM.attributes
                0x00000022       0x34 c:/Users/HZW/.eide/tools/13.2 Rel1/bin/../lib/gcc/arm-none-eabi/13.2.1/thumb/v7e-m+fp/hard/crtbegin.o
 .ARM.attributes
                0x00000056       0x34 build/main.o
 .ARM.attributes
                0x0000008a       0x34 build/gpio.o
 .ARM.attributes
                0x000000be       0x34 build/can.o
 .ARM.attributes
                0x000000f2       0x34 build/dma.o
 .ARM.attributes
                0x00000126       0x34 build/usart.o
 .ARM.attributes
                0x0000015a       0x34 build/tim.o
 .ARM.attributes
                0x0000018e       0x34 build/stm32f4xx_it.o
 .ARM.attributes
                0x000001c2       0x34 build/stm32f4xx_hal_msp.o
 .ARM.attributes
                0x000001f6       0x34 build/stm32f4xx_hal_timebase_tim.o
 .ARM.attributes
                0x0000022a       0x34 build/app.o
 .ARM.attributes
                0x0000025e       0x34 build/car.o
 .ARM.attributes
                0x00000292       0x34 build/MI_motor_dev.o
 .ARM.attributes
                0x000002c6       0x34 build/bsp.o
 .ARM.attributes
                0x000002fa       0x34 build/lift.o
 .ARM.attributes
                0x0000032e       0x34 build/stm32f4xx_hal_tim.o
 .ARM.attributes
                0x00000362       0x34 build/stm32f4xx_hal_tim_ex.o
 .ARM.attributes
                0x00000396       0x34 build/stm32f4xx_hal_can.o
 .ARM.attributes
                0x000003ca       0x34 build/stm32f4xx_hal_rcc.o
 .ARM.attributes
                0x000003fe       0x34 build/stm32f4xx_hal_gpio.o
 .ARM.attributes
                0x00000432       0x34 build/stm32f4xx_hal_dma.o
 .ARM.attributes
                0x00000466       0x34 build/stm32f4xx_hal_pwr_ex.o
 .ARM.attributes
                0x0000049a       0x34 build/stm32f4xx_hal_cortex.o
 .ARM.attributes
                0x000004ce       0x34 build/stm32f4xx_hal.o
 .ARM.attributes
                0x00000502       0x34 build/stm32f4xx_hal_uart.o
 .ARM.attributes
                0x00000536       0x34 build/system_stm32f4xx.o
 .ARM.attributes
                0x0000056a       0x21 build/startup_stm32f427xx.o
 .ARM.attributes
                0x0000058b       0x34 c:/Users/HZW/.eide/tools/13.2 Rel1/bin/../lib/gcc/arm-none-eabi/13.2.1/thumb/v7e-m+fp/hard\libc_nano.a(libc_a-malloc.o)
 .ARM.attributes
                0x000005bf       0x34 c:/Users/HZW/.eide/tools/13.2 Rel1/bin/../lib/gcc/arm-none-eabi/13.2.1/thumb/v7e-m+fp/hard\libc_nano.a(libc_a-mallocr.o)
 .ARM.attributes
                0x000005f3       0x34 c:/Users/HZW/.eide/tools/13.2 Rel1/bin/../lib/gcc/arm-none-eabi/13.2.1/thumb/v7e-m+fp/hard\libc_nano.a(libc_a-mlock.o)
 .ARM.attributes
                0x00000627       0x34 c:/Users/HZW/.eide/tools/13.2 Rel1/bin/../lib/gcc/arm-none-eabi/13.2.1/thumb/v7e-m+fp/hard\libc_nano.a(libc_a-findfp.o)
 .ARM.attributes
                0x0000065b       0x34 c:/Users/HZW/.eide/tools/13.2 Rel1/bin/../lib/gcc/arm-none-eabi/13.2.1/thumb/v7e-m+fp/hard\libc_nano.a(libc_a-fwalk.o)
 .ARM.attributes
                0x0000068f       0x34 c:/Users/HZW/.eide/tools/13.2 Rel1/bin/../lib/gcc/arm-none-eabi/13.2.1/thumb/v7e-m+fp/hard\libc_nano.a(libc_a-printf.o)
 .ARM.attributes
                0x000006c3       0x34 c:/Users/HZW/.eide/tools/13.2 Rel1/bin/../lib/gcc/arm-none-eabi/13.2.1/thumb/v7e-m+fp/hard\libc_nano.a(libc_a-puts.o)
 .ARM.attributes
                0x000006f7       0x34 c:/Users/HZW/.eide/tools/13.2 Rel1/bin/../lib/gcc/arm-none-eabi/13.2.1/thumb/v7e-m+fp/hard\libc_nano.a(libc_a-stdio.o)
 .ARM.attributes
                0x0000072b       0x34 c:/Users/HZW/.eide/tools/13.2 Rel1/bin/../lib/gcc/arm-none-eabi/13.2.1/thumb/v7e-m+fp/hard\libc_nano.a(libc_a-wbuf.o)
 .ARM.attributes
                0x0000075f       0x34 c:/Users/HZW/.eide/tools/13.2 Rel1/bin/../lib/gcc/arm-none-eabi/13.2.1/thumb/v7e-m+fp/hard\libc_nano.a(libc_a-wsetup.o)
 .ARM.attributes
                0x00000793       0x34 c:/Users/HZW/.eide/tools/13.2 Rel1/bin/../lib/gcc/arm-none-eabi/13.2.1/thumb/v7e-m+fp/hard\libc_nano.a(libc_a-memset.o)
 .ARM.attributes
                0x000007c7       0x34 c:/Users/HZW/.eide/tools/13.2 Rel1/bin/../lib/gcc/arm-none-eabi/13.2.1/thumb/v7e-m+fp/hard\libc_nano.a(libc_a-closer.o)
 .ARM.attributes
                0x000007fb       0x34 c:/Users/HZW/.eide/tools/13.2 Rel1/bin/../lib/gcc/arm-none-eabi/13.2.1/thumb/v7e-m+fp/hard\libc_nano.a(libc_a-reent.o)
 .ARM.attributes
                0x0000082f       0x34 c:/Users/HZW/.eide/tools/13.2 Rel1/bin/../lib/gcc/arm-none-eabi/13.2.1/thumb/v7e-m+fp/hard\libc_nano.a(libc_a-impure.o)
 .ARM.attributes
                0x00000863       0x34 c:/Users/HZW/.eide/tools/13.2 Rel1/bin/../lib/gcc/arm-none-eabi/13.2.1/thumb/v7e-m+fp/hard\libc_nano.a(libc_a-lseekr.o)
 .ARM.attributes
                0x00000897       0x34 c:/Users/HZW/.eide/tools/13.2 Rel1/bin/../lib/gcc/arm-none-eabi/13.2.1/thumb/v7e-m+fp/hard\libc_nano.a(libc_a-readr.o)
 .ARM.attributes
                0x000008cb       0x34 c:/Users/HZW/.eide/tools/13.2 Rel1/bin/../lib/gcc/arm-none-eabi/13.2.1/thumb/v7e-m+fp/hard\libc_nano.a(libc_a-sbrkr.o)
 .ARM.attributes
                0x000008ff       0x34 c:/Users/HZW/.eide/tools/13.2 Rel1/bin/../lib/gcc/arm-none-eabi/13.2.1/thumb/v7e-m+fp/hard\libc_nano.a(libc_a-writer.o)
 .ARM.attributes
                0x00000933       0x34 c:/Users/HZW/.eide/tools/13.2 Rel1/bin/../lib/gcc/arm-none-eabi/13.2.1/thumb/v7e-m+fp/hard\libc_nano.a(libc_a-init.o)
 .ARM.attributes
                0x00000967       0x34 c:/Users/HZW/.eide/tools/13.2 Rel1/bin/../lib/gcc/arm-none-eabi/13.2.1/thumb/v7e-m+fp/hard\libc_nano.a(libc_a-lock.o)
 .ARM.attributes
                0x0000099b       0x34 c:/Users/HZW/.eide/tools/13.2 Rel1/bin/../lib/gcc/arm-none-eabi/13.2.1/thumb/v7e-m+fp/hard\libc_nano.a(libc_a-freer.o)
 .ARM.attributes
                0x000009cf       0x34 c:/Users/HZW/.eide/tools/13.2 Rel1/bin/../lib/gcc/arm-none-eabi/13.2.1/thumb/v7e-m+fp/hard\libc_nano.a(libc_a-nano-vfprintf.o)
 .ARM.attributes
                0x00000a03       0x34 c:/Users/HZW/.eide/tools/13.2 Rel1/bin/../lib/gcc/arm-none-eabi/13.2.1/thumb/v7e-m+fp/hard\libc_nano.a(libc_a-nano-vfprintf_i.o)
 .ARM.attributes
                0x00000a37       0x34 c:/Users/HZW/.eide/tools/13.2 Rel1/bin/../lib/gcc/arm-none-eabi/13.2.1/thumb/v7e-m+fp/hard\libc_nano.a(libc_a-fflush.o)
 .ARM.attributes
                0x00000a6b       0x34 c:/Users/HZW/.eide/tools/13.2 Rel1/bin/../lib/gcc/arm-none-eabi/13.2.1/thumb/v7e-m+fp/hard\libc_nano.a(libc_a-makebuf.o)
 .ARM.attributes
                0x00000a9f       0x34 c:/Users/HZW/.eide/tools/13.2 Rel1/bin/../lib/gcc/arm-none-eabi/13.2.1/thumb/v7e-m+fp/hard\libc_nano.a(libc_a-fstatr.o)
 .ARM.attributes
                0x00000ad3       0x34 c:/Users/HZW/.eide/tools/13.2 Rel1/bin/../lib/gcc/arm-none-eabi/13.2.1/thumb/v7e-m+fp/hard\libc_nano.a(libc_a-isattyr.o)
 .ARM.attributes
                0x00000b07       0x1c c:/Users/HZW/.eide/tools/13.2 Rel1/bin/../lib/gcc/arm-none-eabi/13.2.1/thumb/v7e-m+fp/hard\libc_nano.a(libc_a-memchr.o)
 .ARM.attributes
                0x00000b23       0x34 c:/Users/HZW/.eide/tools/13.2 Rel1/bin/../lib/gcc/arm-none-eabi/13.2.1/thumb/v7e-m+fp/hard\libm.a(libm_a-sf_fmax.o)
 .ARM.attributes
                0x00000b57       0x34 c:/Users/HZW/.eide/tools/13.2 Rel1/bin/../lib/gcc/arm-none-eabi/13.2.1/thumb/v7e-m+fp/hard\libm.a(libm_a-sf_fmin.o)
 .ARM.attributes
                0x00000b8b       0x34 c:/Users/HZW/.eide/tools/13.2 Rel1/bin/../lib/gcc/arm-none-eabi/13.2.1/thumb/v7e-m+fp/hard\libm.a(libm_a-sf_fpclassify.o)
 .ARM.attributes
                0x00000bbf       0x34 c:/Users/HZW/.eide/tools/13.2 Rel1/bin/../lib/gcc/arm-none-eabi/13.2.1/thumb/v7e-m+fp/hard\libnosys.a(close.o)
 .ARM.attributes
                0x00000bf3       0x34 c:/Users/HZW/.eide/tools/13.2 Rel1/bin/../lib/gcc/arm-none-eabi/13.2.1/thumb/v7e-m+fp/hard\libnosys.a(fstat.o)
 .ARM.attributes
                0x00000c27       0x34 c:/Users/HZW/.eide/tools/13.2 Rel1/bin/../lib/gcc/arm-none-eabi/13.2.1/thumb/v7e-m+fp/hard\libnosys.a(isatty.o)
 .ARM.attributes
                0x00000c5b       0x34 c:/Users/HZW/.eide/tools/13.2 Rel1/bin/../lib/gcc/arm-none-eabi/13.2.1/thumb/v7e-m+fp/hard\libnosys.a(lseek.o)
 .ARM.attributes
                0x00000c8f       0x34 c:/Users/HZW/.eide/tools/13.2 Rel1/bin/../lib/gcc/arm-none-eabi/13.2.1/thumb/v7e-m+fp/hard\libnosys.a(read.o)
 .ARM.attributes
                0x00000cc3       0x34 c:/Users/HZW/.eide/tools/13.2 Rel1/bin/../lib/gcc/arm-none-eabi/13.2.1/thumb/v7e-m+fp/hard\libnosys.a(sbrk.o)
 .ARM.attributes
                0x00000cf7       0x22 c:/Users/HZW/.eide/tools/13.2 Rel1/bin/../lib/gcc/arm-none-eabi/13.2.1/thumb/v7e-m+fp/hard\libgcc.a(_arm_addsubdf3.o)
 .ARM.attributes
                0x00000d19       0x22 c:/Users/HZW/.eide/tools/13.2 Rel1/bin/../lib/gcc/arm-none-eabi/13.2.1/thumb/v7e-m+fp/hard\libgcc.a(_arm_muldivdf3.o)
 .ARM.attributes
                0x00000d3b       0x22 c:/Users/HZW/.eide/tools/13.2 Rel1/bin/../lib/gcc/arm-none-eabi/13.2.1/thumb/v7e-m+fp/hard\libgcc.a(_arm_truncdfsf2.o)
 .ARM.attributes
                0x00000d5d       0x22 c:/Users/HZW/.eide/tools/13.2 Rel1/bin/../lib/gcc/arm-none-eabi/13.2.1/thumb/v7e-m+fp/hard\libgcc.a(_aeabi_uldivmod.o)
 .ARM.attributes
                0x00000d7f       0x34 c:/Users/HZW/.eide/tools/13.2 Rel1/bin/../lib/gcc/arm-none-eabi/13.2.1/thumb/v7e-m+fp/hard\libgcc.a(_udivmoddi4.o)
 .ARM.attributes
                0x00000db3       0x22 c:/Users/HZW/.eide/tools/13.2 Rel1/bin/../lib/gcc/arm-none-eabi/13.2.1/thumb/v7e-m+fp/hard\libgcc.a(_dvmd_tls.o)
 .ARM.attributes
                0x00000dd5       0x34 c:/Users/HZW/.eide/tools/13.2 Rel1/bin/../lib/gcc/arm-none-eabi/13.2.1/thumb/v7e-m+fp/hard/crtend.o
 .ARM.attributes
                0x00000e09       0x22 c:/Users/HZW/.eide/tools/13.2 Rel1/bin/../lib/gcc/arm-none-eabi/13.2.1/thumb/v7e-m+fp/hard/crtn.o

.comment        0x00000000       0x44
 .comment       0x00000000       0x44 build/main.o
                                 0x45 (size before relaxing)
 .comment       0x00000044       0x45 build/gpio.o
 .comment       0x00000044       0x45 build/can.o
 .comment       0x00000044       0x45 build/dma.o
 .comment       0x00000044       0x45 build/usart.o
 .comment       0x00000044       0x45 build/tim.o
 .comment       0x00000044       0x45 build/stm32f4xx_it.o
 .comment       0x00000044       0x45 build/stm32f4xx_hal_msp.o
 .comment       0x00000044       0x45 build/stm32f4xx_hal_timebase_tim.o
 .comment       0x00000044       0x45 build/app.o
 .comment       0x00000044       0x45 build/car.o
 .comment       0x00000044       0x45 build/MI_motor_dev.o
 .comment       0x00000044       0x45 build/bsp.o
 .comment       0x00000044       0x45 build/lift.o
 .comment       0x00000044       0x45 build/stm32f4xx_hal_tim.o
 .comment       0x00000044       0x45 build/stm32f4xx_hal_tim_ex.o
 .comment       0x00000044       0x45 build/stm32f4xx_hal_can.o
 .comment       0x00000044       0x45 build/stm32f4xx_hal_rcc.o
 .comment       0x00000044       0x45 build/stm32f4xx_hal_gpio.o
 .comment       0x00000044       0x45 build/stm32f4xx_hal_dma.o
 .comment       0x00000044       0x45 build/stm32f4xx_hal_pwr_ex.o
 .comment       0x00000044       0x45 build/stm32f4xx_hal_cortex.o
 .comment       0x00000044       0x45 build/stm32f4xx_hal.o
 .comment       0x00000044       0x45 build/stm32f4xx_hal_uart.o
 .comment       0x00000044       0x45 build/system_stm32f4xx.o

.debug_info     0x00000000    0x1df46
 .debug_info    0x00000000     0x1aeb build/main.o
 .debug_info    0x00001aeb      0x651 build/gpio.o
 .debug_info    0x0000213c      0xfe5 build/can.o
 .debug_info    0x00003121      0x5c8 build/dma.o
 .debug_info    0x000036e9     0x1407 build/usart.o
 .debug_info    0x00004af0      0xfb2 build/tim.o
 .debug_info    0x00005aa2     0x102b build/stm32f4xx_it.o
 .debug_info    0x00006acd      0x322 build/stm32f4xx_hal_msp.o
 .debug_info    0x00006def      0xe30 build/stm32f4xx_hal_timebase_tim.o
 .debug_info    0x00007c1f       0xe7 build/app.o
 .debug_info    0x00007d06     0x2049 build/car.o
 .debug_info    0x00009d4f     0x19ee build/MI_motor_dev.o
 .debug_info    0x0000b73d     0x1b15 build/bsp.o
 .debug_info    0x0000d252      0xa30 build/lift.o
 .debug_info    0x0000dc82     0x41a0 build/stm32f4xx_hal_tim.o
 .debug_info    0x00011e22     0x1da5 build/stm32f4xx_hal_tim_ex.o
 .debug_info    0x00013bc7     0x13db build/stm32f4xx_hal_can.o
 .debug_info    0x00014fa2      0xc2c build/stm32f4xx_hal_rcc.o
 .debug_info    0x00015bce      0x86a build/stm32f4xx_hal_gpio.o
 .debug_info    0x00016438      0xbce build/stm32f4xx_hal_dma.o
 .debug_info    0x00017006      0x85b build/stm32f4xx_hal_pwr_ex.o
 .debug_info    0x00017861     0x11cf build/stm32f4xx_hal_cortex.o
 .debug_info    0x00018a30      0xb74 build/stm32f4xx_hal.o
 .debug_info    0x000195a4     0x439d build/stm32f4xx_hal_uart.o
 .debug_info    0x0001d941      0x5d5 build/system_stm32f4xx.o
 .debug_info    0x0001df16       0x30 build/startup_stm32f427xx.o

.debug_abbrev   0x00000000     0x3b7c
 .debug_abbrev  0x00000000      0x313 build/main.o
 .debug_abbrev  0x00000313      0x160 build/gpio.o
 .debug_abbrev  0x00000473      0x246 build/can.o
 .debug_abbrev  0x000006b9      0x12f build/dma.o
 .debug_abbrev  0x000007e8      0x2c9 build/usart.o
 .debug_abbrev  0x00000ab1      0x26c build/tim.o
 .debug_abbrev  0x00000d1d      0x1c0 build/stm32f4xx_it.o
 .debug_abbrev  0x00000edd       0xd3 build/stm32f4xx_hal_msp.o
 .debug_abbrev  0x00000fb0      0x22d build/stm32f4xx_hal_timebase_tim.o
 .debug_abbrev  0x000011dd       0x64 build/app.o
 .debug_abbrev  0x00001241      0x387 build/car.o
 .debug_abbrev  0x000015c8      0x3db build/MI_motor_dev.o
 .debug_abbrev  0x000019a3      0x2cc build/bsp.o
 .debug_abbrev  0x00001c6f      0x263 build/lift.o
 .debug_abbrev  0x00001ed2      0x2bd build/stm32f4xx_hal_tim.o
 .debug_abbrev  0x0000218f      0x2b7 build/stm32f4xx_hal_tim_ex.o
 .debug_abbrev  0x00002446      0x291 build/stm32f4xx_hal_can.o
 .debug_abbrev  0x000026d7      0x2de build/stm32f4xx_hal_rcc.o
 .debug_abbrev  0x000029b5      0x22b build/stm32f4xx_hal_gpio.o
 .debug_abbrev  0x00002be0      0x2fe build/stm32f4xx_hal_dma.o
 .debug_abbrev  0x00002ede      0x1e0 build/stm32f4xx_hal_pwr_ex.o
 .debug_abbrev  0x000030be      0x3d3 build/stm32f4xx_hal_cortex.o
 .debug_abbrev  0x00003491      0x244 build/stm32f4xx_hal.o
 .debug_abbrev  0x000036d5      0x36f build/stm32f4xx_hal_uart.o
 .debug_abbrev  0x00003a44      0x11b build/system_stm32f4xx.o
 .debug_abbrev  0x00003b5f       0x1d build/startup_stm32f427xx.o

.debug_loc      0x00000000    0x141a8
 .debug_loc     0x00000000      0x1ed build/main.o
 .debug_loc     0x000001ed       0x39 build/gpio.o
 .debug_loc     0x00000226      0x19c build/can.o
 .debug_loc     0x000003c2       0x38 build/dma.o
 .debug_loc     0x000003fa      0x401 build/usart.o
 .debug_loc     0x000007fb      0x1bd build/tim.o
 .debug_loc     0x000009b8       0xa0 build/stm32f4xx_it.o
 .debug_loc     0x00000a58       0x2c build/stm32f4xx_hal_msp.o
 .debug_loc     0x00000a84      0x15d build/stm32f4xx_hal_timebase_tim.o
 .debug_loc     0x00000be1       0x20 build/app.o
 .debug_loc     0x00000c01      0x923 build/car.o
 .debug_loc     0x00001524     0x102f build/MI_motor_dev.o
 .debug_loc     0x00002553      0xb63 build/bsp.o
 .debug_loc     0x000030b6       0xd0 build/lift.o
 .debug_loc     0x00003186     0x6097 build/stm32f4xx_hal_tim.o
 .debug_loc     0x0000921d     0x22d2 build/stm32f4xx_hal_tim_ex.o
 .debug_loc     0x0000b4ef     0x111e build/stm32f4xx_hal_can.o
 .debug_loc     0x0000c60d      0x720 build/stm32f4xx_hal_rcc.o
 .debug_loc     0x0000cd2d      0x60b build/stm32f4xx_hal_gpio.o
 .debug_loc     0x0000d338      0xe9a build/stm32f4xx_hal_dma.o
 .debug_loc     0x0000e1d2      0x35c build/stm32f4xx_hal_pwr_ex.o
 .debug_loc     0x0000e52e      0x8ff build/stm32f4xx_hal_cortex.o
 .debug_loc     0x0000ee2d      0x1f9 build/stm32f4xx_hal.o
 .debug_loc     0x0000f026     0x5001 build/stm32f4xx_hal_uart.o
 .debug_loc     0x00014027      0x181 build/system_stm32f4xx.o

.debug_aranges  0x00000000     0x1158
 .debug_aranges
                0x00000000       0x48 build/main.o
 .debug_aranges
                0x00000048       0x20 build/gpio.o
 .debug_aranges
                0x00000068       0x40 build/can.o
 .debug_aranges
                0x000000a8       0x20 build/dma.o
 .debug_aranges
                0x000000c8       0x68 build/usart.o
 .debug_aranges
                0x00000130       0x50 build/tim.o
 .debug_aranges
                0x00000180       0x88 build/stm32f4xx_it.o
 .debug_aranges
                0x00000208       0x20 build/stm32f4xx_hal_msp.o
 .debug_aranges
                0x00000228       0x30 build/stm32f4xx_hal_timebase_tim.o
 .debug_aranges
                0x00000258       0x20 build/app.o
 .debug_aranges
                0x00000278       0x70 build/car.o
 .debug_aranges
                0x000002e8       0xd0 build/MI_motor_dev.o
 .debug_aranges
                0x000003b8       0xe8 build/bsp.o
 .debug_aranges
                0x000004a0       0x38 build/lift.o
 .debug_aranges
                0x000004d8      0x3d0 build/stm32f4xx_hal_tim.o
 .debug_aranges
                0x000008a8      0x168 build/stm32f4xx_hal_tim_ex.o
 .debug_aranges
                0x00000a10      0x138 build/stm32f4xx_hal_can.o
 .debug_aranges
                0x00000b48       0x88 build/stm32f4xx_hal_rcc.o
 .debug_aranges
                0x00000bd0       0x58 build/stm32f4xx_hal_gpio.o
 .debug_aranges
                0x00000c28       0x90 build/stm32f4xx_hal_dma.o
 .debug_aranges
                0x00000cb8       0x60 build/stm32f4xx_hal_pwr_ex.o
 .debug_aranges
                0x00000d18       0xe8 build/stm32f4xx_hal_cortex.o
 .debug_aranges
                0x00000e00      0x100 build/stm32f4xx_hal.o
 .debug_aranges
                0x00000f00      0x208 build/stm32f4xx_hal_uart.o
 .debug_aranges
                0x00001108       0x28 build/system_stm32f4xx.o
 .debug_aranges
                0x00001130       0x28 build/startup_stm32f427xx.o

.debug_ranges   0x00000000     0x1008
 .debug_ranges  0x00000000       0x38 build/main.o
 .debug_ranges  0x00000038       0x10 build/gpio.o
 .debug_ranges  0x00000048       0x30 build/can.o
 .debug_ranges  0x00000078       0x10 build/dma.o
 .debug_ranges  0x00000088       0x58 build/usart.o
 .debug_ranges  0x000000e0       0x40 build/tim.o
 .debug_ranges  0x00000120       0x78 build/stm32f4xx_it.o
 .debug_ranges  0x00000198       0x10 build/stm32f4xx_hal_msp.o
 .debug_ranges  0x000001a8       0x20 build/stm32f4xx_hal_timebase_tim.o
 .debug_ranges  0x000001c8       0x10 build/app.o
 .debug_ranges  0x000001d8       0x60 build/car.o
 .debug_ranges  0x00000238       0xc0 build/MI_motor_dev.o
 .debug_ranges  0x000002f8       0xd8 build/bsp.o
 .debug_ranges  0x000003d0       0x28 build/lift.o
 .debug_ranges  0x000003f8      0x3c0 build/stm32f4xx_hal_tim.o
 .debug_ranges  0x000007b8      0x158 build/stm32f4xx_hal_tim_ex.o
 .debug_ranges  0x00000910      0x140 build/stm32f4xx_hal_can.o
 .debug_ranges  0x00000a50       0x90 build/stm32f4xx_hal_rcc.o
 .debug_ranges  0x00000ae0       0x48 build/stm32f4xx_hal_gpio.o
 .debug_ranges  0x00000b28       0x80 build/stm32f4xx_hal_dma.o
 .debug_ranges  0x00000ba8       0x50 build/stm32f4xx_hal_pwr_ex.o
 .debug_ranges  0x00000bf8       0xd8 build/stm32f4xx_hal_cortex.o
 .debug_ranges  0x00000cd0       0xf0 build/stm32f4xx_hal.o
 .debug_ranges  0x00000dc0      0x210 build/stm32f4xx_hal_uart.o
 .debug_ranges  0x00000fd0       0x18 build/system_stm32f4xx.o
 .debug_ranges  0x00000fe8       0x20 build/startup_stm32f427xx.o

.debug_line     0x00000000    0x11f84
 .debug_line    0x00000000      0x725 build/main.o
 .debug_line    0x00000725      0x1f9 build/gpio.o
 .debug_line    0x0000091e      0x3bf build/can.o
 .debug_line    0x00000cdd      0x163 build/dma.o
 .debug_line    0x00000e40      0x749 build/usart.o
 .debug_line    0x00001589      0x3bb build/tim.o
 .debug_line    0x00001944      0x2fe build/stm32f4xx_it.o
 .debug_line    0x00001c42      0x13a build/stm32f4xx_hal_msp.o
 .debug_line    0x00001d7c      0x2d2 build/stm32f4xx_hal_timebase_tim.o
 .debug_line    0x0000204e       0x5a build/app.o
 .debug_line    0x000020a8      0xb67 build/car.o
 .debug_line    0x00002c0f      0xbff build/MI_motor_dev.o
 .debug_line    0x0000380e      0x781 build/bsp.o
 .debug_line    0x00003f8f      0x2d1 build/lift.o
 .debug_line    0x00004260     0x4752 build/stm32f4xx_hal_tim.o
 .debug_line    0x000089b2     0x1a9b build/stm32f4xx_hal_tim_ex.o
 .debug_line    0x0000a44d     0x112f build/stm32f4xx_hal_can.o
 .debug_line    0x0000b57c      0xb68 build/stm32f4xx_hal_rcc.o
 .debug_line    0x0000c0e4      0x701 build/stm32f4xx_hal_gpio.o
 .debug_line    0x0000c7e5      0xe17 build/stm32f4xx_hal_dma.o
 .debug_line    0x0000d5fc      0x4cc build/stm32f4xx_hal_pwr_ex.o
 .debug_line    0x0000dac8      0x7f3 build/stm32f4xx_hal_cortex.o
 .debug_line    0x0000e2bb      0x583 build/stm32f4xx_hal.o
 .debug_line    0x0000e83e     0x34a1 build/stm32f4xx_hal_uart.o
 .debug_line    0x00011cdf      0x232 build/system_stm32f4xx.o
 .debug_line    0x00011f11       0x73 build/startup_stm32f427xx.o

.debug_str      0x00000000     0x5337
 .debug_str     0x00000000     0x5337 build/main.o
                               0x110b (size before relaxing)
 .debug_str     0x00005337      0x37c build/gpio.o
 .debug_str     0x00005337      0xd21 build/can.o
 .debug_str     0x00005337      0x81c build/dma.o
 .debug_str     0x00005337      0xe92 build/usart.o
 .debug_str     0x00005337      0xaf2 build/tim.o
 .debug_str     0x00005337      0xc99 build/stm32f4xx_it.o
 .debug_str     0x00005337      0x2bd build/stm32f4xx_hal_msp.o
 .debug_str     0x00005337      0xea9 build/stm32f4xx_hal_timebase_tim.o
 .debug_str     0x00005337      0x1a6 build/app.o
 .debug_str     0x00005337     0x14db build/car.o
 .debug_str     0x00005337      0xa7f build/MI_motor_dev.o
 .debug_str     0x00005337     0x1388 build/bsp.o
 .debug_str     0x00005337      0x744 build/lift.o
 .debug_str     0x00005337     0x16dc build/stm32f4xx_hal_tim.o
 .debug_str     0x00005337      0xee8 build/stm32f4xx_hal_tim_ex.o
 .debug_str     0x00005337      0xa12 build/stm32f4xx_hal_can.o
 .debug_str     0x00005337      0x6f6 build/stm32f4xx_hal_rcc.o
 .debug_str     0x00005337      0x4d0 build/stm32f4xx_hal_gpio.o
 .debug_str     0x00005337      0x753 build/stm32f4xx_hal_dma.o
 .debug_str     0x00005337      0x4bb build/stm32f4xx_hal_pwr_ex.o
 .debug_str     0x00005337      0xc6d build/stm32f4xx_hal_cortex.o
 .debug_str     0x00005337      0xbdc build/stm32f4xx_hal.o
 .debug_str     0x00005337      0xd78 build/stm32f4xx_hal_uart.o
 .debug_str     0x00005337      0x365 build/system_stm32f4xx.o
 .debug_str     0x00005337       0x5f build/startup_stm32f427xx.o

.debug_frame    0x00000000     0x38e4
 .debug_frame   0x00000000       0xac build/main.o
 .debug_frame   0x000000ac       0x38 build/gpio.o
 .debug_frame   0x000000e4       0x9c build/can.o
 .debug_frame   0x00000180       0x2c build/dma.o
 .debug_frame   0x000001ac      0x114 build/usart.o
 .debug_frame   0x000002c0       0xb8 build/tim.o
 .debug_frame   0x00000378      0x118 build/stm32f4xx_it.o
 .debug_frame   0x00000490       0x28 build/stm32f4xx_hal_msp.o
 .debug_frame   0x000004b8       0x54 build/stm32f4xx_hal_timebase_tim.o
 .debug_frame   0x0000050c       0x28 build/app.o
 .debug_frame   0x00000534      0x208 build/car.o
 .debug_frame   0x0000073c      0x280 build/MI_motor_dev.o
 .debug_frame   0x000009bc      0x2f4 build/bsp.o
 .debug_frame   0x00000cb0       0x68 build/lift.o
 .debug_frame   0x00000d18      0xb10 build/stm32f4xx_hal_tim.o
 .debug_frame   0x00001828      0x418 build/stm32f4xx_hal_tim_ex.o
 .debug_frame   0x00001c40      0x2d8 build/stm32f4xx_hal_can.o
 .debug_frame   0x00001f18      0x16c build/stm32f4xx_hal_rcc.o
 .debug_frame   0x00002084       0xd8 build/stm32f4xx_hal_gpio.o
 .debug_frame   0x0000215c      0x188 build/stm32f4xx_hal_dma.o
 .debug_frame   0x000022e4       0xec build/stm32f4xx_hal_pwr_ex.o
 .debug_frame   0x000023d0      0x1f4 build/stm32f4xx_hal_cortex.o
 .debug_frame   0x000025c4      0x20c build/stm32f4xx_hal.o
 .debug_frame   0x000027d0      0x5dc build/stm32f4xx_hal_uart.o
 .debug_frame   0x00002dac       0x30 build/system_stm32f4xx.o
 .debug_frame   0x00002ddc       0x30 c:/Users/HZW/.eide/tools/13.2 Rel1/bin/../lib/gcc/arm-none-eabi/13.2.1/thumb/v7e-m+fp/hard\libc_nano.a(libc_a-malloc.o)
 .debug_frame   0x00002e0c       0x50 c:/Users/HZW/.eide/tools/13.2 Rel1/bin/../lib/gcc/arm-none-eabi/13.2.1/thumb/v7e-m+fp/hard\libc_nano.a(libc_a-mallocr.o)
 .debug_frame   0x00002e5c       0x30 c:/Users/HZW/.eide/tools/13.2 Rel1/bin/../lib/gcc/arm-none-eabi/13.2.1/thumb/v7e-m+fp/hard\libc_nano.a(libc_a-mlock.o)
 .debug_frame   0x00002e8c      0x144 c:/Users/HZW/.eide/tools/13.2 Rel1/bin/../lib/gcc/arm-none-eabi/13.2.1/thumb/v7e-m+fp/hard\libc_nano.a(libc_a-findfp.o)
 .debug_frame   0x00002fd0       0x34 c:/Users/HZW/.eide/tools/13.2 Rel1/bin/../lib/gcc/arm-none-eabi/13.2.1/thumb/v7e-m+fp/hard\libc_nano.a(libc_a-fwalk.o)
 .debug_frame   0x00003004       0x6c c:/Users/HZW/.eide/tools/13.2 Rel1/bin/../lib/gcc/arm-none-eabi/13.2.1/thumb/v7e-m+fp/hard\libc_nano.a(libc_a-printf.o)
 .debug_frame   0x00003070       0x3c c:/Users/HZW/.eide/tools/13.2 Rel1/bin/../lib/gcc/arm-none-eabi/13.2.1/thumb/v7e-m+fp/hard\libc_nano.a(libc_a-puts.o)
 .debug_frame   0x000030ac       0x88 c:/Users/HZW/.eide/tools/13.2 Rel1/bin/../lib/gcc/arm-none-eabi/13.2.1/thumb/v7e-m+fp/hard\libc_nano.a(libc_a-stdio.o)
 .debug_frame   0x00003134       0x40 c:/Users/HZW/.eide/tools/13.2 Rel1/bin/../lib/gcc/arm-none-eabi/13.2.1/thumb/v7e-m+fp/hard\libc_nano.a(libc_a-wbuf.o)
 .debug_frame   0x00003174       0x2c c:/Users/HZW/.eide/tools/13.2 Rel1/bin/../lib/gcc/arm-none-eabi/13.2.1/thumb/v7e-m+fp/hard\libc_nano.a(libc_a-wsetup.o)
 .debug_frame   0x000031a0       0x20 c:/Users/HZW/.eide/tools/13.2 Rel1/bin/../lib/gcc/arm-none-eabi/13.2.1/thumb/v7e-m+fp/hard\libc_nano.a(libc_a-memset.o)
 .debug_frame   0x000031c0       0x2c c:/Users/HZW/.eide/tools/13.2 Rel1/bin/../lib/gcc/arm-none-eabi/13.2.1/thumb/v7e-m+fp/hard\libc_nano.a(libc_a-closer.o)
 .debug_frame   0x000031ec       0x38 c:/Users/HZW/.eide/tools/13.2 Rel1/bin/../lib/gcc/arm-none-eabi/13.2.1/thumb/v7e-m+fp/hard\libc_nano.a(libc_a-reent.o)
 .debug_frame   0x00003224       0x2c c:/Users/HZW/.eide/tools/13.2 Rel1/bin/../lib/gcc/arm-none-eabi/13.2.1/thumb/v7e-m+fp/hard\libc_nano.a(libc_a-lseekr.o)
 .debug_frame   0x00003250       0x2c c:/Users/HZW/.eide/tools/13.2 Rel1/bin/../lib/gcc/arm-none-eabi/13.2.1/thumb/v7e-m+fp/hard\libc_nano.a(libc_a-readr.o)
 .debug_frame   0x0000327c       0x2c c:/Users/HZW/.eide/tools/13.2 Rel1/bin/../lib/gcc/arm-none-eabi/13.2.1/thumb/v7e-m+fp/hard\libc_nano.a(libc_a-sbrkr.o)
 .debug_frame   0x000032a8       0x2c c:/Users/HZW/.eide/tools/13.2 Rel1/bin/../lib/gcc/arm-none-eabi/13.2.1/thumb/v7e-m+fp/hard\libc_nano.a(libc_a-writer.o)
 .debug_frame   0x000032d4       0x2c c:/Users/HZW/.eide/tools/13.2 Rel1/bin/../lib/gcc/arm-none-eabi/13.2.1/thumb/v7e-m+fp/hard\libc_nano.a(libc_a-init.o)
 .debug_frame   0x00003300       0xb0 c:/Users/HZW/.eide/tools/13.2 Rel1/bin/../lib/gcc/arm-none-eabi/13.2.1/thumb/v7e-m+fp/hard\libc_nano.a(libc_a-lock.o)
 .debug_frame   0x000033b0       0x38 c:/Users/HZW/.eide/tools/13.2 Rel1/bin/../lib/gcc/arm-none-eabi/13.2.1/thumb/v7e-m+fp/hard\libc_nano.a(libc_a-freer.o)
 .debug_frame   0x000033e8       0xa8 c:/Users/HZW/.eide/tools/13.2 Rel1/bin/../lib/gcc/arm-none-eabi/13.2.1/thumb/v7e-m+fp/hard\libc_nano.a(libc_a-nano-vfprintf.o)
 .debug_frame   0x00003490       0x60 c:/Users/HZW/.eide/tools/13.2 Rel1/bin/../lib/gcc/arm-none-eabi/13.2.1/thumb/v7e-m+fp/hard\libc_nano.a(libc_a-nano-vfprintf_i.o)
 .debug_frame   0x000034f0       0x5c c:/Users/HZW/.eide/tools/13.2 Rel1/bin/../lib/gcc/arm-none-eabi/13.2.1/thumb/v7e-m+fp/hard\libc_nano.a(libc_a-fflush.o)
 .debug_frame   0x0000354c       0x58 c:/Users/HZW/.eide/tools/13.2 Rel1/bin/../lib/gcc/arm-none-eabi/13.2.1/thumb/v7e-m+fp/hard\libc_nano.a(libc_a-makebuf.o)
 .debug_frame   0x000035a4       0x2c c:/Users/HZW/.eide/tools/13.2 Rel1/bin/../lib/gcc/arm-none-eabi/13.2.1/thumb/v7e-m+fp/hard\libc_nano.a(libc_a-fstatr.o)
 .debug_frame   0x000035d0       0x2c c:/Users/HZW/.eide/tools/13.2 Rel1/bin/../lib/gcc/arm-none-eabi/13.2.1/thumb/v7e-m+fp/hard\libc_nano.a(libc_a-isattyr.o)
 .debug_frame   0x000035fc       0x44 c:/Users/HZW/.eide/tools/13.2 Rel1/bin/../lib/gcc/arm-none-eabi/13.2.1/thumb/v7e-m+fp/hard\libm.a(libm_a-sf_fmax.o)
 .debug_frame   0x00003640       0x44 c:/Users/HZW/.eide/tools/13.2 Rel1/bin/../lib/gcc/arm-none-eabi/13.2.1/thumb/v7e-m+fp/hard\libm.a(libm_a-sf_fmin.o)
 .debug_frame   0x00003684       0x20 c:/Users/HZW/.eide/tools/13.2 Rel1/bin/../lib/gcc/arm-none-eabi/13.2.1/thumb/v7e-m+fp/hard\libm.a(libm_a-sf_fpclassify.o)
 .debug_frame   0x000036a4       0x20 c:/Users/HZW/.eide/tools/13.2 Rel1/bin/../lib/gcc/arm-none-eabi/13.2.1/thumb/v7e-m+fp/hard\libnosys.a(close.o)
 .debug_frame   0x000036c4       0x20 c:/Users/HZW/.eide/tools/13.2 Rel1/bin/../lib/gcc/arm-none-eabi/13.2.1/thumb/v7e-m+fp/hard\libnosys.a(fstat.o)
 .debug_frame   0x000036e4       0x20 c:/Users/HZW/.eide/tools/13.2 Rel1/bin/../lib/gcc/arm-none-eabi/13.2.1/thumb/v7e-m+fp/hard\libnosys.a(isatty.o)
 .debug_frame   0x00003704       0x20 c:/Users/HZW/.eide/tools/13.2 Rel1/bin/../lib/gcc/arm-none-eabi/13.2.1/thumb/v7e-m+fp/hard\libnosys.a(lseek.o)
 .debug_frame   0x00003724       0x20 c:/Users/HZW/.eide/tools/13.2 Rel1/bin/../lib/gcc/arm-none-eabi/13.2.1/thumb/v7e-m+fp/hard\libnosys.a(read.o)
 .debug_frame   0x00003744       0x20 c:/Users/HZW/.eide/tools/13.2 Rel1/bin/../lib/gcc/arm-none-eabi/13.2.1/thumb/v7e-m+fp/hard\libnosys.a(sbrk.o)
 .debug_frame   0x00003764       0xac c:/Users/HZW/.eide/tools/13.2 Rel1/bin/../lib/gcc/arm-none-eabi/13.2.1/thumb/v7e-m+fp/hard\libgcc.a(_arm_addsubdf3.o)
 .debug_frame   0x00003810       0x50 c:/Users/HZW/.eide/tools/13.2 Rel1/bin/../lib/gcc/arm-none-eabi/13.2.1/thumb/v7e-m+fp/hard\libgcc.a(_arm_muldivdf3.o)
 .debug_frame   0x00003860       0x24 c:/Users/HZW/.eide/tools/13.2 Rel1/bin/../lib/gcc/arm-none-eabi/13.2.1/thumb/v7e-m+fp/hard\libgcc.a(_arm_truncdfsf2.o)
 .debug_frame   0x00003884       0x2c c:/Users/HZW/.eide/tools/13.2 Rel1/bin/../lib/gcc/arm-none-eabi/13.2.1/thumb/v7e-m+fp/hard\libgcc.a(_aeabi_uldivmod.o)
 .debug_frame   0x000038b0       0x34 c:/Users/HZW/.eide/tools/13.2 Rel1/bin/../lib/gcc/arm-none-eabi/13.2.1/thumb/v7e-m+fp/hard\libgcc.a(_udivmoddi4.o)

.debug_line_str
                0x00000000      0x1c3
 .debug_line_str
                0x00000000      0x1c3 c:/Users/HZW/.eide/tools/13.2 Rel1/bin/../lib/gcc/arm-none-eabi/13.2.1/thumb/v7e-m+fp/hard\libc_nano.a(libc_a-memchr.o)
                                 0xe1 (size before relaxing)
 .debug_line_str
                0x000001c3       0xce c:/Users/HZW/.eide/tools/13.2 Rel1/bin/../lib/gcc/arm-none-eabi/13.2.1/thumb/v7e-m+fp/hard\libgcc.a(_arm_addsubdf3.o)
 .debug_line_str
                0x000001c3       0xce c:/Users/HZW/.eide/tools/13.2 Rel1/bin/../lib/gcc/arm-none-eabi/13.2.1/thumb/v7e-m+fp/hard\libgcc.a(_arm_muldivdf3.o)
 .debug_line_str
                0x000001c3       0xce c:/Users/HZW/.eide/tools/13.2 Rel1/bin/../lib/gcc/arm-none-eabi/13.2.1/thumb/v7e-m+fp/hard\libgcc.a(_arm_truncdfsf2.o)
 .debug_line_str
                0x000001c3       0xc9 c:/Users/HZW/.eide/tools/13.2 Rel1/bin/../lib/gcc/arm-none-eabi/13.2.1/thumb/v7e-m+fp/hard\libgcc.a(_aeabi_uldivmod.o)
 .debug_line_str
                0x000001c3       0xcd c:/Users/HZW/.eide/tools/13.2 Rel1/bin/../lib/gcc/arm-none-eabi/13.2.1/thumb/v7e-m+fp/hard\libgcc.a(_dvmd_tls.o)

Cross Reference Table

Symbol                                            File
ADC_IRQHandler                                    build/startup_stm32f427xx.o
AHBPrescTable                                     build/system_stm32f4xx.o
                                                  build/stm32f4xx_hal_rcc.o