ARM GAS  C:\Users\HZW\AppData\Local\Temp\ccOzMpOO.s 			page 1


   1              		.cpu cortex-m4
   2              		.arch armv7e-m
   3              		.fpu fpv4-sp-d16
   4              		.eabi_attribute 27, 1
   5              		.eabi_attribute 28, 1
   6              		.eabi_attribute 20, 1
   7              		.eabi_attribute 21, 1
   8              		.eabi_attribute 23, 3
   9              		.eabi_attribute 24, 1
  10              		.eabi_attribute 25, 1
  11              		.eabi_attribute 26, 1
  12              		.eabi_attribute 30, 1
  13              		.eabi_attribute 34, 1
  14              		.eabi_attribute 18, 4
  15              		.file	"lift.c"
  16              		.text
  17              	.Ltext0:
  18              		.cfi_sections	.debug_frame
  19              		.file 1 "Core/APP/lift.c"
  20              		.section	.text.Init_Lift,"ax",%progbits
  21              		.align	1
  22              		.global	Init_Lift
  23              		.syntax unified
  24              		.thumb
  25              		.thumb_func
  27              	Init_Lift:
  28              	.LFB137:
   1:Core/APP/lift.c **** #include "lift.h"
   2:Core/APP/lift.c **** #include "MI_motor_dev.h"
   3:Core/APP/lift.c **** 
   4:Core/APP/lift.c **** // 全局变量定义
   5:Core/APP/lift.c **** static Lift_Status lift_status;
   6:Core/APP/lift.c **** Lift_Status *lift = &lift_status;
   7:Core/APP/lift.c **** 
   8:Core/APP/lift.c **** 
   9:Core/APP/lift.c **** //height高度使用电机转动弧度，单位rad
  10:Core/APP/lift.c **** /**
  11:Core/APP/lift.c ****  * @brief 初始化升降机构
  12:Core/APP/lift.c ****  */
  13:Core/APP/lift.c **** void Init_Lift(void)
  14:Core/APP/lift.c **** {
  29              		.loc 1 14 1 view -0
  30              		.cfi_startproc
  31              		@ args = 0, pretend = 0, frame = 0
  32              		@ frame_needed = 0, uses_anonymous_args = 0
  33              		@ link register save eliminated.
  15:Core/APP/lift.c ****     
  16:Core/APP/lift.c ****     // 初始化升降机构状态
  17:Core/APP/lift.c ****     lift->current_height = 0.0f;
  34              		.loc 1 17 5 view .LVU1
  35              		.loc 1 17 9 is_stmt 0 view .LVU2
  36 0000 074B     		ldr	r3, .L2
  37 0002 1968     		ldr	r1, [r3]
  38              		.loc 1 17 26 view .LVU3
  39 0004 0022     		movs	r2, #0
  40 0006 0A60     		str	r2, [r1]	@ float
  18:Core/APP/lift.c ****     lift->target_height = 0.0f;
ARM GAS  C:\Users\HZW\AppData\Local\Temp\ccOzMpOO.s 			page 2


  41              		.loc 1 18 5 is_stmt 1 view .LVU4
  42              		.loc 1 18 9 is_stmt 0 view .LVU5
  43 0008 1B68     		ldr	r3, [r3]
  44              		.loc 1 18 25 view .LVU6
  45 000a 5A60     		str	r2, [r3, #4]	@ float
  19:Core/APP/lift.c ****     lift->max_height = 14.5f;    // 设置最大高度限制，根据实际情况调整
  46              		.loc 1 19 5 is_stmt 1 view .LVU7
  47              		.loc 1 19 22 is_stmt 0 view .LVU8
  48 000c 0549     		ldr	r1, .L2+4
  49 000e 9960     		str	r1, [r3, #8]	@ float
  20:Core/APP/lift.c ****     lift->min_height = 0.0f;      // 设置最小高度限制
  50              		.loc 1 20 5 is_stmt 1 view .LVU9
  51              		.loc 1 20 22 is_stmt 0 view .LVU10
  52 0010 DA60     		str	r2, [r3, #12]	@ float
  21:Core/APP/lift.c ****     lift->error_max = 0.2f;
  53              		.loc 1 21 5 is_stmt 1 view .LVU11
  54              		.loc 1 21 21 is_stmt 0 view .LVU12
  55 0012 054A     		ldr	r2, .L2+8
  56 0014 1A61     		str	r2, [r3, #16]	@ float
  22:Core/APP/lift.c ****     lift->is_moving = false;
  57              		.loc 1 22 5 is_stmt 1 view .LVU13
  58              		.loc 1 22 21 is_stmt 0 view .LVU14
  59 0016 0022     		movs	r2, #0
  60 0018 1A75     		strb	r2, [r3, #20]
  23:Core/APP/lift.c ****     lift->is_initialized = true;
  61              		.loc 1 23 5 is_stmt 1 view .LVU15
  62              		.loc 1 23 26 is_stmt 0 view .LVU16
  63 001a 0122     		movs	r2, #1
  64 001c 5A75     		strb	r2, [r3, #21]
  24:Core/APP/lift.c **** 
  25:Core/APP/lift.c **** }
  65              		.loc 1 25 1 view .LVU17
  66 001e 7047     		bx	lr
  67              	.L3:
  68              		.align	2
  69              	.L2:
  70 0020 00000000 		.word	lift
  71 0024 00006841 		.word	1097334784
  72 0028 CDCC4C3E 		.word	1045220557
  73              		.cfi_endproc
  74              	.LFE137:
  76              		.section	.text.Lift_Reset,"ax",%progbits
  77              		.align	1
  78              		.global	Lift_Reset
  79              		.syntax unified
  80              		.thumb
  81              		.thumb_func
  83              	Lift_Reset:
  84              	.LFB138:
  26:Core/APP/lift.c **** 
  27:Core/APP/lift.c **** /**
  28:Core/APP/lift.c ****  * @brief 复位升降机构状态
  29:Core/APP/lift.c ****  */
  30:Core/APP/lift.c **** void Lift_Reset(void)
  31:Core/APP/lift.c **** {
  85              		.loc 1 31 1 is_stmt 1 view -0
  86              		.cfi_startproc
ARM GAS  C:\Users\HZW\AppData\Local\Temp\ccOzMpOO.s 			page 3


  87              		@ args = 0, pretend = 0, frame = 0
  88              		@ frame_needed = 0, uses_anonymous_args = 0
  89 0000 08B5     		push	{r3, lr}
  90              	.LCFI0:
  91              		.cfi_def_cfa_offset 8
  92              		.cfi_offset 3, -8
  93              		.cfi_offset 14, -4
  32:Core/APP/lift.c ****     lift->target_height = 0.0f;
  94              		.loc 1 32 5 view .LVU19
  95              		.loc 1 32 9 is_stmt 0 view .LVU20
  96 0002 064B     		ldr	r3, .L6
  97 0004 1B68     		ldr	r3, [r3]
  98              		.loc 1 32 25 view .LVU21
  99 0006 9FED060A 		vldr.32	s0, .L6+4
 100 000a 83ED010A 		vstr.32	s0, [r3, #4]
  33:Core/APP/lift.c ****     lift->is_moving = true;
 101              		.loc 1 33 5 is_stmt 1 view .LVU22
 102              		.loc 1 33 21 is_stmt 0 view .LVU23
 103 000e 0122     		movs	r2, #1
 104 0010 1A75     		strb	r2, [r3, #20]
  34:Core/APP/lift.c ****     
  35:Core/APP/lift.c ****     // 移动到零位置
  36:Core/APP/lift.c ****     MI_motor_PosCtrl(motors[7], 0.0f);
 105              		.loc 1 36 5 is_stmt 1 view .LVU24
 106 0012 044B     		ldr	r3, .L6+8
 107 0014 D869     		ldr	r0, [r3, #28]
 108 0016 FFF7FEFF 		bl	MI_motor_PosCtrl
 109              	.LVL0:
  37:Core/APP/lift.c **** }
 110              		.loc 1 37 1 is_stmt 0 view .LVU25
 111 001a 08BD     		pop	{r3, pc}
 112              	.L7:
 113              		.align	2
 114              	.L6:
 115 001c 00000000 		.word	lift
 116 0020 00000000 		.word	0
 117 0024 00000000 		.word	motors
 118              		.cfi_endproc
 119              	.LFE138:
 121              		.section	.text.Lift_Move_To_Height,"ax",%progbits
 122              		.align	1
 123              		.global	Lift_Move_To_Height
 124              		.syntax unified
 125              		.thumb
 126              		.thumb_func
 128              	Lift_Move_To_Height:
 129              	.LVL1:
 130              	.LFB139:
  38:Core/APP/lift.c **** 
  39:Core/APP/lift.c **** 
  40:Core/APP/lift.c **** 
  41:Core/APP/lift.c **** /**
  42:Core/APP/lift.c ****  * @brief 移动到指定高度
  43:Core/APP/lift.c ****  * @param height 目标高度,使用电机转动弧度代替，单位rad
  44:Core/APP/lift.c ****  */
  45:Core/APP/lift.c **** void Lift_Move_To_Height(float height)
  46:Core/APP/lift.c **** {
ARM GAS  C:\Users\HZW\AppData\Local\Temp\ccOzMpOO.s 			page 4


 131              		.loc 1 46 1 is_stmt 1 view -0
 132              		.cfi_startproc
 133              		@ args = 0, pretend = 0, frame = 0
 134              		@ frame_needed = 0, uses_anonymous_args = 0
 135              		.loc 1 46 1 is_stmt 0 view .LVU27
 136 0000 10B5     		push	{r4, lr}
 137              	.LCFI1:
 138              		.cfi_def_cfa_offset 8
 139              		.cfi_offset 4, -8
 140              		.cfi_offset 14, -4
 141 0002 F0EE400A 		vmov.f32	s1, s0
  47:Core/APP/lift.c ****     lift->is_moving = true;
 142              		.loc 1 47 5 is_stmt 1 view .LVU28
 143              		.loc 1 47 9 is_stmt 0 view .LVU29
 144 0006 0B4B     		ldr	r3, .L10
 145 0008 1C68     		ldr	r4, [r3]
 146              		.loc 1 47 21 view .LVU30
 147 000a 0123     		movs	r3, #1
 148 000c 2375     		strb	r3, [r4, #20]
  48:Core/APP/lift.c ****     // 限制高度在有效范围内
  49:Core/APP/lift.c ****     float target_height = fmaxf(lift->min_height, fminf(height, lift->max_height));
 149              		.loc 1 49 5 is_stmt 1 view .LVU31
 150              		.loc 1 49 27 is_stmt 0 view .LVU32
 151 000e 94ED020A 		vldr.32	s0, [r4, #8]
 152              	.LVL2:
 153              		.loc 1 49 27 view .LVU33
 154 0012 FFF7FEFF 		bl	fminf
 155              	.LVL3:
 156              		.loc 1 49 27 view .LVU34
 157 0016 F0EE400A 		vmov.f32	s1, s0
 158              		.loc 1 49 27 discriminator 1 view .LVU35
 159 001a 94ED030A 		vldr.32	s0, [r4, #12]
 160 001e FFF7FEFF 		bl	fmaxf
 161              	.LVL4:
  50:Core/APP/lift.c ****     lift->target_height = target_height;
 162              		.loc 1 50 5 is_stmt 1 view .LVU36
 163              		.loc 1 50 25 is_stmt 0 view .LVU37
 164 0022 84ED010A 		vstr.32	s0, [r4, #4]
  51:Core/APP/lift.c ****     // 使用位置模式控制电机
  52:Core/APP/lift.c ****     MI_motor_PosCtrl(motors[7], -1.0f*target_height);
 165              		.loc 1 52 5 is_stmt 1 view .LVU38
 166 0026 B1EE400A 		vneg.f32	s0, s0
 167              	.LVL5:
 168              		.loc 1 52 5 is_stmt 0 view .LVU39
 169 002a 034B     		ldr	r3, .L10+4
 170 002c D869     		ldr	r0, [r3, #28]
 171 002e FFF7FEFF 		bl	MI_motor_PosCtrl
 172              	.LVL6:
  53:Core/APP/lift.c **** }
 173              		.loc 1 53 1 view .LVU40
 174 0032 10BD     		pop	{r4, pc}
 175              	.L11:
 176              		.align	2
 177              	.L10:
 178 0034 00000000 		.word	lift
 179 0038 00000000 		.word	motors
 180              		.cfi_endproc
ARM GAS  C:\Users\HZW\AppData\Local\Temp\ccOzMpOO.s 			page 5


 181              	.LFE139:
 183              		.global	__aeabi_f2d
 184              		.section	.rodata.Lift_Is_Reached.str1.4,"aMS",%progbits,1
 185              		.align	2
 186              	.LC0:
 187 0000 63757272 		.ascii	"current_height: %f\015\012\000"
 187      656E745F 
 187      68656967 
 187      68743A20 
 187      25660D0A 
 188              		.section	.text.Lift_Is_Reached,"ax",%progbits
 189              		.align	1
 190              		.global	Lift_Is_Reached
 191              		.syntax unified
 192              		.thumb
 193              		.thumb_func
 195              	Lift_Is_Reached:
 196              	.LFB140:
  54:Core/APP/lift.c **** 
  55:Core/APP/lift.c **** 
  56:Core/APP/lift.c **** 
  57:Core/APP/lift.c **** /**
  58:Core/APP/lift.c ****  * @brief 检查是否到达目标高度
  59:Core/APP/lift.c ****  * @return 是否到达目标高度
  60:Core/APP/lift.c ****  */
  61:Core/APP/lift.c **** bool Lift_Is_Reached(void)
  62:Core/APP/lift.c **** {
 197              		.loc 1 62 1 is_stmt 1 view -0
 198              		.cfi_startproc
 199              		@ args = 0, pretend = 0, frame = 0
 200              		@ frame_needed = 0, uses_anonymous_args = 0
 201 0000 10B5     		push	{r4, lr}
 202              	.LCFI2:
 203              		.cfi_def_cfa_offset 8
 204              		.cfi_offset 4, -8
 205              		.cfi_offset 14, -4
  63:Core/APP/lift.c ****     MI_motor_get_mechPos(motors[7]);
 206              		.loc 1 63 5 view .LVU42
 207 0002 154C     		ldr	r4, .L19
 208 0004 E069     		ldr	r0, [r4, #28]
 209 0006 FFF7FEFF 		bl	MI_motor_get_mechPos
 210              	.LVL7:
  64:Core/APP/lift.c ****     lift->current_height = -1.0f*motors[7]->motor_fdb.mechPos;
 211              		.loc 1 64 5 view .LVU43
 212              		.loc 1 64 40 is_stmt 0 view .LVU44
 213 000a E369     		ldr	r3, [r4, #28]
 214              		.loc 1 64 54 view .LVU45
 215 000c D3ED0E7A 		vldr.32	s15, [r3, #56]
 216              		.loc 1 64 9 view .LVU46
 217 0010 124C     		ldr	r4, .L19+4
 218 0012 2368     		ldr	r3, [r4]
 219              		.loc 1 64 33 view .LVU47
 220 0014 F1EE677A 		vneg.f32	s15, s15
 221              		.loc 1 64 26 view .LVU48
 222 0018 C3ED007A 		vstr.32	s15, [r3]
  65:Core/APP/lift.c ****     printf("current_height: %f\r\n", lift->current_height);
 223              		.loc 1 65 5 is_stmt 1 view .LVU49
ARM GAS  C:\Users\HZW\AppData\Local\Temp\ccOzMpOO.s 			page 6


 224              		.loc 1 65 42 is_stmt 0 view .LVU50
 225 001c 2368     		ldr	r3, [r4]
 226              		.loc 1 65 5 view .LVU51
 227 001e 1868     		ldr	r0, [r3]	@ float
 228 0020 FFF7FEFF 		bl	__aeabi_f2d
 229              	.LVL8:
 230 0024 0246     		mov	r2, r0
 231 0026 0B46     		mov	r3, r1
 232 0028 0D48     		ldr	r0, .L19+8
 233 002a FFF7FEFF 		bl	printf
 234              	.LVL9:
  66:Core/APP/lift.c ****     float error = fabsf(lift->target_height - lift->current_height);
 235              		.loc 1 66 5 is_stmt 1 view .LVU52
 236              		.loc 1 66 29 is_stmt 0 view .LVU53
 237 002e 2368     		ldr	r3, [r4]
 238 0030 D3ED017A 		vldr.32	s15, [r3, #4]
 239              		.loc 1 66 51 view .LVU54
 240 0034 93ED007A 		vldr.32	s14, [r3]
 241              		.loc 1 66 45 view .LVU55
 242 0038 77EEC77A 		vsub.f32	s15, s15, s14
 243              		.loc 1 66 11 view .LVU56
 244 003c F0EEE77A 		vabs.f32	s15, s15
 245              	.LVL10:
  67:Core/APP/lift.c ****     // printf("error: %f\r\n", error);
  68:Core/APP/lift.c ****     if (error < lift->error_max)
 246              		.loc 1 68 5 is_stmt 1 view .LVU57
 247              		.loc 1 68 21 is_stmt 0 view .LVU58
 248 0040 93ED047A 		vldr.32	s14, [r3, #16]
 249              		.loc 1 68 8 view .LVU59
 250 0044 B4EEE77A 		vcmpe.f32	s14, s15
 251 0048 F1EE10FA 		vmrs	APSR_nzcv, FPSCR
 252 004c 01DD     		ble	.L17
  69:Core/APP/lift.c ****     {
  70:Core/APP/lift.c ****         return true;
 253              		.loc 1 70 16 view .LVU60
 254 004e 0120     		movs	r0, #1
 255              	.L13:
  71:Core/APP/lift.c ****     }
  72:Core/APP/lift.c ****     else
  73:Core/APP/lift.c ****     {
  74:Core/APP/lift.c ****         return false;
  75:Core/APP/lift.c ****     }
  76:Core/APP/lift.c **** }
 256              		.loc 1 76 1 view .LVU61
 257 0050 10BD     		pop	{r4, pc}
 258              	.L17:
  74:Core/APP/lift.c ****     }
 259              		.loc 1 74 16 view .LVU62
 260 0052 0020     		movs	r0, #0
 261 0054 FCE7     		b	.L13
 262              	.L20:
 263 0056 00BF     		.align	2
 264              	.L19:
 265 0058 00000000 		.word	motors
 266 005c 00000000 		.word	lift
 267 0060 00000000 		.word	.LC0
 268              		.cfi_endproc
ARM GAS  C:\Users\HZW\AppData\Local\Temp\ccOzMpOO.s 			page 7


 269              	.LFE140:
 271              		.global	lift
 272              		.section	.data.lift,"aw"
 273              		.align	2
 276              	lift:
 277 0000 00000000 		.word	lift_status
 278              		.section	.bss.lift_status,"aw",%nobits
 279              		.align	2
 282              	lift_status:
 283 0000 00000000 		.space	24
 283      00000000 
 283      00000000 
 283      00000000 
 283      00000000 
 284              		.text
 285              	.Letext0:
 286              		.file 2 "c:/Users/HZW/.eide/tools/13.2 Rel1/arm-none-eabi/include/machine/_default_types.h"
 287              		.file 3 "c:/Users/HZW/.eide/tools/13.2 Rel1/arm-none-eabi/include/sys/_stdint.h"
 288              		.file 4 "Drivers/CMSIS/Device/ST/STM32F4xx/Include/stm32f427xx.h"
 289              		.file 5 "Drivers/CMSIS/Device/ST/STM32F4xx/Include/stm32f4xx.h"
 290              		.file 6 "Drivers/STM32F4xx_HAL_Driver/Inc/stm32f4xx_hal_can.h"
 291              		.file 7 "Core/BSP/MI_motor_dev.h"
 292              		.file 8 "Core/APP/lift.h"
 293              		.file 9 "c:/Users/HZW/.eide/tools/13.2 Rel1/arm-none-eabi/include/stdio.h"
 294              		.file 10 "c:/Users/HZW/.eide/tools/13.2 Rel1/arm-none-eabi/include/math.h"
ARM GAS  C:\Users\HZW\AppData\Local\Temp\ccOzMpOO.s 			page 8


DEFINED SYMBOLS
                            *ABS*:00000000 lift.c
C:\Users\HZW\AppData\Local\Temp\ccOzMpOO.s:21     .text.Init_Lift:00000000 $t
C:\Users\HZW\AppData\Local\Temp\ccOzMpOO.s:27     .text.Init_Lift:00000000 Init_Lift
C:\Users\HZW\AppData\Local\Temp\ccOzMpOO.s:70     .text.Init_Lift:00000020 $d
C:\Users\HZW\AppData\Local\Temp\ccOzMpOO.s:276    .data.lift:00000000 lift
C:\Users\HZW\AppData\Local\Temp\ccOzMpOO.s:77     .text.Lift_Reset:00000000 $t
C:\Users\HZW\AppData\Local\Temp\ccOzMpOO.s:83     .text.Lift_Reset:00000000 Lift_Reset
C:\Users\HZW\AppData\Local\Temp\ccOzMpOO.s:115    .text.Lift_Reset:0000001c $d
C:\Users\HZW\AppData\Local\Temp\ccOzMpOO.s:122    .text.Lift_Move_To_Height:00000000 $t
C:\Users\HZW\AppData\Local\Temp\ccOzMpOO.s:128    .text.Lift_Move_To_Height:00000000 Lift_Move_To_Height
C:\Users\HZW\AppData\Local\Temp\ccOzMpOO.s:178    .text.Lift_Move_To_Height:00000034 $d
C:\Users\HZW\AppData\Local\Temp\ccOzMpOO.s:185    .rodata.Lift_Is_Reached.str1.4:00000000 $d
C:\Users\HZW\AppData\Local\Temp\ccOzMpOO.s:189    .text.Lift_Is_Reached:00000000 $t
C:\Users\HZW\AppData\Local\Temp\ccOzMpOO.s:195    .text.Lift_Is_Reached:00000000 Lift_Is_Reached
C:\Users\HZW\AppData\Local\Temp\ccOzMpOO.s:265    .text.Lift_Is_Reached:00000058 $d
C:\Users\HZW\AppData\Local\Temp\ccOzMpOO.s:273    .data.lift:00000000 $d
C:\Users\HZW\AppData\Local\Temp\ccOzMpOO.s:282    .bss.lift_status:00000000 lift_status
C:\Users\HZW\AppData\Local\Temp\ccOzMpOO.s:279    .bss.lift_status:00000000 $d

UNDEFINED SYMBOLS
MI_motor_PosCtrl
motors
fminf
fmaxf
__aeabi_f2d
MI_motor_get_mechPos
printf
