ARM GAS  C:\Users\HZW\AppData\Local\Temp\ccOBPGjV.s 			page 1


   1              		.cpu cortex-m4
   2              		.arch armv7e-m
   3              		.fpu fpv4-sp-d16
   4              		.eabi_attribute 27, 1
   5              		.eabi_attribute 28, 1
   6              		.eabi_attribute 20, 1
   7              		.eabi_attribute 21, 1
   8              		.eabi_attribute 23, 3
   9              		.eabi_attribute 24, 1
  10              		.eabi_attribute 25, 1
  11              		.eabi_attribute 26, 1
  12              		.eabi_attribute 30, 1
  13              		.eabi_attribute 34, 1
  14              		.eabi_attribute 18, 4
  15              		.file	"stm32f4xx_it.c"
  16              		.text
  17              	.Ltext0:
  18              		.cfi_sections	.debug_frame
  19              		.file 1 "Core/Src/stm32f4xx_it.c"
  20              		.section	.text.NMI_Handler,"ax",%progbits
  21              		.align	1
  22              		.global	NMI_Handler
  23              		.syntax unified
  24              		.thumb
  25              		.thumb_func
  27              	NMI_Handler:
  28              	.LFB137:
   1:Core/Src/stm32f4xx_it.c **** /* USER CODE BEGIN Header */
   2:Core/Src/stm32f4xx_it.c **** /**
   3:Core/Src/stm32f4xx_it.c ****   ******************************************************************************
   4:Core/Src/stm32f4xx_it.c ****   * @file    stm32f4xx_it.c
   5:Core/Src/stm32f4xx_it.c ****   * @brief   Interrupt Service Routines.
   6:Core/Src/stm32f4xx_it.c ****   ******************************************************************************
   7:Core/Src/stm32f4xx_it.c ****   * @attention
   8:Core/Src/stm32f4xx_it.c ****   *
   9:Core/Src/stm32f4xx_it.c ****   * Copyright (c) 2025 STMicroelectronics.
  10:Core/Src/stm32f4xx_it.c ****   * All rights reserved.
  11:Core/Src/stm32f4xx_it.c ****   *
  12:Core/Src/stm32f4xx_it.c ****   * This software is licensed under terms that can be found in the LICENSE file
  13:Core/Src/stm32f4xx_it.c ****   * in the root directory of this software component.
  14:Core/Src/stm32f4xx_it.c ****   * If no LICENSE file comes with this software, it is provided AS-IS.
  15:Core/Src/stm32f4xx_it.c ****   *
  16:Core/Src/stm32f4xx_it.c ****   ******************************************************************************
  17:Core/Src/stm32f4xx_it.c ****   */
  18:Core/Src/stm32f4xx_it.c **** /* USER CODE END Header */
  19:Core/Src/stm32f4xx_it.c **** 
  20:Core/Src/stm32f4xx_it.c **** /* Includes ------------------------------------------------------------------*/
  21:Core/Src/stm32f4xx_it.c **** #include "main.h"
  22:Core/Src/stm32f4xx_it.c **** #include "stm32f4xx_it.h"
  23:Core/Src/stm32f4xx_it.c **** /* Private includes ----------------------------------------------------------*/
  24:Core/Src/stm32f4xx_it.c **** /* USER CODE BEGIN Includes */
  25:Core/Src/stm32f4xx_it.c **** /* USER CODE END Includes */
  26:Core/Src/stm32f4xx_it.c **** 
  27:Core/Src/stm32f4xx_it.c **** /* Private typedef -----------------------------------------------------------*/
  28:Core/Src/stm32f4xx_it.c **** /* USER CODE BEGIN TD */
  29:Core/Src/stm32f4xx_it.c **** 
  30:Core/Src/stm32f4xx_it.c **** /* USER CODE END TD */
ARM GAS  C:\Users\HZW\AppData\Local\Temp\ccOBPGjV.s 			page 2


  31:Core/Src/stm32f4xx_it.c **** 
  32:Core/Src/stm32f4xx_it.c **** /* Private define ------------------------------------------------------------*/
  33:Core/Src/stm32f4xx_it.c **** /* USER CODE BEGIN PD */
  34:Core/Src/stm32f4xx_it.c **** 
  35:Core/Src/stm32f4xx_it.c **** /* USER CODE END PD */
  36:Core/Src/stm32f4xx_it.c **** 
  37:Core/Src/stm32f4xx_it.c **** /* Private macro -------------------------------------------------------------*/
  38:Core/Src/stm32f4xx_it.c **** /* USER CODE BEGIN PM */
  39:Core/Src/stm32f4xx_it.c **** 
  40:Core/Src/stm32f4xx_it.c **** /* USER CODE END PM */
  41:Core/Src/stm32f4xx_it.c **** 
  42:Core/Src/stm32f4xx_it.c **** /* Private variables ---------------------------------------------------------*/
  43:Core/Src/stm32f4xx_it.c **** /* USER CODE BEGIN PV */
  44:Core/Src/stm32f4xx_it.c **** 
  45:Core/Src/stm32f4xx_it.c **** /* USER CODE END PV */
  46:Core/Src/stm32f4xx_it.c **** 
  47:Core/Src/stm32f4xx_it.c **** /* Private function prototypes -----------------------------------------------*/
  48:Core/Src/stm32f4xx_it.c **** /* USER CODE BEGIN PFP */
  49:Core/Src/stm32f4xx_it.c **** 
  50:Core/Src/stm32f4xx_it.c **** /* USER CODE END PFP */
  51:Core/Src/stm32f4xx_it.c **** 
  52:Core/Src/stm32f4xx_it.c **** /* Private user code ---------------------------------------------------------*/
  53:Core/Src/stm32f4xx_it.c **** /* USER CODE BEGIN 0 */
  54:Core/Src/stm32f4xx_it.c **** 
  55:Core/Src/stm32f4xx_it.c **** /* USER CODE END 0 */
  56:Core/Src/stm32f4xx_it.c **** 
  57:Core/Src/stm32f4xx_it.c **** /* External variables --------------------------------------------------------*/
  58:Core/Src/stm32f4xx_it.c **** extern CAN_HandleTypeDef hcan1;
  59:Core/Src/stm32f4xx_it.c **** extern DMA_HandleTypeDef hdma_usart6_rx;
  60:Core/Src/stm32f4xx_it.c **** extern UART_HandleTypeDef huart2;
  61:Core/Src/stm32f4xx_it.c **** extern UART_HandleTypeDef huart3;
  62:Core/Src/stm32f4xx_it.c **** extern TIM_HandleTypeDef htim7;
  63:Core/Src/stm32f4xx_it.c **** 
  64:Core/Src/stm32f4xx_it.c **** /* USER CODE BEGIN EV */
  65:Core/Src/stm32f4xx_it.c **** 
  66:Core/Src/stm32f4xx_it.c **** /* USER CODE END EV */
  67:Core/Src/stm32f4xx_it.c **** 
  68:Core/Src/stm32f4xx_it.c **** /******************************************************************************/
  69:Core/Src/stm32f4xx_it.c **** /*           Cortex-M4 Processor Interruption and Exception Handlers          */
  70:Core/Src/stm32f4xx_it.c **** /******************************************************************************/
  71:Core/Src/stm32f4xx_it.c **** /**
  72:Core/Src/stm32f4xx_it.c ****   * @brief This function handles Non maskable interrupt.
  73:Core/Src/stm32f4xx_it.c ****   */
  74:Core/Src/stm32f4xx_it.c **** void NMI_Handler(void)
  75:Core/Src/stm32f4xx_it.c **** {
  29              		.loc 1 75 1 view -0
  30              		.cfi_startproc
  31              		@ Volatile: function does not return.
  32              		@ args = 0, pretend = 0, frame = 0
  33              		@ frame_needed = 0, uses_anonymous_args = 0
  34              		@ link register save eliminated.
  35              	.L2:
  76:Core/Src/stm32f4xx_it.c ****   /* USER CODE BEGIN NonMaskableInt_IRQn 0 */
  77:Core/Src/stm32f4xx_it.c **** 
  78:Core/Src/stm32f4xx_it.c ****   /* USER CODE END NonMaskableInt_IRQn 0 */
  79:Core/Src/stm32f4xx_it.c ****   /* USER CODE BEGIN NonMaskableInt_IRQn 1 */
  80:Core/Src/stm32f4xx_it.c ****    while (1)
ARM GAS  C:\Users\HZW\AppData\Local\Temp\ccOBPGjV.s 			page 3


  36              		.loc 1 80 4 view .LVU1
  81:Core/Src/stm32f4xx_it.c ****   {
  82:Core/Src/stm32f4xx_it.c ****   }
  37              		.loc 1 82 3 view .LVU2
  80:Core/Src/stm32f4xx_it.c ****   {
  38              		.loc 1 80 10 view .LVU3
  39 0000 FEE7     		b	.L2
  40              		.cfi_endproc
  41              	.LFE137:
  43              		.section	.text.HardFault_Handler,"ax",%progbits
  44              		.align	1
  45              		.global	HardFault_Handler
  46              		.syntax unified
  47              		.thumb
  48              		.thumb_func
  50              	HardFault_Handler:
  51              	.LFB138:
  83:Core/Src/stm32f4xx_it.c ****   /* USER CODE END NonMaskableInt_IRQn 1 */
  84:Core/Src/stm32f4xx_it.c **** }
  85:Core/Src/stm32f4xx_it.c **** 
  86:Core/Src/stm32f4xx_it.c **** /**
  87:Core/Src/stm32f4xx_it.c ****   * @brief This function handles Hard fault interrupt.
  88:Core/Src/stm32f4xx_it.c ****   */
  89:Core/Src/stm32f4xx_it.c **** void HardFault_Handler(void)
  90:Core/Src/stm32f4xx_it.c **** {
  52              		.loc 1 90 1 view -0
  53              		.cfi_startproc
  54              		@ Volatile: function does not return.
  55              		@ args = 0, pretend = 0, frame = 0
  56              		@ frame_needed = 0, uses_anonymous_args = 0
  57              		@ link register save eliminated.
  58              	.L4:
  91:Core/Src/stm32f4xx_it.c ****   /* USER CODE BEGIN HardFault_IRQn 0 */
  92:Core/Src/stm32f4xx_it.c **** 
  93:Core/Src/stm32f4xx_it.c ****   /* USER CODE END HardFault_IRQn 0 */
  94:Core/Src/stm32f4xx_it.c ****   while (1)
  59              		.loc 1 94 3 view .LVU5
  95:Core/Src/stm32f4xx_it.c ****   {
  96:Core/Src/stm32f4xx_it.c ****     /* USER CODE BEGIN W1_HardFault_IRQn 0 */
  97:Core/Src/stm32f4xx_it.c ****     /* USER CODE END W1_HardFault_IRQn 0 */
  98:Core/Src/stm32f4xx_it.c ****   }
  60              		.loc 1 98 3 view .LVU6
  94:Core/Src/stm32f4xx_it.c ****   {
  61              		.loc 1 94 9 view .LVU7
  62 0000 FEE7     		b	.L4
  63              		.cfi_endproc
  64              	.LFE138:
  66              		.section	.text.MemManage_Handler,"ax",%progbits
  67              		.align	1
  68              		.global	MemManage_Handler
  69              		.syntax unified
  70              		.thumb
  71              		.thumb_func
  73              	MemManage_Handler:
  74              	.LFB139:
  99:Core/Src/stm32f4xx_it.c **** }
 100:Core/Src/stm32f4xx_it.c **** 
ARM GAS  C:\Users\HZW\AppData\Local\Temp\ccOBPGjV.s 			page 4


 101:Core/Src/stm32f4xx_it.c **** /**
 102:Core/Src/stm32f4xx_it.c ****   * @brief This function handles Memory management fault.
 103:Core/Src/stm32f4xx_it.c ****   */
 104:Core/Src/stm32f4xx_it.c **** void MemManage_Handler(void)
 105:Core/Src/stm32f4xx_it.c **** {
  75              		.loc 1 105 1 view -0
  76              		.cfi_startproc
  77              		@ Volatile: function does not return.
  78              		@ args = 0, pretend = 0, frame = 0
  79              		@ frame_needed = 0, uses_anonymous_args = 0
  80              		@ link register save eliminated.
  81              	.L6:
 106:Core/Src/stm32f4xx_it.c ****   /* USER CODE BEGIN MemoryManagement_IRQn 0 */
 107:Core/Src/stm32f4xx_it.c **** 
 108:Core/Src/stm32f4xx_it.c ****   /* USER CODE END MemoryManagement_IRQn 0 */
 109:Core/Src/stm32f4xx_it.c ****   while (1)
  82              		.loc 1 109 3 view .LVU9
 110:Core/Src/stm32f4xx_it.c ****   {
 111:Core/Src/stm32f4xx_it.c ****     /* USER CODE BEGIN W1_MemoryManagement_IRQn 0 */
 112:Core/Src/stm32f4xx_it.c ****     /* USER CODE END W1_MemoryManagement_IRQn 0 */
 113:Core/Src/stm32f4xx_it.c ****   }
  83              		.loc 1 113 3 view .LVU10
 109:Core/Src/stm32f4xx_it.c ****   {
  84              		.loc 1 109 9 view .LVU11
  85 0000 FEE7     		b	.L6
  86              		.cfi_endproc
  87              	.LFE139:
  89              		.section	.text.BusFault_Handler,"ax",%progbits
  90              		.align	1
  91              		.global	BusFault_Handler
  92              		.syntax unified
  93              		.thumb
  94              		.thumb_func
  96              	BusFault_Handler:
  97              	.LFB140:
 114:Core/Src/stm32f4xx_it.c **** }
 115:Core/Src/stm32f4xx_it.c **** 
 116:Core/Src/stm32f4xx_it.c **** /**
 117:Core/Src/stm32f4xx_it.c ****   * @brief This function handles Pre-fetch fault, memory access fault.
 118:Core/Src/stm32f4xx_it.c ****   */
 119:Core/Src/stm32f4xx_it.c **** void BusFault_Handler(void)
 120:Core/Src/stm32f4xx_it.c **** {
  98              		.loc 1 120 1 view -0
  99              		.cfi_startproc
 100              		@ Volatile: function does not return.
 101              		@ args = 0, pretend = 0, frame = 0
 102              		@ frame_needed = 0, uses_anonymous_args = 0
 103              		@ link register save eliminated.
 104              	.L8:
 121:Core/Src/stm32f4xx_it.c ****   /* USER CODE BEGIN BusFault_IRQn 0 */
 122:Core/Src/stm32f4xx_it.c **** 
 123:Core/Src/stm32f4xx_it.c ****   /* USER CODE END BusFault_IRQn 0 */
 124:Core/Src/stm32f4xx_it.c ****   while (1)
 105              		.loc 1 124 3 view .LVU13
 125:Core/Src/stm32f4xx_it.c ****   {
 126:Core/Src/stm32f4xx_it.c ****     /* USER CODE BEGIN W1_BusFault_IRQn 0 */
 127:Core/Src/stm32f4xx_it.c ****     /* USER CODE END W1_BusFault_IRQn 0 */
ARM GAS  C:\Users\HZW\AppData\Local\Temp\ccOBPGjV.s 			page 5


 128:Core/Src/stm32f4xx_it.c ****   }
 106              		.loc 1 128 3 view .LVU14
 124:Core/Src/stm32f4xx_it.c ****   {
 107              		.loc 1 124 9 view .LVU15
 108 0000 FEE7     		b	.L8
 109              		.cfi_endproc
 110              	.LFE140:
 112              		.section	.text.UsageFault_Handler,"ax",%progbits
 113              		.align	1
 114              		.global	UsageFault_Handler
 115              		.syntax unified
 116              		.thumb
 117              		.thumb_func
 119              	UsageFault_Handler:
 120              	.LFB141:
 129:Core/Src/stm32f4xx_it.c **** }
 130:Core/Src/stm32f4xx_it.c **** 
 131:Core/Src/stm32f4xx_it.c **** /**
 132:Core/Src/stm32f4xx_it.c ****   * @brief This function handles Undefined instruction or illegal state.
 133:Core/Src/stm32f4xx_it.c ****   */
 134:Core/Src/stm32f4xx_it.c **** void UsageFault_Handler(void)
 135:Core/Src/stm32f4xx_it.c **** {
 121              		.loc 1 135 1 view -0
 122              		.cfi_startproc
 123              		@ Volatile: function does not return.
 124              		@ args = 0, pretend = 0, frame = 0
 125              		@ frame_needed = 0, uses_anonymous_args = 0
 126              		@ link register save eliminated.
 127              	.L10:
 136:Core/Src/stm32f4xx_it.c ****   /* USER CODE BEGIN UsageFault_IRQn 0 */
 137:Core/Src/stm32f4xx_it.c **** 
 138:Core/Src/stm32f4xx_it.c ****   /* USER CODE END UsageFault_IRQn 0 */
 139:Core/Src/stm32f4xx_it.c ****   while (1)
 128              		.loc 1 139 3 view .LVU17
 140:Core/Src/stm32f4xx_it.c ****   {
 141:Core/Src/stm32f4xx_it.c ****     /* USER CODE BEGIN W1_UsageFault_IRQn 0 */
 142:Core/Src/stm32f4xx_it.c ****     /* USER CODE END W1_UsageFault_IRQn 0 */
 143:Core/Src/stm32f4xx_it.c ****   }
 129              		.loc 1 143 3 view .LVU18
 139:Core/Src/stm32f4xx_it.c ****   {
 130              		.loc 1 139 9 view .LVU19
 131 0000 FEE7     		b	.L10
 132              		.cfi_endproc
 133              	.LFE141:
 135              		.section	.text.SVC_Handler,"ax",%progbits
 136              		.align	1
 137              		.global	SVC_Handler
 138              		.syntax unified
 139              		.thumb
 140              		.thumb_func
 142              	SVC_Handler:
 143              	.LFB142:
 144:Core/Src/stm32f4xx_it.c **** }
 145:Core/Src/stm32f4xx_it.c **** 
 146:Core/Src/stm32f4xx_it.c **** /**
 147:Core/Src/stm32f4xx_it.c ****   * @brief This function handles System service call via SWI instruction.
 148:Core/Src/stm32f4xx_it.c ****   */
ARM GAS  C:\Users\HZW\AppData\Local\Temp\ccOBPGjV.s 			page 6


 149:Core/Src/stm32f4xx_it.c **** void SVC_Handler(void)
 150:Core/Src/stm32f4xx_it.c **** {
 144              		.loc 1 150 1 view -0
 145              		.cfi_startproc
 146              		@ args = 0, pretend = 0, frame = 0
 147              		@ frame_needed = 0, uses_anonymous_args = 0
 148              		@ link register save eliminated.
 151:Core/Src/stm32f4xx_it.c ****   /* USER CODE BEGIN SVCall_IRQn 0 */
 152:Core/Src/stm32f4xx_it.c **** 
 153:Core/Src/stm32f4xx_it.c ****   /* USER CODE END SVCall_IRQn 0 */
 154:Core/Src/stm32f4xx_it.c ****   /* USER CODE BEGIN SVCall_IRQn 1 */
 155:Core/Src/stm32f4xx_it.c **** 
 156:Core/Src/stm32f4xx_it.c ****   /* USER CODE END SVCall_IRQn 1 */
 157:Core/Src/stm32f4xx_it.c **** }
 149              		.loc 1 157 1 view .LVU21
 150 0000 7047     		bx	lr
 151              		.cfi_endproc
 152              	.LFE142:
 154              		.section	.text.DebugMon_Handler,"ax",%progbits
 155              		.align	1
 156              		.global	DebugMon_Handler
 157              		.syntax unified
 158              		.thumb
 159              		.thumb_func
 161              	DebugMon_Handler:
 162              	.LFB143:
 158:Core/Src/stm32f4xx_it.c **** 
 159:Core/Src/stm32f4xx_it.c **** /**
 160:Core/Src/stm32f4xx_it.c ****   * @brief This function handles Debug monitor.
 161:Core/Src/stm32f4xx_it.c ****   */
 162:Core/Src/stm32f4xx_it.c **** void DebugMon_Handler(void)
 163:Core/Src/stm32f4xx_it.c **** {
 163              		.loc 1 163 1 view -0
 164              		.cfi_startproc
 165              		@ args = 0, pretend = 0, frame = 0
 166              		@ frame_needed = 0, uses_anonymous_args = 0
 167              		@ link register save eliminated.
 164:Core/Src/stm32f4xx_it.c ****   /* USER CODE BEGIN DebugMonitor_IRQn 0 */
 165:Core/Src/stm32f4xx_it.c **** 
 166:Core/Src/stm32f4xx_it.c ****   /* USER CODE END DebugMonitor_IRQn 0 */
 167:Core/Src/stm32f4xx_it.c ****   /* USER CODE BEGIN DebugMonitor_IRQn 1 */
 168:Core/Src/stm32f4xx_it.c **** 
 169:Core/Src/stm32f4xx_it.c ****   /* USER CODE END DebugMonitor_IRQn 1 */
 170:Core/Src/stm32f4xx_it.c **** }
 168              		.loc 1 170 1 view .LVU23
 169 0000 7047     		bx	lr
 170              		.cfi_endproc
 171              	.LFE143:
 173              		.section	.text.PendSV_Handler,"ax",%progbits
 174              		.align	1
 175              		.global	PendSV_Handler
 176              		.syntax unified
 177              		.thumb
 178              		.thumb_func
 180              	PendSV_Handler:
 181              	.LFB144:
 171:Core/Src/stm32f4xx_it.c **** 
ARM GAS  C:\Users\HZW\AppData\Local\Temp\ccOBPGjV.s 			page 7


 172:Core/Src/stm32f4xx_it.c **** /**
 173:Core/Src/stm32f4xx_it.c ****   * @brief This function handles Pendable request for system service.
 174:Core/Src/stm32f4xx_it.c ****   */
 175:Core/Src/stm32f4xx_it.c **** void PendSV_Handler(void)
 176:Core/Src/stm32f4xx_it.c **** {
 182              		.loc 1 176 1 view -0
 183              		.cfi_startproc
 184              		@ args = 0, pretend = 0, frame = 0
 185              		@ frame_needed = 0, uses_anonymous_args = 0
 186              		@ link register save eliminated.
 177:Core/Src/stm32f4xx_it.c ****   /* USER CODE BEGIN PendSV_IRQn 0 */
 178:Core/Src/stm32f4xx_it.c **** 
 179:Core/Src/stm32f4xx_it.c ****   /* USER CODE END PendSV_IRQn 0 */
 180:Core/Src/stm32f4xx_it.c ****   /* USER CODE BEGIN PendSV_IRQn 1 */
 181:Core/Src/stm32f4xx_it.c **** 
 182:Core/Src/stm32f4xx_it.c ****   /* USER CODE END PendSV_IRQn 1 */
 183:Core/Src/stm32f4xx_it.c **** }
 187              		.loc 1 183 1 view .LVU25
 188 0000 7047     		bx	lr
 189              		.cfi_endproc
 190              	.LFE144:
 192              		.section	.text.SysTick_Handler,"ax",%progbits
 193              		.align	1
 194              		.global	SysTick_Handler
 195              		.syntax unified
 196              		.thumb
 197              		.thumb_func
 199              	SysTick_Handler:
 200              	.LFB145:
 184:Core/Src/stm32f4xx_it.c **** 
 185:Core/Src/stm32f4xx_it.c **** /**
 186:Core/Src/stm32f4xx_it.c ****   * @brief This function handles System tick timer.
 187:Core/Src/stm32f4xx_it.c ****   */
 188:Core/Src/stm32f4xx_it.c **** void SysTick_Handler(void)
 189:Core/Src/stm32f4xx_it.c **** {
 201              		.loc 1 189 1 view -0
 202              		.cfi_startproc
 203              		@ args = 0, pretend = 0, frame = 0
 204              		@ frame_needed = 0, uses_anonymous_args = 0
 205              		@ link register save eliminated.
 190:Core/Src/stm32f4xx_it.c ****   /* USER CODE BEGIN SysTick_IRQn 0 */
 191:Core/Src/stm32f4xx_it.c **** 
 192:Core/Src/stm32f4xx_it.c ****   /* USER CODE END SysTick_IRQn 0 */
 193:Core/Src/stm32f4xx_it.c **** 
 194:Core/Src/stm32f4xx_it.c ****   /* USER CODE BEGIN SysTick_IRQn 1 */
 195:Core/Src/stm32f4xx_it.c **** 
 196:Core/Src/stm32f4xx_it.c ****   /* USER CODE END SysTick_IRQn 1 */
 197:Core/Src/stm32f4xx_it.c **** }
 206              		.loc 1 197 1 view .LVU27
 207 0000 7047     		bx	lr
 208              		.cfi_endproc
 209              	.LFE145:
 211              		.section	.text.CAN1_RX0_IRQHandler,"ax",%progbits
 212              		.align	1
 213              		.global	CAN1_RX0_IRQHandler
 214              		.syntax unified
 215              		.thumb
ARM GAS  C:\Users\HZW\AppData\Local\Temp\ccOBPGjV.s 			page 8


 216              		.thumb_func
 218              	CAN1_RX0_IRQHandler:
 219              	.LFB146:
 198:Core/Src/stm32f4xx_it.c **** 
 199:Core/Src/stm32f4xx_it.c **** /******************************************************************************/
 200:Core/Src/stm32f4xx_it.c **** /* STM32F4xx Peripheral Interrupt Handlers                                    */
 201:Core/Src/stm32f4xx_it.c **** /* Add here the Interrupt Handlers for the used peripherals.                  */
 202:Core/Src/stm32f4xx_it.c **** /* For the available peripheral interrupt handler names,                      */
 203:Core/Src/stm32f4xx_it.c **** /* please refer to the startup file (startup_stm32f4xx.s).                    */
 204:Core/Src/stm32f4xx_it.c **** /******************************************************************************/
 205:Core/Src/stm32f4xx_it.c **** 
 206:Core/Src/stm32f4xx_it.c **** /**
 207:Core/Src/stm32f4xx_it.c ****   * @brief This function handles CAN1 RX0 interrupts.
 208:Core/Src/stm32f4xx_it.c ****   */
 209:Core/Src/stm32f4xx_it.c **** void CAN1_RX0_IRQHandler(void)
 210:Core/Src/stm32f4xx_it.c **** {
 220              		.loc 1 210 1 view -0
 221              		.cfi_startproc
 222              		@ args = 0, pretend = 0, frame = 0
 223              		@ frame_needed = 0, uses_anonymous_args = 0
 224 0000 08B5     		push	{r3, lr}
 225              	.LCFI0:
 226              		.cfi_def_cfa_offset 8
 227              		.cfi_offset 3, -8
 228              		.cfi_offset 14, -4
 211:Core/Src/stm32f4xx_it.c ****   /* USER CODE BEGIN CAN1_RX0_IRQn 0 */
 212:Core/Src/stm32f4xx_it.c **** 
 213:Core/Src/stm32f4xx_it.c ****   /* USER CODE END CAN1_RX0_IRQn 0 */
 214:Core/Src/stm32f4xx_it.c ****   HAL_CAN_IRQHandler(&hcan1);
 229              		.loc 1 214 3 view .LVU29
 230 0002 0248     		ldr	r0, .L17
 231 0004 FFF7FEFF 		bl	HAL_CAN_IRQHandler
 232              	.LVL0:
 215:Core/Src/stm32f4xx_it.c ****   /* USER CODE BEGIN CAN1_RX0_IRQn 1 */
 216:Core/Src/stm32f4xx_it.c **** 
 217:Core/Src/stm32f4xx_it.c ****   /* USER CODE END CAN1_RX0_IRQn 1 */
 218:Core/Src/stm32f4xx_it.c **** }
 233              		.loc 1 218 1 is_stmt 0 view .LVU30
 234 0008 08BD     		pop	{r3, pc}
 235              	.L18:
 236 000a 00BF     		.align	2
 237              	.L17:
 238 000c 00000000 		.word	hcan1
 239              		.cfi_endproc
 240              	.LFE146:
 242              		.section	.text.USART2_IRQHandler,"ax",%progbits
 243              		.align	1
 244              		.global	USART2_IRQHandler
 245              		.syntax unified
 246              		.thumb
 247              		.thumb_func
 249              	USART2_IRQHandler:
 250              	.LFB147:
 219:Core/Src/stm32f4xx_it.c **** 
 220:Core/Src/stm32f4xx_it.c **** /**
 221:Core/Src/stm32f4xx_it.c ****   * @brief This function handles USART2 global interrupt.
 222:Core/Src/stm32f4xx_it.c ****   */
ARM GAS  C:\Users\HZW\AppData\Local\Temp\ccOBPGjV.s 			page 9


 223:Core/Src/stm32f4xx_it.c **** void USART2_IRQHandler(void)
 224:Core/Src/stm32f4xx_it.c **** {
 251              		.loc 1 224 1 is_stmt 1 view -0
 252              		.cfi_startproc
 253              		@ args = 0, pretend = 0, frame = 0
 254              		@ frame_needed = 0, uses_anonymous_args = 0
 255 0000 08B5     		push	{r3, lr}
 256              	.LCFI1:
 257              		.cfi_def_cfa_offset 8
 258              		.cfi_offset 3, -8
 259              		.cfi_offset 14, -4
 225:Core/Src/stm32f4xx_it.c ****   /* USER CODE BEGIN USART2_IRQn 0 */
 226:Core/Src/stm32f4xx_it.c **** 
 227:Core/Src/stm32f4xx_it.c ****   /* USER CODE END USART2_IRQn 0 */
 228:Core/Src/stm32f4xx_it.c ****   HAL_UART_IRQHandler(&huart2);
 260              		.loc 1 228 3 view .LVU32
 261 0002 0248     		ldr	r0, .L21
 262 0004 FFF7FEFF 		bl	HAL_UART_IRQHandler
 263              	.LVL1:
 229:Core/Src/stm32f4xx_it.c ****   /* USER CODE BEGIN USART2_IRQn 1 */
 230:Core/Src/stm32f4xx_it.c **** 
 231:Core/Src/stm32f4xx_it.c ****   /* USER CODE END USART2_IRQn 1 */
 232:Core/Src/stm32f4xx_it.c **** }
 264              		.loc 1 232 1 is_stmt 0 view .LVU33
 265 0008 08BD     		pop	{r3, pc}
 266              	.L22:
 267 000a 00BF     		.align	2
 268              	.L21:
 269 000c 00000000 		.word	huart2
 270              		.cfi_endproc
 271              	.LFE147:
 273              		.section	.text.USART3_IRQHandler,"ax",%progbits
 274              		.align	1
 275              		.global	USART3_IRQHandler
 276              		.syntax unified
 277              		.thumb
 278              		.thumb_func
 280              	USART3_IRQHandler:
 281              	.LFB148:
 233:Core/Src/stm32f4xx_it.c **** 
 234:Core/Src/stm32f4xx_it.c **** /**
 235:Core/Src/stm32f4xx_it.c ****   * @brief This function handles USART3 global interrupt.
 236:Core/Src/stm32f4xx_it.c ****   */
 237:Core/Src/stm32f4xx_it.c **** void USART3_IRQHandler(void)
 238:Core/Src/stm32f4xx_it.c **** {
 282              		.loc 1 238 1 is_stmt 1 view -0
 283              		.cfi_startproc
 284              		@ args = 0, pretend = 0, frame = 0
 285              		@ frame_needed = 0, uses_anonymous_args = 0
 286 0000 08B5     		push	{r3, lr}
 287              	.LCFI2:
 288              		.cfi_def_cfa_offset 8
 289              		.cfi_offset 3, -8
 290              		.cfi_offset 14, -4
 239:Core/Src/stm32f4xx_it.c ****   /* USER CODE BEGIN USART3_IRQn 0 */
 240:Core/Src/stm32f4xx_it.c **** 
 241:Core/Src/stm32f4xx_it.c ****   /* USER CODE END USART3_IRQn 0 */
ARM GAS  C:\Users\HZW\AppData\Local\Temp\ccOBPGjV.s 			page 10


 242:Core/Src/stm32f4xx_it.c ****   HAL_UART_IRQHandler(&huart3);
 291              		.loc 1 242 3 view .LVU35
 292 0002 0248     		ldr	r0, .L25
 293 0004 FFF7FEFF 		bl	HAL_UART_IRQHandler
 294              	.LVL2:
 243:Core/Src/stm32f4xx_it.c ****   /* USER CODE BEGIN USART3_IRQn 1 */
 244:Core/Src/stm32f4xx_it.c **** 
 245:Core/Src/stm32f4xx_it.c ****   /* USER CODE END USART3_IRQn 1 */
 246:Core/Src/stm32f4xx_it.c **** }
 295              		.loc 1 246 1 is_stmt 0 view .LVU36
 296 0008 08BD     		pop	{r3, pc}
 297              	.L26:
 298 000a 00BF     		.align	2
 299              	.L25:
 300 000c 00000000 		.word	huart3
 301              		.cfi_endproc
 302              	.LFE148:
 304              		.section	.text.TIM7_IRQHandler,"ax",%progbits
 305              		.align	1
 306              		.global	TIM7_IRQHandler
 307              		.syntax unified
 308              		.thumb
 309              		.thumb_func
 311              	TIM7_IRQHandler:
 312              	.LFB149:
 247:Core/Src/stm32f4xx_it.c **** 
 248:Core/Src/stm32f4xx_it.c **** /**
 249:Core/Src/stm32f4xx_it.c ****   * @brief This function handles TIM7 global interrupt.
 250:Core/Src/stm32f4xx_it.c ****   */
 251:Core/Src/stm32f4xx_it.c **** void TIM7_IRQHandler(void)
 252:Core/Src/stm32f4xx_it.c **** {
 313              		.loc 1 252 1 is_stmt 1 view -0
 314              		.cfi_startproc
 315              		@ args = 0, pretend = 0, frame = 0
 316              		@ frame_needed = 0, uses_anonymous_args = 0
 317 0000 08B5     		push	{r3, lr}
 318              	.LCFI3:
 319              		.cfi_def_cfa_offset 8
 320              		.cfi_offset 3, -8
 321              		.cfi_offset 14, -4
 253:Core/Src/stm32f4xx_it.c ****   /* USER CODE BEGIN TIM7_IRQn 0 */
 254:Core/Src/stm32f4xx_it.c **** 
 255:Core/Src/stm32f4xx_it.c ****   /* USER CODE END TIM7_IRQn 0 */
 256:Core/Src/stm32f4xx_it.c ****   HAL_TIM_IRQHandler(&htim7);
 322              		.loc 1 256 3 view .LVU38
 323 0002 0248     		ldr	r0, .L29
 324 0004 FFF7FEFF 		bl	HAL_TIM_IRQHandler
 325              	.LVL3:
 257:Core/Src/stm32f4xx_it.c ****   /* USER CODE BEGIN TIM7_IRQn 1 */
 258:Core/Src/stm32f4xx_it.c **** 
 259:Core/Src/stm32f4xx_it.c ****   /* USER CODE END TIM7_IRQn 1 */
 260:Core/Src/stm32f4xx_it.c **** }
 326              		.loc 1 260 1 is_stmt 0 view .LVU39
 327 0008 08BD     		pop	{r3, pc}
 328              	.L30:
 329 000a 00BF     		.align	2
 330              	.L29:
ARM GAS  C:\Users\HZW\AppData\Local\Temp\ccOBPGjV.s 			page 11


 331 000c 00000000 		.word	htim7
 332              		.cfi_endproc
 333              	.LFE149:
 335              		.section	.text.DMA2_Stream1_IRQHandler,"ax",%progbits
 336              		.align	1
 337              		.global	DMA2_Stream1_IRQHandler
 338              		.syntax unified
 339              		.thumb
 340              		.thumb_func
 342              	DMA2_Stream1_IRQHandler:
 343              	.LFB150:
 261:Core/Src/stm32f4xx_it.c **** 
 262:Core/Src/stm32f4xx_it.c **** /**
 263:Core/Src/stm32f4xx_it.c ****   * @brief This function handles DMA2 stream1 global interrupt.
 264:Core/Src/stm32f4xx_it.c ****   */
 265:Core/Src/stm32f4xx_it.c **** void DMA2_Stream1_IRQHandler(void)
 266:Core/Src/stm32f4xx_it.c **** {
 344              		.loc 1 266 1 is_stmt 1 view -0
 345              		.cfi_startproc
 346              		@ args = 0, pretend = 0, frame = 0
 347              		@ frame_needed = 0, uses_anonymous_args = 0
 348 0000 08B5     		push	{r3, lr}
 349              	.LCFI4:
 350              		.cfi_def_cfa_offset 8
 351              		.cfi_offset 3, -8
 352              		.cfi_offset 14, -4
 267:Core/Src/stm32f4xx_it.c ****   /* USER CODE BEGIN DMA2_Stream1_IRQn 0 */
 268:Core/Src/stm32f4xx_it.c **** 
 269:Core/Src/stm32f4xx_it.c ****   /* USER CODE END DMA2_Stream1_IRQn 0 */
 270:Core/Src/stm32f4xx_it.c ****   HAL_DMA_IRQHandler(&hdma_usart6_rx);
 353              		.loc 1 270 3 view .LVU41
 354 0002 0248     		ldr	r0, .L33
 355 0004 FFF7FEFF 		bl	HAL_DMA_IRQHandler
 356              	.LVL4:
 271:Core/Src/stm32f4xx_it.c ****   /* USER CODE BEGIN DMA2_Stream1_IRQn 1 */
 272:Core/Src/stm32f4xx_it.c **** 
 273:Core/Src/stm32f4xx_it.c ****   /* USER CODE END DMA2_Stream1_IRQn 1 */
 274:Core/Src/stm32f4xx_it.c **** }
 357              		.loc 1 274 1 is_stmt 0 view .LVU42
 358 0008 08BD     		pop	{r3, pc}
 359              	.L34:
 360 000a 00BF     		.align	2
 361              	.L33:
 362 000c 00000000 		.word	hdma_usart6_rx
 363              		.cfi_endproc
 364              	.LFE150:
 366              		.text
 367              	.Letext0:
 368              		.file 2 "c:/Users/HZW/.eide/tools/13.2 Rel1/arm-none-eabi/include/machine/_default_types.h"
 369              		.file 3 "c:/Users/HZW/.eide/tools/13.2 Rel1/arm-none-eabi/include/sys/_stdint.h"
 370              		.file 4 "Drivers/CMSIS/Device/ST/STM32F4xx/Include/stm32f427xx.h"
 371              		.file 5 "Drivers/CMSIS/Device/ST/STM32F4xx/Include/stm32f4xx.h"
 372              		.file 6 "Drivers/STM32F4xx_HAL_Driver/Inc/stm32f4xx_hal_def.h"
 373              		.file 7 "Drivers/STM32F4xx_HAL_Driver/Inc/stm32f4xx_hal_dma.h"
 374              		.file 8 "Drivers/STM32F4xx_HAL_Driver/Inc/stm32f4xx_hal_can.h"
 375              		.file 9 "Drivers/STM32F4xx_HAL_Driver/Inc/stm32f4xx_hal_tim.h"
 376              		.file 10 "Drivers/STM32F4xx_HAL_Driver/Inc/stm32f4xx_hal_uart.h"
ARM GAS  C:\Users\HZW\AppData\Local\Temp\ccOBPGjV.s 			page 12


ARM GAS  C:\Users\HZW\AppData\Local\Temp\ccOBPGjV.s 			page 13


DEFINED SYMBOLS
                            *ABS*:00000000 stm32f4xx_it.c
C:\Users\HZW\AppData\Local\Temp\ccOBPGjV.s:21     .text.NMI_Handler:00000000 $t
C:\Users\HZW\AppData\Local\Temp\ccOBPGjV.s:27     .text.NMI_Handler:00000000 NMI_Handler
C:\Users\HZW\AppData\Local\Temp\ccOBPGjV.s:44     .text.HardFault_Handler:00000000 $t
C:\Users\HZW\AppData\Local\Temp\ccOBPGjV.s:50     .text.HardFault_Handler:00000000 HardFault_Handler
C:\Users\HZW\AppData\Local\Temp\ccOBPGjV.s:67     .text.MemManage_Handler:00000000 $t
C:\Users\HZW\AppData\Local\Temp\ccOBPGjV.s:73     .text.MemManage_Handler:00000000 MemManage_Handler
C:\Users\HZW\AppData\Local\Temp\ccOBPGjV.s:90     .text.BusFault_Handler:00000000 $t
C:\Users\HZW\AppData\Local\Temp\ccOBPGjV.s:96     .text.BusFault_Handler:00000000 BusFault_Handler
C:\Users\HZW\AppData\Local\Temp\ccOBPGjV.s:113    .text.UsageFault_Handler:00000000 $t
C:\Users\HZW\AppData\Local\Temp\ccOBPGjV.s:119    .text.UsageFault_Handler:00000000 UsageFault_Handler
C:\Users\HZW\AppData\Local\Temp\ccOBPGjV.s:136    .text.SVC_Handler:00000000 $t
C:\Users\HZW\AppData\Local\Temp\ccOBPGjV.s:142    .text.SVC_Handler:00000000 SVC_Handler
C:\Users\HZW\AppData\Local\Temp\ccOBPGjV.s:155    .text.DebugMon_Handler:00000000 $t
C:\Users\HZW\AppData\Local\Temp\ccOBPGjV.s:161    .text.DebugMon_Handler:00000000 DebugMon_Handler
C:\Users\HZW\AppData\Local\Temp\ccOBPGjV.s:174    .text.PendSV_Handler:00000000 $t
C:\Users\HZW\AppData\Local\Temp\ccOBPGjV.s:180    .text.PendSV_Handler:00000000 PendSV_Handler
C:\Users\HZW\AppData\Local\Temp\ccOBPGjV.s:193    .text.SysTick_Handler:00000000 $t
C:\Users\HZW\AppData\Local\Temp\ccOBPGjV.s:199    .text.SysTick_Handler:00000000 SysTick_Handler
C:\Users\HZW\AppData\Local\Temp\ccOBPGjV.s:212    .text.CAN1_RX0_IRQHandler:00000000 $t
C:\Users\HZW\AppData\Local\Temp\ccOBPGjV.s:218    .text.CAN1_RX0_IRQHandler:00000000 CAN1_RX0_IRQHandler
C:\Users\HZW\AppData\Local\Temp\ccOBPGjV.s:238    .text.CAN1_RX0_IRQHandler:0000000c $d
C:\Users\HZW\AppData\Local\Temp\ccOBPGjV.s:243    .text.USART2_IRQHandler:00000000 $t
C:\Users\HZW\AppData\Local\Temp\ccOBPGjV.s:249    .text.USART2_IRQHandler:00000000 USART2_IRQHandler
C:\Users\HZW\AppData\Local\Temp\ccOBPGjV.s:269    .text.USART2_IRQHandler:0000000c $d
C:\Users\HZW\AppData\Local\Temp\ccOBPGjV.s:274    .text.USART3_IRQHandler:00000000 $t
C:\Users\HZW\AppData\Local\Temp\ccOBPGjV.s:280    .text.USART3_IRQHandler:00000000 USART3_IRQHandler
C:\Users\HZW\AppData\Local\Temp\ccOBPGjV.s:300    .text.USART3_IRQHandler:0000000c $d
C:\Users\HZW\AppData\Local\Temp\ccOBPGjV.s:305    .text.TIM7_IRQHandler:00000000 $t
C:\Users\HZW\AppData\Local\Temp\ccOBPGjV.s:311    .text.TIM7_IRQHandler:00000000 TIM7_IRQHandler
C:\Users\HZW\AppData\Local\Temp\ccOBPGjV.s:331    .text.TIM7_IRQHandler:0000000c $d
C:\Users\HZW\AppData\Local\Temp\ccOBPGjV.s:336    .text.DMA2_Stream1_IRQHandler:00000000 $t
C:\Users\HZW\AppData\Local\Temp\ccOBPGjV.s:342    .text.DMA2_Stream1_IRQHandler:00000000 DMA2_Stream1_IRQHandler
C:\Users\HZW\AppData\Local\Temp\ccOBPGjV.s:362    .text.DMA2_Stream1_IRQHandler:0000000c $d

UNDEFINED SYMBOLS
HAL_CAN_IRQHandler
hcan1
HAL_UART_IRQHandler
huart2
huart3
HAL_TIM_IRQHandler
htim7
HAL_DMA_IRQHandler
hdma_usart6_rx
