ARM GAS  C:\Users\HZW\AppData\Local\Temp\ccODH6Sp.s 			page 1


   1              		.cpu cortex-m4
   2              		.arch armv7e-m
   3              		.fpu fpv4-sp-d16
   4              		.eabi_attribute 27, 1
   5              		.eabi_attribute 28, 1
   6              		.eabi_attribute 20, 1
   7              		.eabi_attribute 21, 1
   8              		.eabi_attribute 23, 3
   9              		.eabi_attribute 24, 1
  10              		.eabi_attribute 25, 1
  11              		.eabi_attribute 26, 1
  12              		.eabi_attribute 30, 1
  13              		.eabi_attribute 34, 1
  14              		.eabi_attribute 18, 4
  15              		.file	"tim.c"
  16              		.text
  17              	.Ltext0:
  18              		.cfi_sections	.debug_frame
  19              		.file 1 "Core/Src/tim.c"
  20              		.section	.text.MX_TIM12_Init,"ax",%progbits
  21              		.align	1
  22              		.global	MX_TIM12_Init
  23              		.syntax unified
  24              		.thumb
  25              		.thumb_func
  27              	MX_TIM12_Init:
  28              	.LFB137:
   1:Core/Src/tim.c **** #include "tim.h"
   2:Core/Src/tim.c **** 
   3:Core/Src/tim.c **** TIM_HandleTypeDef htim12;
   4:Core/Src/tim.c **** 
   5:Core/Src/tim.c **** /* TIM12 初始化函数 */
   6:Core/Src/tim.c **** void MX_TIM12_Init(void)
   7:Core/Src/tim.c **** {
  29              		.loc 1 7 1 view -0
  30              		.cfi_startproc
  31              		@ args = 0, pretend = 0, frame = 56
  32              		@ frame_needed = 0, uses_anonymous_args = 0
  33 0000 00B5     		push	{lr}
  34              	.LCFI0:
  35              		.cfi_def_cfa_offset 4
  36              		.cfi_offset 14, -4
  37 0002 8FB0     		sub	sp, sp, #60
  38              	.LCFI1:
  39              		.cfi_def_cfa_offset 64
   8:Core/Src/tim.c ****     TIM_ClockConfigTypeDef sClockSourceConfig = {0};
  40              		.loc 1 8 5 view .LVU1
  41              		.loc 1 8 28 is_stmt 0 view .LVU2
  42 0004 0023     		movs	r3, #0
  43 0006 0A93     		str	r3, [sp, #40]
  44 0008 0B93     		str	r3, [sp, #44]
  45 000a 0C93     		str	r3, [sp, #48]
  46 000c 0D93     		str	r3, [sp, #52]
   9:Core/Src/tim.c ****     TIM_MasterConfigTypeDef sMasterConfig = {0};
  47              		.loc 1 9 5 is_stmt 1 view .LVU3
  48              		.loc 1 9 29 is_stmt 0 view .LVU4
  49 000e 0893     		str	r3, [sp, #32]
ARM GAS  C:\Users\HZW\AppData\Local\Temp\ccODH6Sp.s 			page 2


  50 0010 0993     		str	r3, [sp, #36]
  10:Core/Src/tim.c ****     TIM_OC_InitTypeDef sConfigOC = {0};
  51              		.loc 1 10 5 is_stmt 1 view .LVU5
  52              		.loc 1 10 24 is_stmt 0 view .LVU6
  53 0012 0193     		str	r3, [sp, #4]
  54 0014 0293     		str	r3, [sp, #8]
  55 0016 0393     		str	r3, [sp, #12]
  56 0018 0493     		str	r3, [sp, #16]
  57 001a 0593     		str	r3, [sp, #20]
  58 001c 0693     		str	r3, [sp, #24]
  59 001e 0793     		str	r3, [sp, #28]
  11:Core/Src/tim.c **** 
  12:Core/Src/tim.c ****     /* 时钟基本配置 */
  13:Core/Src/tim.c ****     htim12.Instance = TIM12;
  60              		.loc 1 13 5 is_stmt 1 view .LVU7
  61              		.loc 1 13 21 is_stmt 0 view .LVU8
  62 0020 1F48     		ldr	r0, .L13
  63 0022 204A     		ldr	r2, .L13+4
  64 0024 0260     		str	r2, [r0]
  14:Core/Src/tim.c ****     htim12.Init.Prescaler = 0;                     // 不分频
  65              		.loc 1 14 5 is_stmt 1 view .LVU9
  66              		.loc 1 14 27 is_stmt 0 view .LVU10
  67 0026 4360     		str	r3, [r0, #4]
  15:Core/Src/tim.c ****     htim12.Init.CounterMode = TIM_COUNTERMODE_UP;  // 向上计数模式
  68              		.loc 1 15 5 is_stmt 1 view .LVU11
  69              		.loc 1 15 29 is_stmt 0 view .LVU12
  70 0028 8360     		str	r3, [r0, #8]
  16:Core/Src/tim.c ****     htim12.Init.Period = (90000000/2700) - 1;      // 90MHz时钟，2700Hz频率
  71              		.loc 1 16 5 is_stmt 1 view .LVU13
  72              		.loc 1 16 24 is_stmt 0 view .LVU14
  73 002a 48F23422 		movw	r2, #33332
  74 002e C260     		str	r2, [r0, #12]
  17:Core/Src/tim.c ****     htim12.Init.ClockDivision = TIM_CLOCKDIVISION_DIV1;
  75              		.loc 1 17 5 is_stmt 1 view .LVU15
  76              		.loc 1 17 31 is_stmt 0 view .LVU16
  77 0030 0361     		str	r3, [r0, #16]
  18:Core/Src/tim.c ****     htim12.Init.AutoReloadPreload = TIM_AUTORELOAD_PRELOAD_DISABLE;
  78              		.loc 1 18 5 is_stmt 1 view .LVU17
  79              		.loc 1 18 35 is_stmt 0 view .LVU18
  80 0032 8361     		str	r3, [r0, #24]
  19:Core/Src/tim.c ****     if (HAL_TIM_Base_Init(&htim12) != HAL_OK)
  81              		.loc 1 19 5 is_stmt 1 view .LVU19
  82              		.loc 1 19 9 is_stmt 0 view .LVU20
  83 0034 FFF7FEFF 		bl	HAL_TIM_Base_Init
  84              	.LVL0:
  85              		.loc 1 19 8 discriminator 1 view .LVU21
  86 0038 18BB     		cbnz	r0, .L8
  87              	.L2:
  20:Core/Src/tim.c ****     {
  21:Core/Src/tim.c ****         Error_Handler();
  22:Core/Src/tim.c ****     }
  23:Core/Src/tim.c **** 
  24:Core/Src/tim.c ****     /* 配置时钟源 */
  25:Core/Src/tim.c ****     sClockSourceConfig.ClockSource = TIM_CLOCKSOURCE_INTERNAL;
  88              		.loc 1 25 5 is_stmt 1 view .LVU22
  89              		.loc 1 25 36 is_stmt 0 view .LVU23
  90 003a 4FF48053 		mov	r3, #4096
ARM GAS  C:\Users\HZW\AppData\Local\Temp\ccODH6Sp.s 			page 3


  91 003e 0A93     		str	r3, [sp, #40]
  26:Core/Src/tim.c ****     if (HAL_TIM_ConfigClockSource(&htim12, &sClockSourceConfig) != HAL_OK)
  92              		.loc 1 26 5 is_stmt 1 view .LVU24
  93              		.loc 1 26 9 is_stmt 0 view .LVU25
  94 0040 0AA9     		add	r1, sp, #40
  95 0042 1748     		ldr	r0, .L13
  96 0044 FFF7FEFF 		bl	HAL_TIM_ConfigClockSource
  97              	.LVL1:
  98              		.loc 1 26 8 discriminator 1 view .LVU26
  99 0048 F0B9     		cbnz	r0, .L9
 100              	.L3:
  27:Core/Src/tim.c ****     {
  28:Core/Src/tim.c ****         Error_Handler();
  29:Core/Src/tim.c ****     }
  30:Core/Src/tim.c **** 
  31:Core/Src/tim.c ****     /* 配置PWM */
  32:Core/Src/tim.c ****     if (HAL_TIM_PWM_Init(&htim12) != HAL_OK)
 101              		.loc 1 32 5 is_stmt 1 view .LVU27
 102              		.loc 1 32 9 is_stmt 0 view .LVU28
 103 004a 1548     		ldr	r0, .L13
 104 004c FFF7FEFF 		bl	HAL_TIM_PWM_Init
 105              	.LVL2:
 106              		.loc 1 32 8 discriminator 1 view .LVU29
 107 0050 E8B9     		cbnz	r0, .L10
 108              	.L4:
  33:Core/Src/tim.c ****     {
  34:Core/Src/tim.c ****         Error_Handler();
  35:Core/Src/tim.c ****     }
  36:Core/Src/tim.c **** 
  37:Core/Src/tim.c ****     /* 主模式配置 */
  38:Core/Src/tim.c ****     sMasterConfig.MasterOutputTrigger = TIM_TRGO_RESET;
 109              		.loc 1 38 5 is_stmt 1 view .LVU30
 110              		.loc 1 38 39 is_stmt 0 view .LVU31
 111 0052 0023     		movs	r3, #0
 112 0054 0893     		str	r3, [sp, #32]
  39:Core/Src/tim.c ****     sMasterConfig.MasterSlaveMode = TIM_MASTERSLAVEMODE_DISABLE;
 113              		.loc 1 39 5 is_stmt 1 view .LVU32
 114              		.loc 1 39 35 is_stmt 0 view .LVU33
 115 0056 0993     		str	r3, [sp, #36]
  40:Core/Src/tim.c ****     if (HAL_TIMEx_MasterConfigSynchronization(&htim12, &sMasterConfig) != HAL_OK)
 116              		.loc 1 40 5 is_stmt 1 view .LVU34
 117              		.loc 1 40 9 is_stmt 0 view .LVU35
 118 0058 08A9     		add	r1, sp, #32
 119 005a 1148     		ldr	r0, .L13
 120 005c FFF7FEFF 		bl	HAL_TIMEx_MasterConfigSynchronization
 121              	.LVL3:
 122              		.loc 1 40 8 discriminator 1 view .LVU36
 123 0060 C0B9     		cbnz	r0, .L11
 124              	.L5:
  41:Core/Src/tim.c ****     {
  42:Core/Src/tim.c ****         Error_Handler();
  43:Core/Src/tim.c ****     }
  44:Core/Src/tim.c **** 
  45:Core/Src/tim.c ****     /* PWM通道配置 */
  46:Core/Src/tim.c ****     sConfigOC.OCMode = TIM_OCMODE_PWM1;
 125              		.loc 1 46 5 is_stmt 1 view .LVU37
 126              		.loc 1 46 22 is_stmt 0 view .LVU38
ARM GAS  C:\Users\HZW\AppData\Local\Temp\ccODH6Sp.s 			page 4


 127 0062 6023     		movs	r3, #96
 128 0064 0193     		str	r3, [sp, #4]
  47:Core/Src/tim.c ****     sConfigOC.Pulse = htim12.Init.Period / 2;  // 50%占空比
 129              		.loc 1 47 5 is_stmt 1 view .LVU39
 130              		.loc 1 47 34 is_stmt 0 view .LVU40
 131 0066 0E48     		ldr	r0, .L13
 132 0068 C368     		ldr	r3, [r0, #12]
 133              		.loc 1 47 42 view .LVU41
 134 006a 5B08     		lsrs	r3, r3, #1
 135              		.loc 1 47 21 view .LVU42
 136 006c 0293     		str	r3, [sp, #8]
  48:Core/Src/tim.c ****     sConfigOC.OCPolarity = TIM_OCPOLARITY_HIGH;
 137              		.loc 1 48 5 is_stmt 1 view .LVU43
 138              		.loc 1 48 26 is_stmt 0 view .LVU44
 139 006e 0022     		movs	r2, #0
 140 0070 0392     		str	r2, [sp, #12]
  49:Core/Src/tim.c ****     sConfigOC.OCFastMode = TIM_OCFAST_DISABLE;
 141              		.loc 1 49 5 is_stmt 1 view .LVU45
 142              		.loc 1 49 26 is_stmt 0 view .LVU46
 143 0072 0592     		str	r2, [sp, #20]
  50:Core/Src/tim.c ****     if (HAL_TIM_PWM_ConfigChannel(&htim12, &sConfigOC, TIM_CHANNEL_1) != HAL_OK)
 144              		.loc 1 50 5 is_stmt 1 view .LVU47
 145              		.loc 1 50 9 is_stmt 0 view .LVU48
 146 0074 01A9     		add	r1, sp, #4
 147 0076 FFF7FEFF 		bl	HAL_TIM_PWM_ConfigChannel
 148              	.LVL4:
 149              		.loc 1 50 8 discriminator 1 view .LVU49
 150 007a 70B9     		cbnz	r0, .L12
 151              	.L1:
  51:Core/Src/tim.c ****     {
  52:Core/Src/tim.c ****         Error_Handler();
  53:Core/Src/tim.c ****     }
  54:Core/Src/tim.c **** }
 152              		.loc 1 54 1 view .LVU50
 153 007c 0FB0     		add	sp, sp, #60
 154              	.LCFI2:
 155              		.cfi_remember_state
 156              		.cfi_def_cfa_offset 4
 157              		@ sp needed
 158 007e 5DF804FB 		ldr	pc, [sp], #4
 159              	.L8:
 160              	.LCFI3:
 161              		.cfi_restore_state
  21:Core/Src/tim.c ****     }
 162              		.loc 1 21 9 is_stmt 1 view .LVU51
 163 0082 FFF7FEFF 		bl	Error_Handler
 164              	.LVL5:
 165 0086 D8E7     		b	.L2
 166              	.L9:
  28:Core/Src/tim.c ****     }
 167              		.loc 1 28 9 view .LVU52
 168 0088 FFF7FEFF 		bl	Error_Handler
 169              	.LVL6:
 170 008c DDE7     		b	.L3
 171              	.L10:
  34:Core/Src/tim.c ****     }
 172              		.loc 1 34 9 view .LVU53
ARM GAS  C:\Users\HZW\AppData\Local\Temp\ccODH6Sp.s 			page 5


 173 008e FFF7FEFF 		bl	Error_Handler
 174              	.LVL7:
 175 0092 DEE7     		b	.L4
 176              	.L11:
  42:Core/Src/tim.c ****     }
 177              		.loc 1 42 9 view .LVU54
 178 0094 FFF7FEFF 		bl	Error_Handler
 179              	.LVL8:
 180 0098 E3E7     		b	.L5
 181              	.L12:
  52:Core/Src/tim.c ****     }
 182              		.loc 1 52 9 view .LVU55
 183 009a FFF7FEFF 		bl	Error_Handler
 184              	.LVL9:
 185              		.loc 1 54 1 is_stmt 0 view .LVU56
 186 009e EDE7     		b	.L1
 187              	.L14:
 188              		.align	2
 189              	.L13:
 190 00a0 00000000 		.word	htim12
 191 00a4 00180040 		.word	1073747968
 192              		.cfi_endproc
 193              	.LFE137:
 195              		.section	.text.HAL_TIM_Base_MspInit,"ax",%progbits
 196              		.align	1
 197              		.global	HAL_TIM_Base_MspInit
 198              		.syntax unified
 199              		.thumb
 200              		.thumb_func
 202              	HAL_TIM_Base_MspInit:
 203              	.LVL10:
 204              	.LFB138:
  55:Core/Src/tim.c **** 
  56:Core/Src/tim.c **** /* TIM12 MSP初始化 */
  57:Core/Src/tim.c **** void HAL_TIM_Base_MspInit(TIM_HandleTypeDef* tim_baseHandle)
  58:Core/Src/tim.c **** {
 205              		.loc 1 58 1 is_stmt 1 view -0
 206              		.cfi_startproc
 207              		@ args = 0, pretend = 0, frame = 32
 208              		@ frame_needed = 0, uses_anonymous_args = 0
 209              		.loc 1 58 1 is_stmt 0 view .LVU58
 210 0000 00B5     		push	{lr}
 211              	.LCFI4:
 212              		.cfi_def_cfa_offset 4
 213              		.cfi_offset 14, -4
 214 0002 89B0     		sub	sp, sp, #36
 215              	.LCFI5:
 216              		.cfi_def_cfa_offset 40
  59:Core/Src/tim.c ****     GPIO_InitTypeDef GPIO_InitStruct = {0};
 217              		.loc 1 59 5 is_stmt 1 view .LVU59
 218              		.loc 1 59 22 is_stmt 0 view .LVU60
 219 0004 0023     		movs	r3, #0
 220 0006 0393     		str	r3, [sp, #12]
 221 0008 0493     		str	r3, [sp, #16]
 222 000a 0593     		str	r3, [sp, #20]
 223 000c 0693     		str	r3, [sp, #24]
 224 000e 0793     		str	r3, [sp, #28]
ARM GAS  C:\Users\HZW\AppData\Local\Temp\ccODH6Sp.s 			page 6


  60:Core/Src/tim.c ****     if(tim_baseHandle->Instance==TIM12)
 225              		.loc 1 60 5 is_stmt 1 view .LVU61
 226              		.loc 1 60 22 is_stmt 0 view .LVU62
 227 0010 0268     		ldr	r2, [r0]
 228              		.loc 1 60 7 view .LVU63
 229 0012 144B     		ldr	r3, .L19
 230 0014 9A42     		cmp	r2, r3
 231 0016 02D0     		beq	.L18
 232              	.LVL11:
 233              	.L15:
  61:Core/Src/tim.c ****     {
  62:Core/Src/tim.c ****         /* TIM12时钟使能 */
  63:Core/Src/tim.c ****         __HAL_RCC_TIM12_CLK_ENABLE();
  64:Core/Src/tim.c ****         
  65:Core/Src/tim.c ****         /* TIM12 GPIO配置 */
  66:Core/Src/tim.c ****         __HAL_RCC_GPIOH_CLK_ENABLE();
  67:Core/Src/tim.c ****         
  68:Core/Src/tim.c ****         GPIO_InitStruct.Pin = GPIO_PIN_6;
  69:Core/Src/tim.c ****         GPIO_InitStruct.Mode = GPIO_MODE_AF_PP;
  70:Core/Src/tim.c ****         GPIO_InitStruct.Pull = GPIO_NOPULL;
  71:Core/Src/tim.c ****         GPIO_InitStruct.Speed = GPIO_SPEED_FREQ_HIGH;
  72:Core/Src/tim.c ****         GPIO_InitStruct.Alternate = GPIO_AF9_TIM12;
  73:Core/Src/tim.c ****         HAL_GPIO_Init(GPIOH, &GPIO_InitStruct);
  74:Core/Src/tim.c ****     }
  75:Core/Src/tim.c **** }
 234              		.loc 1 75 1 view .LVU64
 235 0018 09B0     		add	sp, sp, #36
 236              	.LCFI6:
 237              		.cfi_remember_state
 238              		.cfi_def_cfa_offset 4
 239              		@ sp needed
 240 001a 5DF804FB 		ldr	pc, [sp], #4
 241              	.LVL12:
 242              	.L18:
 243              	.LCFI7:
 244              		.cfi_restore_state
  63:Core/Src/tim.c ****         
 245              		.loc 1 63 9 is_stmt 1 view .LVU65
 246              	.LBB2:
  63:Core/Src/tim.c ****         
 247              		.loc 1 63 9 view .LVU66
 248 001e 0021     		movs	r1, #0
 249 0020 0191     		str	r1, [sp, #4]
  63:Core/Src/tim.c ****         
 250              		.loc 1 63 9 view .LVU67
 251 0022 03F50833 		add	r3, r3, #139264
 252 0026 1A6C     		ldr	r2, [r3, #64]
 253 0028 42F04002 		orr	r2, r2, #64
 254 002c 1A64     		str	r2, [r3, #64]
  63:Core/Src/tim.c ****         
 255              		.loc 1 63 9 view .LVU68
 256 002e 1A6C     		ldr	r2, [r3, #64]
 257 0030 02F04002 		and	r2, r2, #64
 258 0034 0192     		str	r2, [sp, #4]
  63:Core/Src/tim.c ****         
 259              		.loc 1 63 9 view .LVU69
 260 0036 019A     		ldr	r2, [sp, #4]
ARM GAS  C:\Users\HZW\AppData\Local\Temp\ccODH6Sp.s 			page 7


 261              	.LBE2:
  63:Core/Src/tim.c ****         
 262              		.loc 1 63 9 view .LVU70
  66:Core/Src/tim.c ****         
 263              		.loc 1 66 9 view .LVU71
 264              	.LBB3:
  66:Core/Src/tim.c ****         
 265              		.loc 1 66 9 view .LVU72
 266 0038 0291     		str	r1, [sp, #8]
  66:Core/Src/tim.c ****         
 267              		.loc 1 66 9 view .LVU73
 268 003a 1A6B     		ldr	r2, [r3, #48]
 269 003c 42F08002 		orr	r2, r2, #128
 270 0040 1A63     		str	r2, [r3, #48]
  66:Core/Src/tim.c ****         
 271              		.loc 1 66 9 view .LVU74
 272 0042 1B6B     		ldr	r3, [r3, #48]
 273 0044 03F08003 		and	r3, r3, #128
 274 0048 0293     		str	r3, [sp, #8]
  66:Core/Src/tim.c ****         
 275              		.loc 1 66 9 view .LVU75
 276 004a 029B     		ldr	r3, [sp, #8]
 277              	.LBE3:
  66:Core/Src/tim.c ****         
 278              		.loc 1 66 9 view .LVU76
  68:Core/Src/tim.c ****         GPIO_InitStruct.Mode = GPIO_MODE_AF_PP;
 279              		.loc 1 68 9 view .LVU77
  68:Core/Src/tim.c ****         GPIO_InitStruct.Mode = GPIO_MODE_AF_PP;
 280              		.loc 1 68 29 is_stmt 0 view .LVU78
 281 004c 4023     		movs	r3, #64
 282 004e 0393     		str	r3, [sp, #12]
  69:Core/Src/tim.c ****         GPIO_InitStruct.Pull = GPIO_NOPULL;
 283              		.loc 1 69 9 is_stmt 1 view .LVU79
  69:Core/Src/tim.c ****         GPIO_InitStruct.Pull = GPIO_NOPULL;
 284              		.loc 1 69 30 is_stmt 0 view .LVU80
 285 0050 0223     		movs	r3, #2
 286 0052 0493     		str	r3, [sp, #16]
  70:Core/Src/tim.c ****         GPIO_InitStruct.Speed = GPIO_SPEED_FREQ_HIGH;
 287              		.loc 1 70 9 is_stmt 1 view .LVU81
  71:Core/Src/tim.c ****         GPIO_InitStruct.Alternate = GPIO_AF9_TIM12;
 288              		.loc 1 71 9 view .LVU82
  71:Core/Src/tim.c ****         GPIO_InitStruct.Alternate = GPIO_AF9_TIM12;
 289              		.loc 1 71 31 is_stmt 0 view .LVU83
 290 0054 0693     		str	r3, [sp, #24]
  72:Core/Src/tim.c ****         HAL_GPIO_Init(GPIOH, &GPIO_InitStruct);
 291              		.loc 1 72 9 is_stmt 1 view .LVU84
  72:Core/Src/tim.c ****         HAL_GPIO_Init(GPIOH, &GPIO_InitStruct);
 292              		.loc 1 72 35 is_stmt 0 view .LVU85
 293 0056 0923     		movs	r3, #9
 294 0058 0793     		str	r3, [sp, #28]
  73:Core/Src/tim.c ****     }
 295              		.loc 1 73 9 is_stmt 1 view .LVU86
 296 005a 03A9     		add	r1, sp, #12
 297 005c 0248     		ldr	r0, .L19+4
 298              	.LVL13:
  73:Core/Src/tim.c ****     }
 299              		.loc 1 73 9 is_stmt 0 view .LVU87
ARM GAS  C:\Users\HZW\AppData\Local\Temp\ccODH6Sp.s 			page 8


 300 005e FFF7FEFF 		bl	HAL_GPIO_Init
 301              	.LVL14:
 302              		.loc 1 75 1 view .LVU88
 303 0062 D9E7     		b	.L15
 304              	.L20:
 305              		.align	2
 306              	.L19:
 307 0064 00180040 		.word	1073747968
 308 0068 001C0240 		.word	1073880064
 309              		.cfi_endproc
 310              	.LFE138:
 312              		.section	.text.HAL_TIM_Base_MspDeInit,"ax",%progbits
 313              		.align	1
 314              		.global	HAL_TIM_Base_MspDeInit
 315              		.syntax unified
 316              		.thumb
 317              		.thumb_func
 319              	HAL_TIM_Base_MspDeInit:
 320              	.LVL15:
 321              	.LFB139:
  76:Core/Src/tim.c **** 
  77:Core/Src/tim.c **** /* TIM12 MSP反初始化 */
  78:Core/Src/tim.c **** void HAL_TIM_Base_MspDeInit(TIM_HandleTypeDef* tim_baseHandle)
  79:Core/Src/tim.c **** {
 322              		.loc 1 79 1 is_stmt 1 view -0
 323              		.cfi_startproc
 324              		@ args = 0, pretend = 0, frame = 0
 325              		@ frame_needed = 0, uses_anonymous_args = 0
 326              		.loc 1 79 1 is_stmt 0 view .LVU90
 327 0000 08B5     		push	{r3, lr}
 328              	.LCFI8:
 329              		.cfi_def_cfa_offset 8
 330              		.cfi_offset 3, -8
 331              		.cfi_offset 14, -4
  80:Core/Src/tim.c ****     if(tim_baseHandle->Instance==TIM12)
 332              		.loc 1 80 5 is_stmt 1 view .LVU91
 333              		.loc 1 80 22 is_stmt 0 view .LVU92
 334 0002 0268     		ldr	r2, [r0]
 335              		.loc 1 80 7 view .LVU93
 336 0004 064B     		ldr	r3, .L25
 337 0006 9A42     		cmp	r2, r3
 338 0008 00D0     		beq	.L24
 339              	.LVL16:
 340              	.L21:
  81:Core/Src/tim.c ****     {
  82:Core/Src/tim.c ****         /* 禁用TIM12时钟 */
  83:Core/Src/tim.c ****         __HAL_RCC_TIM12_CLK_DISABLE();
  84:Core/Src/tim.c ****         
  85:Core/Src/tim.c ****         /* 取消GPIO配置 */
  86:Core/Src/tim.c ****         HAL_GPIO_DeInit(GPIOH, GPIO_PIN_6);
  87:Core/Src/tim.c ****     }
  88:Core/Src/tim.c **** }
 341              		.loc 1 88 1 view .LVU94
 342 000a 08BD     		pop	{r3, pc}
 343              	.LVL17:
 344              	.L24:
  83:Core/Src/tim.c ****         
ARM GAS  C:\Users\HZW\AppData\Local\Temp\ccODH6Sp.s 			page 9


 345              		.loc 1 83 9 is_stmt 1 view .LVU95
 346 000c 054A     		ldr	r2, .L25+4
 347 000e 136C     		ldr	r3, [r2, #64]
 348 0010 23F04003 		bic	r3, r3, #64
 349 0014 1364     		str	r3, [r2, #64]
  86:Core/Src/tim.c ****     }
 350              		.loc 1 86 9 view .LVU96
 351 0016 4021     		movs	r1, #64
 352 0018 0348     		ldr	r0, .L25+8
 353              	.LVL18:
  86:Core/Src/tim.c ****     }
 354              		.loc 1 86 9 is_stmt 0 view .LVU97
 355 001a FFF7FEFF 		bl	HAL_GPIO_DeInit
 356              	.LVL19:
 357              		.loc 1 88 1 view .LVU98
 358 001e F4E7     		b	.L21
 359              	.L26:
 360              		.align	2
 361              	.L25:
 362 0020 00180040 		.word	1073747968
 363 0024 00380240 		.word	1073887232
 364 0028 001C0240 		.word	1073880064
 365              		.cfi_endproc
 366              	.LFE139:
 368              		.section	.text.PWM_Start,"ax",%progbits
 369              		.align	1
 370              		.global	PWM_Start
 371              		.syntax unified
 372              		.thumb
 373              		.thumb_func
 375              	PWM_Start:
 376              	.LFB140:
  89:Core/Src/tim.c **** 
  90:Core/Src/tim.c **** /* 启动PWM输出 */
  91:Core/Src/tim.c **** void PWM_Start(void)
  92:Core/Src/tim.c **** {
 377              		.loc 1 92 1 is_stmt 1 view -0
 378              		.cfi_startproc
 379              		@ args = 0, pretend = 0, frame = 0
 380              		@ frame_needed = 0, uses_anonymous_args = 0
 381              		@ link register save eliminated.
  93:Core/Src/tim.c ****     
  94:Core/Src/tim.c **** }
 382              		.loc 1 94 1 view .LVU100
 383 0000 7047     		bx	lr
 384              		.cfi_endproc
 385              	.LFE140:
 387              		.section	.text.Buzzer_Set_Volume,"ax",%progbits
 388              		.align	1
 389              		.global	Buzzer_Set_Volume
 390              		.syntax unified
 391              		.thumb
 392              		.thumb_func
 394              	Buzzer_Set_Volume:
 395              	.LVL20:
 396              	.LFB141:
  95:Core/Src/tim.c **** 
ARM GAS  C:\Users\HZW\AppData\Local\Temp\ccODH6Sp.s 			page 10


  96:Core/Src/tim.c **** /* 设置蜂鸣器PWM占空比 */
  97:Core/Src/tim.c **** void Buzzer_Set_Volume(uint8_t volume)
  98:Core/Src/tim.c **** {
 397              		.loc 1 98 1 view -0
 398              		.cfi_startproc
 399              		@ args = 0, pretend = 0, frame = 0
 400              		@ frame_needed = 0, uses_anonymous_args = 0
 401              		@ link register save eliminated.
  99:Core/Src/tim.c ****     uint32_t pulse;
 402              		.loc 1 99 5 view .LVU102
 100:Core/Src/tim.c ****     if(volume > 100) volume = 100;
 403              		.loc 1 100 5 view .LVU103
 404              		.loc 1 100 7 is_stmt 0 view .LVU104
 405 0000 6428     		cmp	r0, #100
 406 0002 00D9     		bls	.L29
 407              		.loc 1 100 29 discriminator 1 view .LVU105
 408 0004 6420     		movs	r0, #100
 409              	.LVL21:
 410              	.L29:
 101:Core/Src/tim.c ****     
 102:Core/Src/tim.c ****     /* 计算PWM占空比值 */
 103:Core/Src/tim.c ****     pulse = (htim12.Init.Period + 1) * volume / 100;
 411              		.loc 1 103 5 is_stmt 1 view .LVU106
 412              		.loc 1 103 25 is_stmt 0 view .LVU107
 413 0006 054B     		ldr	r3, .L31
 414 0008 DA68     		ldr	r2, [r3, #12]
 415              		.loc 1 103 38 view .LVU108
 416 000a 02FB0000 		mla	r0, r2, r0, r0
 417              	.LVL22:
 418              		.loc 1 103 11 view .LVU109
 419 000e 044A     		ldr	r2, .L31+4
 420 0010 A2FB0020 		umull	r2, r0, r2, r0
 421 0014 4009     		lsrs	r0, r0, #5
 422              	.LVL23:
 104:Core/Src/tim.c ****     
 105:Core/Src/tim.c ****     /* 更新PWM占空比 */
 106:Core/Src/tim.c ****     __HAL_TIM_SET_COMPARE(&htim12, TIM_CHANNEL_1, pulse);
 423              		.loc 1 106 5 is_stmt 1 view .LVU110
 424 0016 1B68     		ldr	r3, [r3]
 425 0018 5863     		str	r0, [r3, #52]
 107:Core/Src/tim.c **** }
 426              		.loc 1 107 1 is_stmt 0 view .LVU111
 427 001a 7047     		bx	lr
 428              	.L32:
 429              		.align	2
 430              	.L31:
 431 001c 00000000 		.word	htim12
 432 0020 1F85EB51 		.word	1374389535
 433              		.cfi_endproc
 434              	.LFE141:
 436              		.section	.text.Buzzer_On,"ax",%progbits
 437              		.align	1
 438              		.global	Buzzer_On
 439              		.syntax unified
 440              		.thumb
 441              		.thumb_func
 443              	Buzzer_On:
ARM GAS  C:\Users\HZW\AppData\Local\Temp\ccODH6Sp.s 			page 11


 444              	.LFB142:
 108:Core/Src/tim.c **** 
 109:Core/Src/tim.c **** /* 蜂鸣器开启 */
 110:Core/Src/tim.c **** void Buzzer_On(void)
 111:Core/Src/tim.c **** {
 445              		.loc 1 111 1 is_stmt 1 view -0
 446              		.cfi_startproc
 447              		@ args = 0, pretend = 0, frame = 0
 448              		@ frame_needed = 0, uses_anonymous_args = 0
 449 0000 08B5     		push	{r3, lr}
 450              	.LCFI9:
 451              		.cfi_def_cfa_offset 8
 452              		.cfi_offset 3, -8
 453              		.cfi_offset 14, -4
 112:Core/Src/tim.c ****     Buzzer_Set_Volume(50);  // 50%占空比
 454              		.loc 1 112 5 view .LVU113
 455 0002 3220     		movs	r0, #50
 456 0004 FFF7FEFF 		bl	Buzzer_Set_Volume
 457              	.LVL24:
 113:Core/Src/tim.c ****     HAL_TIM_PWM_Start(&htim12, TIM_CHANNEL_1);
 458              		.loc 1 113 5 view .LVU114
 459 0008 0021     		movs	r1, #0
 460 000a 0248     		ldr	r0, .L35
 461 000c FFF7FEFF 		bl	HAL_TIM_PWM_Start
 462              	.LVL25:
 114:Core/Src/tim.c **** }
 463              		.loc 1 114 1 is_stmt 0 view .LVU115
 464 0010 08BD     		pop	{r3, pc}
 465              	.L36:
 466 0012 00BF     		.align	2
 467              	.L35:
 468 0014 00000000 		.word	htim12
 469              		.cfi_endproc
 470              	.LFE142:
 472              		.section	.text.Buzzer_Off,"ax",%progbits
 473              		.align	1
 474              		.global	Buzzer_Off
 475              		.syntax unified
 476              		.thumb
 477              		.thumb_func
 479              	Buzzer_Off:
 480              	.LFB143:
 115:Core/Src/tim.c **** 
 116:Core/Src/tim.c **** /* 蜂鸣器关闭 */
 117:Core/Src/tim.c **** void Buzzer_Off(void)
 118:Core/Src/tim.c **** {
 481              		.loc 1 118 1 is_stmt 1 view -0
 482              		.cfi_startproc
 483              		@ args = 0, pretend = 0, frame = 0
 484              		@ frame_needed = 0, uses_anonymous_args = 0
 485 0000 08B5     		push	{r3, lr}
 486              	.LCFI10:
 487              		.cfi_def_cfa_offset 8
 488              		.cfi_offset 3, -8
 489              		.cfi_offset 14, -4
 119:Core/Src/tim.c ****     HAL_TIM_PWM_Stop(&htim12, TIM_CHANNEL_1);
 490              		.loc 1 119 5 view .LVU117
ARM GAS  C:\Users\HZW\AppData\Local\Temp\ccODH6Sp.s 			page 12


 491 0002 0021     		movs	r1, #0
 492 0004 0148     		ldr	r0, .L39
 493 0006 FFF7FEFF 		bl	HAL_TIM_PWM_Stop
 494              	.LVL26:
 120:Core/Src/tim.c **** } ...
 495              		.loc 1 120 1 is_stmt 0 view .LVU118
 496 000a 08BD     		pop	{r3, pc}
 497              	.L40:
 498              		.align	2
 499              	.L39:
 500 000c 00000000 		.word	htim12
 501              		.cfi_endproc
 502              	.LFE143:
 504              		.global	htim12
 505              		.section	.bss.htim12,"aw",%nobits
 506              		.align	2
 509              	htim12:
 510 0000 00000000 		.space	72
 510      00000000 
 510      00000000 
 510      00000000 
 510      00000000 
 511              		.text
 512              	.Letext0:
 513              		.file 2 "c:/Users/HZW/.eide/tools/13.2 Rel1/arm-none-eabi/include/machine/_default_types.h"
 514              		.file 3 "c:/Users/HZW/.eide/tools/13.2 Rel1/arm-none-eabi/include/sys/_stdint.h"
 515              		.file 4 "Drivers/CMSIS/Device/ST/STM32F4xx/Include/stm32f427xx.h"
 516              		.file 5 "Drivers/STM32F4xx_HAL_Driver/Inc/stm32f4xx_hal_def.h"
 517              		.file 6 "Drivers/STM32F4xx_HAL_Driver/Inc/stm32f4xx_hal_gpio.h"
 518              		.file 7 "Drivers/STM32F4xx_HAL_Driver/Inc/stm32f4xx_hal_dma.h"
 519              		.file 8 "Drivers/STM32F4xx_HAL_Driver/Inc/stm32f4xx_hal_tim.h"
 520              		.file 9 "Drivers/STM32F4xx_HAL_Driver/Inc/stm32f4xx_hal_tim_ex.h"
 521              		.file 10 "Core/Inc/tim.h"
 522              		.file 11 "Core/Inc/main.h"
ARM GAS  C:\Users\HZW\AppData\Local\Temp\ccODH6Sp.s 			page 13


DEFINED SYMBOLS
                            *ABS*:00000000 tim.c
C:\Users\HZW\AppData\Local\Temp\ccODH6Sp.s:21     .text.MX_TIM12_Init:00000000 $t
C:\Users\HZW\AppData\Local\Temp\ccODH6Sp.s:27     .text.MX_TIM12_Init:00000000 MX_TIM12_Init
C:\Users\HZW\AppData\Local\Temp\ccODH6Sp.s:190    .text.MX_TIM12_Init:000000a0 $d
C:\Users\HZW\AppData\Local\Temp\ccODH6Sp.s:509    .bss.htim12:00000000 htim12
C:\Users\HZW\AppData\Local\Temp\ccODH6Sp.s:196    .text.HAL_TIM_Base_MspInit:00000000 $t
C:\Users\HZW\AppData\Local\Temp\ccODH6Sp.s:202    .text.HAL_TIM_Base_MspInit:00000000 HAL_TIM_Base_MspInit
C:\Users\HZW\AppData\Local\Temp\ccODH6Sp.s:307    .text.HAL_TIM_Base_MspInit:00000064 $d
C:\Users\HZW\AppData\Local\Temp\ccODH6Sp.s:313    .text.HAL_TIM_Base_MspDeInit:00000000 $t
C:\Users\HZW\AppData\Local\Temp\ccODH6Sp.s:319    .text.HAL_TIM_Base_MspDeInit:00000000 HAL_TIM_Base_MspDeInit
C:\Users\HZW\AppData\Local\Temp\ccODH6Sp.s:362    .text.HAL_TIM_Base_MspDeInit:00000020 $d
C:\Users\HZW\AppData\Local\Temp\ccODH6Sp.s:369    .text.PWM_Start:00000000 $t
C:\Users\HZW\AppData\Local\Temp\ccODH6Sp.s:375    .text.PWM_Start:00000000 PWM_Start
C:\Users\HZW\AppData\Local\Temp\ccODH6Sp.s:388    .text.Buzzer_Set_Volume:00000000 $t
C:\Users\HZW\AppData\Local\Temp\ccODH6Sp.s:394    .text.Buzzer_Set_Volume:00000000 Buzzer_Set_Volume
C:\Users\HZW\AppData\Local\Temp\ccODH6Sp.s:431    .text.Buzzer_Set_Volume:0000001c $d
C:\Users\HZW\AppData\Local\Temp\ccODH6Sp.s:437    .text.Buzzer_On:00000000 $t
C:\Users\HZW\AppData\Local\Temp\ccODH6Sp.s:443    .text.Buzzer_On:00000000 Buzzer_On
C:\Users\HZW\AppData\Local\Temp\ccODH6Sp.s:468    .text.Buzzer_On:00000014 $d
C:\Users\HZW\AppData\Local\Temp\ccODH6Sp.s:473    .text.Buzzer_Off:00000000 $t
C:\Users\HZW\AppData\Local\Temp\ccODH6Sp.s:479    .text.Buzzer_Off:00000000 Buzzer_Off
C:\Users\HZW\AppData\Local\Temp\ccODH6Sp.s:500    .text.Buzzer_Off:0000000c $d
C:\Users\HZW\AppData\Local\Temp\ccODH6Sp.s:506    .bss.htim12:00000000 $d

UNDEFINED SYMBOLS
HAL_TIM_Base_Init
HAL_TIM_ConfigClockSource
HAL_TIM_PWM_Init
HAL_TIMEx_MasterConfigSynchronization
HAL_TIM_PWM_ConfigChannel
Error_Handler
HAL_GPIO_Init
HAL_GPIO_DeInit
HAL_TIM_PWM_Start
HAL_TIM_PWM_Stop
